Archive member included to satisfy reference by file (symbol)

/opt/st/stm32cubeclt_1.17.0/GNU-tools-for-STM32/bin/../lib/gcc/arm-none-eabi/12.3.1/../../../../arm-none-eabi/lib/thumb/v7e-m+fp/hard/libc_nano.a(libc_a-exit.o)
                              /opt/st/stm32cubeclt_1.17.0/GNU-tools-for-STM32/bin/../lib/gcc/arm-none-eabi/12.3.1/../../../../arm-none-eabi/lib/thumb/v7e-m+fp/hard/crt0.o (exit)
/opt/st/stm32cubeclt_1.17.0/GNU-tools-for-STM32/bin/../lib/gcc/arm-none-eabi/12.3.1/../../../../arm-none-eabi/lib/thumb/v7e-m+fp/hard/libc_nano.a(libc_a-findfp.o)
                              /opt/st/stm32cubeclt_1.17.0/GNU-tools-for-STM32/bin/../lib/gcc/arm-none-eabi/12.3.1/../../../../arm-none-eabi/lib/thumb/v7e-m+fp/hard/libc_nano.a(libc_a-exit.o) (__stdio_exit_handler)
/opt/st/stm32cubeclt_1.17.0/GNU-tools-for-STM32/bin/../lib/gcc/arm-none-eabi/12.3.1/../../../../arm-none-eabi/lib/thumb/v7e-m+fp/hard/libc_nano.a(libc_a-fwalk.o)
                              /opt/st/stm32cubeclt_1.17.0/GNU-tools-for-STM32/bin/../lib/gcc/arm-none-eabi/12.3.1/../../../../arm-none-eabi/lib/thumb/v7e-m+fp/hard/libc_nano.a(libc_a-findfp.o) (_fwalk_sglue)
/opt/st/stm32cubeclt_1.17.0/GNU-tools-for-STM32/bin/../lib/gcc/arm-none-eabi/12.3.1/../../../../arm-none-eabi/lib/thumb/v7e-m+fp/hard/libc_nano.a(libc_a-stdio.o)
                              /opt/st/stm32cubeclt_1.17.0/GNU-tools-for-STM32/bin/../lib/gcc/arm-none-eabi/12.3.1/../../../../arm-none-eabi/lib/thumb/v7e-m+fp/hard/libc_nano.a(libc_a-findfp.o) (__sread)
/opt/st/stm32cubeclt_1.17.0/GNU-tools-for-STM32/bin/../lib/gcc/arm-none-eabi/12.3.1/../../../../arm-none-eabi/lib/thumb/v7e-m+fp/hard/libc_nano.a(libc_a-memset.o)
                              /opt/st/stm32cubeclt_1.17.0/GNU-tools-for-STM32/bin/../lib/gcc/arm-none-eabi/12.3.1/../../../../arm-none-eabi/lib/thumb/v7e-m+fp/hard/crt0.o (memset)
/opt/st/stm32cubeclt_1.17.0/GNU-tools-for-STM32/bin/../lib/gcc/arm-none-eabi/12.3.1/../../../../arm-none-eabi/lib/thumb/v7e-m+fp/hard/libc_nano.a(libc_a-closer.o)
                              /opt/st/stm32cubeclt_1.17.0/GNU-tools-for-STM32/bin/../lib/gcc/arm-none-eabi/12.3.1/../../../../arm-none-eabi/lib/thumb/v7e-m+fp/hard/libc_nano.a(libc_a-stdio.o) (_close_r)
/opt/st/stm32cubeclt_1.17.0/GNU-tools-for-STM32/bin/../lib/gcc/arm-none-eabi/12.3.1/../../../../arm-none-eabi/lib/thumb/v7e-m+fp/hard/libc_nano.a(libc_a-reent.o)
                              /opt/st/stm32cubeclt_1.17.0/GNU-tools-for-STM32/bin/../lib/gcc/arm-none-eabi/12.3.1/../../../../arm-none-eabi/lib/thumb/v7e-m+fp/hard/libc_nano.a(libc_a-closer.o) (errno)
/opt/st/stm32cubeclt_1.17.0/GNU-tools-for-STM32/bin/../lib/gcc/arm-none-eabi/12.3.1/../../../../arm-none-eabi/lib/thumb/v7e-m+fp/hard/libc_nano.a(libc_a-impure.o)
                              /opt/st/stm32cubeclt_1.17.0/GNU-tools-for-STM32/bin/../lib/gcc/arm-none-eabi/12.3.1/../../../../arm-none-eabi/lib/thumb/v7e-m+fp/hard/libc_nano.a(libc_a-reent.o) (_impure_ptr)
/opt/st/stm32cubeclt_1.17.0/GNU-tools-for-STM32/bin/../lib/gcc/arm-none-eabi/12.3.1/../../../../arm-none-eabi/lib/thumb/v7e-m+fp/hard/libc_nano.a(libc_a-lseekr.o)
                              /opt/st/stm32cubeclt_1.17.0/GNU-tools-for-STM32/bin/../lib/gcc/arm-none-eabi/12.3.1/../../../../arm-none-eabi/lib/thumb/v7e-m+fp/hard/libc_nano.a(libc_a-stdio.o) (_lseek_r)
/opt/st/stm32cubeclt_1.17.0/GNU-tools-for-STM32/bin/../lib/gcc/arm-none-eabi/12.3.1/../../../../arm-none-eabi/lib/thumb/v7e-m+fp/hard/libc_nano.a(libc_a-readr.o)
                              /opt/st/stm32cubeclt_1.17.0/GNU-tools-for-STM32/bin/../lib/gcc/arm-none-eabi/12.3.1/../../../../arm-none-eabi/lib/thumb/v7e-m+fp/hard/libc_nano.a(libc_a-stdio.o) (_read_r)
/opt/st/stm32cubeclt_1.17.0/GNU-tools-for-STM32/bin/../lib/gcc/arm-none-eabi/12.3.1/../../../../arm-none-eabi/lib/thumb/v7e-m+fp/hard/libc_nano.a(libc_a-writer.o)
                              /opt/st/stm32cubeclt_1.17.0/GNU-tools-for-STM32/bin/../lib/gcc/arm-none-eabi/12.3.1/../../../../arm-none-eabi/lib/thumb/v7e-m+fp/hard/libc_nano.a(libc_a-stdio.o) (_write_r)
/opt/st/stm32cubeclt_1.17.0/GNU-tools-for-STM32/bin/../lib/gcc/arm-none-eabi/12.3.1/../../../../arm-none-eabi/lib/thumb/v7e-m+fp/hard/libc_nano.a(libc_a-init.o)
                              /opt/st/stm32cubeclt_1.17.0/GNU-tools-for-STM32/bin/../lib/gcc/arm-none-eabi/12.3.1/../../../../arm-none-eabi/lib/thumb/v7e-m+fp/hard/crt0.o (__libc_init_array)
/opt/st/stm32cubeclt_1.17.0/GNU-tools-for-STM32/bin/../lib/gcc/arm-none-eabi/12.3.1/../../../../arm-none-eabi/lib/thumb/v7e-m+fp/hard/libc_nano.a(libc_a-lock.o)
                              /opt/st/stm32cubeclt_1.17.0/GNU-tools-for-STM32/bin/../lib/gcc/arm-none-eabi/12.3.1/../../../../arm-none-eabi/lib/thumb/v7e-m+fp/hard/libc_nano.a(libc_a-findfp.o) (__retarget_lock_init_recursive)
/opt/st/stm32cubeclt_1.17.0/GNU-tools-for-STM32/bin/../lib/gcc/arm-none-eabi/12.3.1/../../../../arm-none-eabi/lib/thumb/v7e-m+fp/hard/libc_nano.a(libc_a-freer.o)
[...]
Memory Configuration

Name             Origin             Length             Attributes
RAM              0x20000000         0x00018000         xrw
FLASH            0x08000000         0x00080000         xr
*default*        0x00000000         0xffffffff

Linker script and memory map

LOAD /opt/st/stm32cubeclt_1.17.0/GNU-tools-for-STM32/bin/../lib/gcc/arm-none-eabi/12.3.1/thumb/v7e-m+fp/hard/crti.o
LOAD /opt/st/stm32cubeclt_1.17.0/GNU-tools-for-STM32/bin/../lib/gcc/arm-none-eabi/12.3.1/thumb/v7e-m+fp/hard/crtbegin.o
LOAD /opt/st/stm32cubeclt_1.17.0/GNU-tools-for-STM32/bin/../lib/gcc/arm-none-eabi/12.3.1/../../../../arm-none-eabi/lib/thumb/v7e-m+fp/hard/crt0.o
START GROUP
LOAD /opt/st/stm32cubeclt_1.17.0/GNU-tools-for-STM32/bin/../lib/gcc/arm-none-eabi/12.3.1/../../../../arm-none-eabi/lib/thumb/v7e-m+fp/hard/libc_nano.a
LOAD /opt/st/stm32cubeclt_1.17.0/GNU-tools-for-STM32/bin/../lib/gcc/arm-none-eabi/12.3.1/../../../../arm-none-eabi/lib/thumb/v7e-m+fp/hard/libm.a
END GROUP
LOAD CMakeFiles/touhou.dir/Core/Src/player.c.obj
LOAD CMakeFiles/touhou.dir/Core/Src/song1.c.obj
LOAD CMakeFiles/touhou.dir/Core/Src/display.c.obj
LOAD CMakeFiles/touhou.dir/Core/Src/frames.c.obj
LOAD CMakeFiles/touhou.dir/Core/Src/playerPosition.c.obj
LOAD CMakeFiles/touhou.dir/Core/Src/enemyBullets.c.obj
LOAD CMakeFiles/touhou.dir/Core/Src/collision.c.obj
LOAD CMakeFiles/touhou.dir/Core/Src/render.c.obj
LOAD CMakeFiles/touhou.dir/Core/Src/main.c.obj
LOAD CMakeFiles/touhou.dir/Core/Src/freertos.c.obj
LOAD CMakeFiles/touhou.dir/Core/Src/stm32f4xx_it.c.obj
LOAD CMakeFiles/touhou.dir/Core/Src/stm32f4xx_hal_msp.c.obj
LOAD CMakeFiles/touhou.dir/Core/Src/stm32f4xx_hal_timebase_tim.c.obj
LOAD CMakeFiles/touhou.dir/Drivers/STM32F4xx_HAL_Driver/Src/stm32f4xx_hal_tim.c.obj
LOAD CMakeFiles/touhou.dir/Drivers/STM32F4xx_HAL_Driver/Src/stm32f4xx_hal_tim_ex.c.obj
LOAD CMakeFiles/touhou.dir/Drivers/STM32F4xx_HAL_Driver/Src/stm32f4xx_hal_adc.c.obj
LOAD CMakeFiles/touhou.dir/Drivers/STM32F4xx_HAL_Driver/Src/stm32f4xx_hal_adc_ex.c.obj
LOAD CMakeFiles/touhou.dir/Drivers/STM32F4xx_HAL_Driver/Src/stm32f4xx_ll_adc.c.obj
LOAD CMakeFiles/touhou.dir/Drivers/STM32F4xx_HAL_Driver/Src/stm32f4xx_hal_rcc.c.obj
LOAD CMakeFiles/touhou.dir/Drivers/STM32F4xx_HAL_Driver/Src/stm32f4xx_hal_rcc_ex.c.obj
LOAD CMakeFiles/touhou.dir/Drivers/STM32F4xx_HAL_Driver/Src/stm32f4xx_hal_flash.c.obj
LOAD CMakeFiles/touhou.dir/Drivers/STM32F4xx_HAL_Driver/Src/stm32f4xx_hal_flash_ex.c.obj
LOAD CMakeFiles/touhou.dir/Drivers/STM32F4xx_HAL_Driver/Src/stm32f4xx_hal_flash_ramfunc.c.obj
LOAD CMakeFiles/touhou.dir/Drivers/STM32F4xx_HAL_Driver/Src/stm32f4xx_hal_gpio.c.obj
LOAD CMakeFiles/touhou.dir/Drivers/STM32F4xx_HAL_Driver/Src/stm32f4xx_hal_dma_ex.c.obj
LOAD CMakeFiles/touhou.dir/Drivers/STM32F4xx_HAL_Driver/Src/stm32f4xx_hal_dma.c.obj
LOAD CMakeFiles/touhou.dir/Drivers/STM32F4xx_HAL_Driver/Src/stm32f4xx_hal_pwr.c.obj
LOAD CMakeFiles/touhou.dir/Drivers/STM32F4xx_HAL_Driver/Src/stm32f4xx_hal_pwr_ex.c.obj
LOAD CMakeFiles/touhou.dir/Drivers/STM32F4xx_HAL_Driver/Src/stm32f4xx_hal_cortex.c.obj
LOAD CMakeFiles/touhou.dir/Drivers/STM32F4xx_HAL_Driver/Src/stm32f4xx_hal.c.obj
LOAD CMakeFiles/touhou.dir/Drivers/STM32F4xx_HAL_Driver/Src/stm32f4xx_hal_exti.c.obj
LOAD CMakeFiles/touhou.dir/Drivers/STM32F4xx_HAL_Driver/Src/stm32f4xx_hal_spi.c.obj
LOAD CMakeFiles/touhou.dir/Core/Src/system_stm32f4xx.c.obj
LOAD CMakeFiles/touhou.dir/Middlewares/Third_Party/FreeRTOS/Source/croutine.c.obj
LOAD CMakeFiles/touhou.dir/Middlewares/Third_Party/FreeRTOS/Source/event_groups.c.obj
LOAD CMakeFiles/touhou.dir/Middlewares/Third_Party/FreeRTOS/Source/list.c.obj
LOAD CMakeFiles/touhou.dir/Middlewares/Third_Party/FreeRTOS/Source/queue.c.obj
LOAD CMakeFiles/touhou.dir/Middlewares/Third_Party/FreeRTOS/Source/stream_buffer.c.obj
LOAD CMakeFiles/touhou.dir/Middlewares/Third_Party/FreeRTOS/Source/tasks.c.obj
LOAD CMakeFiles/touhou.dir/Middlewares/Third_Party/FreeRTOS/Source/timers.c.obj
LOAD CMakeFiles/touhou.dir/Middlewares/Third_Party/FreeRTOS/Source/CMSIS_RTOS_V2/cmsis_os2.c.obj
LOAD CMakeFiles/touhou.dir/Middlewares/Third_Party/FreeRTOS/Source/portable/MemMang/heap_4.c.obj
LOAD CMakeFiles/touhou.dir/Middlewares/Third_Party/FreeRTOS/Source/portable/GCC/ARM_CM4F/port.c.obj
LOAD CMakeFiles/touhou.dir/Core/Src/sysmem.c.obj
LOAD CMakeFiles/touhou.dir/Core/Src/syscalls.c.obj
LOAD CMakeFiles/touhou.dir/startup_stm32f401xe.s.obj
START GROUP
LOAD /opt/st/stm32cubeclt_1.17.0/GNU-tools-for-STM32/bin/../lib/gcc/arm-none-eabi/12.3.1/thumb/v7e-m+fp/hard/libgcc.a
LOAD /opt/st/stm32cubeclt_1.17.0/GNU-tools-for-STM32/bin/../lib/gcc/arm-none-eabi/12.3.1/../../../../arm-none-eabi/lib/thumb/v7e-m+fp/hard/libg_nano.a
LOAD /opt/st/stm32cubeclt_1.17.0/GNU-tools-for-STM32/bin/../lib/gcc/arm-none-eabi/12.3.1/../../../../arm-none-eabi/lib/thumb/v7e-m+fp/hard/libc_nano.a
END GROUP
START GROUP
LOAD /opt/st/stm32cubeclt_1.17.0/GNU-tools-for-STM32/bin/../lib/gcc/arm-none-eabi/12.3.1/thumb/v7e-m+fp/hard/libgcc.a
LOAD /opt/st/stm32cubeclt_1.17.0/GNU-tools-for-STM32/bin/../lib/gcc/arm-none-eabi/12.3.1/../../../../arm-none-eabi/lib/thumb/v7e-m+fp/hard/libc_nano.a
END GROUP
LOAD /opt/st/stm32cubeclt_1.17.0/GNU-tools-for-STM32/bin/../lib/gcc/arm-none-eabi/12.3.1/thumb/v7e-m+fp/hard/crtend.o
LOAD /opt/st/stm32cubeclt_1.17.0/GNU-tools-for-STM32/bin/../lib/gcc/arm-none-eabi/12.3.1/thumb/v7e-m+fp/hard/crtn.o
                0x20018000                        _estack = (ORIGIN (RAM) + LENGTH (RAM))
                0x00000200                        _Min_Heap_Size = 0x200
                0x00000400                        _Min_Stack_Size = 0x400

.isr_vector     0x08000000      0x194
                0x08000000                        . = ALIGN (0x4)
 *(.isr_vector)
 .isr_vector    0x08000000      0x194 CMakeFiles/touhou.dir/startup_stm32f401xe.s.obj
                0x08000000                g_pfnVectors
                0x08000194                        . = ALIGN (0x4)

.text           0x080001a0     0xbc40
                0x080001a0                        . = ALIGN (0x4)
 *(.text)
 .text          0x080001a0       0x40 /opt/st/stm32cubeclt_1.17.0/GNU-tools-for-STM32/bin/../lib/gcc/arm-none-eabi/12.3.1/thumb/v7e-m+fp/hard/crtbegin.o
 .text          0x080001e0      0x378 /opt/st/stm32cubeclt_1.17.0/GNU-tools-for-STM32/bin/../lib/gcc/arm-none-eabi/12.3.1/thumb/v7e-m+fp/hard/libgcc.a(_arm_addsubdf3.o)
                0x080001e0                __aeabi_drsub
                0x080001e8                __aeabi_dsub
                0x080001e8                __subdf3
                0x080001ec                __adddf3
                0x080001ec                __aeabi_dadd
                0x08000464                __aeabi_ui2d
                0x08000464                __floatunsidf
                0x08000484                __floatsidf
                0x08000484                __aeabi_i2d
                0x080004a8                __extendsfdf2
                0x080004a8                __aeabi_f2d
                0x080004ec                __aeabi_ul2d
                0x080004ec                __floatundidf
                0x080004fc                __floatdidf
                0x080004fc                __aeabi_l2d
 .text          0x08000558       0xa0 /opt/st/stm32cubeclt_1.17.0/GNU-tools-for-STM32/bin/../lib/gcc/arm-none-eabi/12.3.1/thumb/v7e-m+fp/hard/libgcc.a(_arm_truncdfsf2.o)
                0x08000558                __aeabi_d2f
                0x08000558                __truncdfsf2
 .text          0x080005f8       0x30 /opt/st/stm32cubeclt_1.17.0/GNU-tools-for-STM32/bin/../lib/gcc/arm-none-eabi/12.3.1/thumb/v7e-m+fp/hard/libgcc.a(_aeabi_uldivmod.o)
                0x080005f8                __aeabi_uldivmod
 .text          0x08000628      0x2bc /opt/st/stm32cubeclt_1.17.0/GNU-tools-for-STM32/bin/../lib/gcc/arm-none-eabi/12.3.1/thumb/v7e-m+fp/hard/libgcc.a(_udivmoddi4.o)
                0x08000628                __udivmoddi4
 .text          0x080008e4        0x4 /opt/st/stm32cubeclt_1.17.0/GNU-tools-for-STM32/bin/../lib/gcc/arm-none-eabi/12.3.1/thumb/v7e-m+fp/hard/libgcc.a(_dvmd_tls.o)
                0x080008e4                __aeabi_ldiv0
                0x080008e4                __aeabi_idiv0
 *fill*         0x080008e8        0x8 
 .text          0x080008f0       0xa0 /opt/st/stm32cubeclt_1.17.0/GNU-tools-for-STM32/bin/../lib/gcc/arm-none-eabi/12.3.1/../../../../arm-none-eabi/lib/thumb/v7e-m+fp/hard/libg_nano.a(libc_a-memchr.o)
                0x080008f0                memchr
 .text          0x08000990      0x424 /opt/st/stm32cubeclt_1.17.0/GNU-tools-for-STM32/bin/../lib/gcc/arm-none-eabi/12.3.1/thumb/v7e-m+fp/hard/libgcc.a(_arm_muldivdf3.o)
                0x08000990                __aeabi_dmul
                0x08000990                __muldf3
                0x08000be4                __aeabi_ddiv
                0x08000be4                __divdf3
 .text          0x08000db4      0x110 /opt/st/stm32cubeclt_1.17.0/GNU-tools-for-STM32/bin/../lib/gcc/arm-none-eabi/12.3.1/thumb/v7e-m+fp/hard/libgcc.a(_arm_cmpdf2.o)
                0x08000db4                __gtdf2
                0x08000db4                __gedf2
                0x08000dbc                __ltdf2
                0x08000dbc                __ledf2
                0x08000dc4                __cmpdf2
                0x08000dc4                __eqdf2
                0x08000dc4                __nedf2
                0x08000e40                __aeabi_cdrcmple
                0x08000e50                __aeabi_cdcmple
                0x08000e50                __aeabi_cdcmpeq
                0x08000e60                __aeabi_dcmpeq
                0x08000e74                __aeabi_dcmplt
                0x08000e88                __aeabi_dcmple
                0x08000e9c                __aeabi_dcmpge
                0x08000eb0                __aeabi_dcmpgt
 .text          0x08000ec4       0x2c /opt/st/stm32cubeclt_1.17.0/GNU-tools-for-STM32/bin/../lib/gcc/arm-none-eabi/12.3.1/thumb/v7e-m+fp/hard/libgcc.a(_arm_unorddf2.o)
                0x08000ec4                __aeabi_dcmpun
                0x08000ec4                __unorddf2
 *(.text*)
 .text.std      0x08000ef0       0x6c /opt/st/stm32cubeclt_1.17.0/GNU-tools-for-STM32/bin/../lib/gcc/arm-none-eabi/12.3.1/../../../../arm-none-eabi/lib/thumb/v7e-m+fp/hard/libc_nano.a(libc_a-findfp.o)
 .text.stdio_exit_handler
                0x08000f5c       0x18 /opt/st/stm32cubeclt_1.17.0/GNU-tools-for-STM32/bin/../lib/gcc/arm-none-eabi/12.3.1/../../../../arm-none-eabi/lib/thumb/v7e-m+fp/hard/libc_nano.a(libc_a-findfp.o)
 .text.cleanup_stdio
                0x08000f74       0x40 /opt/st/stm32cubeclt_1.17.0/GNU-tools-for-STM32/bin/../lib/gcc/arm-none-eabi/12.3.1/../../../../arm-none-eabi/lib/thumb/v7e-m+fp/hard/libc_nano.a(libc_a-findfp.o)
 .text.global_stdio_init.part.0
                0x08000fb4       0x3c /opt/st/stm32cubeclt_1.17.0/GNU-tools-for-STM32/bin/../lib/gcc/arm-none-eabi/12.3.1/../../../../arm-none-eabi/lib/thumb/v7e-m+fp/hard/libc_nano.a(libc_a-findfp.o)
 .text.__sfp_lock_acquire
                0x08000ff0        0xc /opt/st/stm32cubeclt_1.17.0/GNU-tools-for-STM32/bin/../lib/gcc/arm-none-eabi/12.3.1/../../../../arm-none-eabi/lib/thumb/v7e-m+fp/hard/libc_nano.a(libc_a-findfp.o)
                0x08000ff0                __sfp_lock_acquire
 .text.__sfp_lock_release
                0x08000ffc        0xc /opt/st/stm32cubeclt_1.17.0/GNU-tools-for-STM32/bin/../lib/gcc/arm-none-eabi/12.3.1/../../../../arm-none-eabi/lib/thumb/v7e-m+fp/hard/libc_nano.a(libc_a-findfp.o)
                0x08000ffc                __sfp_lock_release
 .text.__sinit  0x08001008       0x30 /opt/st/stm32cubeclt_1.17.0/GNU-tools-for-STM32/bin/../lib/gcc/arm-none-eabi/12.3.1/../../../../arm-none-eabi/lib/thumb/v7e-m+fp/hard/libc_nano.a(libc_a-findfp.o)
                0x08001008                __sinit
 .text._fwalk_sglue
                0x08001038       0x3c /opt/st/stm32cubeclt_1.17.0/GNU-tools-for-STM32/bin/../lib/gcc/arm-none-eabi/12.3.1/../../../../arm-none-eabi/lib/thumb/v7e-m+fp/hard/libc_nano.a(libc_a-fwalk.o)
                0x08001038                _fwalk_sglue
 .text.__sread  0x08001074       0x22 /opt/st/stm32cubeclt_1.17.0/GNU-tools-for-STM32/bin/../lib/gcc/arm-none-eabi/12.3.1/../../../../arm-none-eabi/lib/thumb/v7e-m+fp/hard/libc_nano.a(libc_a-stdio.o)
                0x08001074                __sread
 .text.__swrite
                0x08001096       0x38 /opt/st/stm32cubeclt_1.17.0/GNU-tools-for-STM32/bin/../lib/gcc/arm-none-eabi/12.3.1/../../../../arm-none-eabi/lib/thumb/v7e-m+fp/hard/libc_nano.a(libc_a-stdio.o)
                0x08001096                __swrite
 .text.__sseek  0x080010ce       0x24 /opt/st/stm32cubeclt_1.17.0/GNU-tools-for-STM32/bin/../lib/gcc/arm-none-eabi/12.3.1/../../../../arm-none-eabi/lib/thumb/v7e-m+fp/hard/libc_nano.a(libc_a-stdio.o)
                0x080010ce                __sseek
 .text.__sclose
                0x080010f2        0x8 /opt/st/stm32cubeclt_1.17.0/GNU-tools-for-STM32/bin/../lib/gcc/arm-none-eabi/12.3.1/../../../../arm-none-eabi/lib/thumb/v7e-m+fp/hard/libc_nano.a(libc_a-stdio.o)
                0x080010f2                __sclose
 .text.memset   0x080010fa       0x10 /opt/st/stm32cubeclt_1.17.0/GNU-tools-for-STM32/bin/../lib/gcc/arm-none-eabi/12.3.1/../../../../arm-none-eabi/lib/thumb/v7e-m+fp/hard/libc_nano.a(libc_a-memset.o)
                0x080010fa                memset
 *fill*         0x0800110a        0x2 
 .text._close_r
                0x0800110c       0x20 /opt/st/stm32cubeclt_1.17.0/GNU-tools-for-STM32/bin/../lib/gcc/arm-none-eabi/12.3.1/../../../../arm-none-eabi/lib/thumb/v7e-m+fp/hard/libc_nano.a(libc_a-closer.o)
                0x0800110c                _close_r
 .text._lseek_r
                0x0800112c       0x24 /opt/st/stm32cubeclt_1.17.0/GNU-tools-for-STM32/bin/../lib/gcc/arm-none-eabi/12.3.1/../../../../arm-none-eabi/lib/thumb/v7e-m+fp/hard/libc_nano.a(libc_a-lseekr.o)
                0x0800112c                _lseek_r
 .text._read_r  0x08001150       0x24 /opt/st/stm32cubeclt_1.17.0/GNU-tools-for-STM32/bin/../lib/gcc/arm-none-eabi/12.3.1/../../../../arm-none-eabi/lib/thumb/v7e-m+fp/hard/libc_nano.a(libc_a-readr.o)
                0x08001150                _read_r
 .text._write_r
                0x08001174       0x24 /opt/st/stm32cubeclt_1.17.0/GNU-tools-for-STM32/bin/../lib/gcc/arm-none-eabi/12.3.1/../../../../arm-none-eabi/lib/thumb/v7e-m+fp/hard/libc_nano.a(libc_a-writer.o)
                0x08001174                _write_r
 .text.__libc_init_array
                0x08001198       0x48 /opt/st/stm32cubeclt_1.17.0/GNU-tools-for-STM32/bin/../lib/gcc/arm-none-eabi/12.3.1/../../../../arm-none-eabi/lib/thumb/v7e-m+fp/hard/libc_nano.a(libc_a-init.o)
                0x08001198                __libc_init_array
 .text.__retarget_lock_init_recursive
                0x080011e0        0x2 /opt/st/stm32cubeclt_1.17.0/GNU-tools-for-STM32/bin/../lib/gcc/arm-none-eabi/12.3.1/../../../../arm-none-eabi/lib/thumb/v7e-m+fp/hard/libc_nano.a(libc_a-lock.o)
                0x080011e0                __retarget_lock_init_recursive
 .text.__retarget_lock_acquire_recursive
                0x080011e2        0x2 /opt/st/stm32cubeclt_1.17.0/GNU-tools-for-STM32/bin/../lib/gcc/arm-none-eabi/12.3.1/../../../../arm-none-eabi/lib/thumb/v7e-m+fp/hard/libc_nano.a(libc_a-lock.o)
                0x080011e2                __retarget_lock_acquire_recursive
 .text.__retarget_lock_release_recursive
                0x080011e4        0x2 /opt/st/stm32cubeclt_1.17.0/GNU-tools-for-STM32/bin/../lib/gcc/arm-none-eabi/12.3.1/../../../../arm-none-eabi/lib/thumb/v7e-m+fp/hard/libc_nano.a(libc_a-lock.o)
                0x080011e4                __retarget_lock_release_recursive
 *fill*         0x080011e6        0x2 
 .text._free_r  0x080011e8       0x94 /opt/st/stm32cubeclt_1.17.0/GNU-tools-for-STM32/bin/../lib/gcc/arm-none-eabi/12.3.1/../../../../arm-none-eabi/lib/thumb/v7e-m+fp/hard/libc_nano.a(libc_a-freer.o)
                0x080011e8                _free_r
 .text.sbrk_aligned
                0x0800127c       0x44 /opt/st/stm32cubeclt_1.17.0/GNU-tools-for-STM32/bin/../lib/gcc/arm-none-eabi/12.3.1/../../../../arm-none-eabi/lib/thumb/v7e-m+fp/hard/libc_nano.a(libc_a-mallocr.o)
 .text._malloc_r
                0x080012c0      0x100 /opt/st/stm32cubeclt_1.17.0/GNU-tools-for-STM32/bin/../lib/gcc/arm-none-eabi/12.3.1/../../../../arm-none-eabi/lib/thumb/v7e-m+fp/hard/libc_nano.a(libc_a-mallocr.o)
                0x080012c0                _malloc_r
 .text.__malloc_lock
                0x080013c0        0xc /opt/st/stm32cubeclt_1.17.0/GNU-tools-for-STM32/bin/../lib/gcc/arm-none-eabi/12.3.1/../../../../arm-none-eabi/lib/thumb/v7e-m+fp/hard/libc_nano.a(libc_a-mlock.o)
                0x080013c0                __malloc_lock
 .text.__malloc_unlock
                0x080013cc        0xc /opt/st/stm32cubeclt_1.17.0/GNU-tools-for-STM32/bin/../lib/gcc/arm-none-eabi/12.3.1/../../../../arm-none-eabi/lib/thumb/v7e-m+fp/hard/libc_nano.a(libc_a-mlock.o)
                0x080013cc                __malloc_unlock
 .text.__sflush_r
                0x080013d8      0x108 /opt/st/stm32cubeclt_1.17.0/GNU-tools-for-STM32/bin/../lib/gcc/arm-none-eabi/12.3.1/../../../../arm-none-eabi/lib/thumb/v7e-m+fp/hard/libc_nano.a(libc_a-fflush.o)
                0x080013d8                __sflush_r
 .text._fflush_r
                0x080014e0       0x50 /opt/st/stm32cubeclt_1.17.0/GNU-tools-for-STM32/bin/../lib/gcc/arm-none-eabi/12.3.1/../../../../arm-none-eabi/lib/thumb/v7e-m+fp/hard/libc_nano.a(libc_a-fflush.o)
                0x080014e0                _fflush_r
 .text._sbrk_r  0x08001530       0x20 /opt/st/stm32cubeclt_1.17.0/GNU-tools-for-STM32/bin/../lib/gcc/arm-none-eabi/12.3.1/../../../../arm-none-eabi/lib/thumb/v7e-m+fp/hard/libc_nano.a(libc_a-sbrkr.o)
                0x08001530                _sbrk_r
 .text.Tone     0x08001550       0x38 CMakeFiles/touhou.dir/Core/Src/player.c.obj
                0x08001550                Tone
 .text.noTone   0x08001588       0x18 CMakeFiles/touhou.dir/Core/Src/player.c.obj
                0x08001588                noTone
 .text.playSong1
                0x080015a0      0xa58 CMakeFiles/touhou.dir/Core/Src/song1.c.obj
                0x080015a0                playSong1
 .text.LCDReset
                0x08001ff8       0x38 CMakeFiles/touhou.dir/Core/Src/display.c.obj
                0x08001ff8                LCDReset
 .text.LCDWriteCommand
                0x08002030       0x40 CMakeFiles/touhou.dir/Core/Src/display.c.obj
                0x08002030                LCDWriteCommand
 .text.LCDWriteData
                0x08002070       0x40 CMakeFiles/touhou.dir/Core/Src/display.c.obj
                0x08002070                LCDWriteData
 .text.LCDInit  0x080020b0      0x1d0 CMakeFiles/touhou.dir/Core/Src/display.c.obj
                0x080020b0                LCDInit
 .text.LCDSetWindow
                0x08002280       0xa4 CMakeFiles/touhou.dir/Core/Src/display.c.obj
                0x08002280                LCDSetWindow
 .text.LCDClear
                0x08002324       0xb0 CMakeFiles/touhou.dir/Core/Src/display.c.obj
                0x08002324                LCDClear
 .text.LCDClearWindow
                0x080023d4      0x10c CMakeFiles/touhou.dir/Core/Src/display.c.obj
                0x080023d4                LCDClearWindow
 .text.LCDDisplayImage
                0x080024e0      0x124 CMakeFiles/touhou.dir/Core/Src/display.c.obj
                0x080024e0                LCDDisplayImage
 .text.updatePlayerPosition
                0x08002604       0xf4 CMakeFiles/touhou.dir/Core/Src/playerPosition.c.obj
                0x08002604                updatePlayerPosition
 .text.initBullets
                0x080026f8       0x8c CMakeFiles/touhou.dir/Core/Src/enemyBullets.c.obj
                0x080026f8                initBullets
 .text.generateBullets
                0x08002784      0x1ec CMakeFiles/touhou.dir/Core/Src/enemyBullets.c.obj
                0x08002784                generateBullets
 .text.updateBullets
                0x08002970      0x144 CMakeFiles/touhou.dir/Core/Src/enemyBullets.c.obj
                0x08002970                updateBullets
 .text.enemyBullets
                0x08002ab4       0x40 CMakeFiles/touhou.dir/Core/Src/enemyBullets.c.obj
                0x08002ab4                enemyBullets
 .text.__NVIC_SystemReset
                0x08002af4       0x2c CMakeFiles/touhou.dir/Core/Src/collision.c.obj
 .text.euclidDis
                0x08002b20       0x98 CMakeFiles/touhou.dir/Core/Src/collision.c.obj
                0x08002b20                euclidDis
 .text.collisionDetect
                0x08002bb8       0x7c CMakeFiles/touhou.dir/Core/Src/collision.c.obj
                0x08002bb8                collisionDetect
 .text.constrain
                0x08002c34       0x46 CMakeFiles/touhou.dir/Core/Src/render.c.obj
 *fill*         0x08002c7a        0x2 
 .text.render   0x08002c7c      0x3b0 CMakeFiles/touhou.dir/Core/Src/render.c.obj
                0x08002c7c                render
 .text.main     0x0800302c       0xf8 CMakeFiles/touhou.dir/Core/Src/main.c.obj
                0x0800302c                main
 .text.SystemClock_Config
                0x08003124       0xd4 CMakeFiles/touhou.dir/Core/Src/main.c.obj
                0x08003124                SystemClock_Config
 .text.MX_ADC1_Init
                0x080031f8       0xc0 CMakeFiles/touhou.dir/Core/Src/main.c.obj
 .text.MX_SPI1_Init
                0x080032b8       0x6c CMakeFiles/touhou.dir/Core/Src/main.c.obj
 .text.MX_TIM3_Init
                0x08003324       0xec CMakeFiles/touhou.dir/Core/Src/main.c.obj
 .text.MX_DMA_Init
                0x08003410       0x50 CMakeFiles/touhou.dir/Core/Src/main.c.obj
 .text.MX_GPIO_Init
                0x08003460       0xc8 CMakeFiles/touhou.dir/Core/Src/main.c.obj
 .text.startADCConversion
                0x08003528       0x24 CMakeFiles/touhou.dir/Core/Src/main.c.obj
 .text.jsCalibration
                0x0800354c       0x28 CMakeFiles/touhou.dir/Core/Src/main.c.obj
 .text.StartDefaultTask
                0x08003574       0x10 CMakeFiles/touhou.dir/Core/Src/main.c.obj
                0x08003574                StartDefaultTask
 .text.HAL_TIM_PeriodElapsedCallback
                0x08003584       0x24 CMakeFiles/touhou.dir/Core/Src/main.c.obj
                0x08003584                HAL_TIM_PeriodElapsedCallback
 .text.Error_Handler
                0x080035a8        0xc CMakeFiles/touhou.dir/Core/Src/main.c.obj
                0x080035a8                Error_Handler
 .text.NMI_Handler
                0x080035b4        0x8 CMakeFiles/touhou.dir/Core/Src/stm32f4xx_it.c.obj
                0x080035b4                NMI_Handler
 .text.HardFault_Handler
                0x080035bc        0x8 CMakeFiles/touhou.dir/Core/Src/stm32f4xx_it.c.obj
                0x080035bc                HardFault_Handler
 .text.MemManage_Handler
                0x080035c4        0x8 CMakeFiles/touhou.dir/Core/Src/stm32f4xx_it.c.obj
                0x080035c4                MemManage_Handler
 .text.BusFault_Handler
                0x080035cc        0x8 CMakeFiles/touhou.dir/Core/Src/stm32f4xx_it.c.obj
                0x080035cc                BusFault_Handler
 .text.UsageFault_Handler
                0x080035d4        0x8 CMakeFiles/touhou.dir/Core/Src/stm32f4xx_it.c.obj
                0x080035d4                UsageFault_Handler
 .text.DebugMon_Handler
                0x080035dc        0xe CMakeFiles/touhou.dir/Core/Src/stm32f4xx_it.c.obj
                0x080035dc                DebugMon_Handler
 *fill*         0x080035ea        0x2 
 .text.ADC_IRQHandler
                0x080035ec       0x14 CMakeFiles/touhou.dir/Core/Src/stm32f4xx_it.c.obj
                0x080035ec                ADC_IRQHandler
 .text.TIM1_UP_TIM10_IRQHandler
                0x08003600       0x14 CMakeFiles/touhou.dir/Core/Src/stm32f4xx_it.c.obj
                0x08003600                TIM1_UP_TIM10_IRQHandler
 .text.SPI1_IRQHandler
                0x08003614       0x14 CMakeFiles/touhou.dir/Core/Src/stm32f4xx_it.c.obj
                0x08003614                SPI1_IRQHandler
 .text.DMA2_Stream0_IRQHandler
                0x08003628       0x14 CMakeFiles/touhou.dir/Core/Src/stm32f4xx_it.c.obj
                0x08003628                DMA2_Stream0_IRQHandler
 .text.DMA2_Stream3_IRQHandler
                0x0800363c       0x14 CMakeFiles/touhou.dir/Core/Src/stm32f4xx_it.c.obj
                0x0800363c                DMA2_Stream3_IRQHandler
 .text.HAL_MspInit
                0x08003650       0x58 CMakeFiles/touhou.dir/Core/Src/stm32f4xx_hal_msp.c.obj
                0x08003650                HAL_MspInit
 .text.HAL_ADC_MspInit
                0x080036a8      0x100 CMakeFiles/touhou.dir/Core/Src/stm32f4xx_hal_msp.c.obj
                0x080036a8                HAL_ADC_MspInit
 .text.HAL_SPI_MspInit
                0x080037a8      0x104 CMakeFiles/touhou.dir/Core/Src/stm32f4xx_hal_msp.c.obj
                0x080037a8                HAL_SPI_MspInit
 .text.HAL_TIM_Base_MspInit
                0x080038ac       0x44 CMakeFiles/touhou.dir/Core/Src/stm32f4xx_hal_msp.c.obj
                0x080038ac                HAL_TIM_Base_MspInit
 .text.HAL_TIM_MspPostInit
                0x080038f0       0x74 CMakeFiles/touhou.dir/Core/Src/stm32f4xx_hal_msp.c.obj
                0x080038f0                HAL_TIM_MspPostInit
 .text.HAL_InitTick
                0x08003964       0xe4 CMakeFiles/touhou.dir/Core/Src/stm32f4xx_hal_timebase_tim.c.obj
                0x08003964                HAL_InitTick
 .text.HAL_TIM_Base_Init
                0x08003a48       0x9e CMakeFiles/touhou.dir/Drivers/STM32F4xx_HAL_Driver/Src/stm32f4xx_hal_tim.c.obj
                0x08003a48                HAL_TIM_Base_Init
 *fill*         0x08003ae6        0x2 
 .text.HAL_TIM_Base_Start_IT
                0x08003ae8       0xc4 CMakeFiles/touhou.dir/Drivers/STM32F4xx_HAL_Driver/Src/stm32f4xx_hal_tim.c.obj
                0x08003ae8                HAL_TIM_Base_Start_IT
 .text.HAL_TIM_PWM_Init
                0x08003bac       0x9e CMakeFiles/touhou.dir/Drivers/STM32F4xx_HAL_Driver/Src/stm32f4xx_hal_tim.c.obj
                0x08003bac                HAL_TIM_PWM_Init
 .text.HAL_TIM_PWM_MspInit
                0x08003c4a       0x14 CMakeFiles/touhou.dir/Drivers/STM32F4xx_HAL_Driver/Src/stm32f4xx_hal_tim.c.obj
                0x08003c4a                HAL_TIM_PWM_MspInit
 *fill*         0x08003c5e        0x2 
 .text.HAL_TIM_PWM_Start
                0x08003c60      0x160 CMakeFiles/touhou.dir/Drivers/STM32F4xx_HAL_Driver/Src/stm32f4xx_hal_tim.c.obj
                0x08003c60                HAL_TIM_PWM_Start
 .text.HAL_TIM_IRQHandler
                0x08003dc0      0x1e0 CMakeFiles/touhou.dir/Drivers/STM32F4xx_HAL_Driver/Src/stm32f4xx_hal_tim.c.obj
                0x08003dc0                HAL_TIM_IRQHandler
 .text.HAL_TIM_PWM_ConfigChannel
                0x08003fa0      0x184 CMakeFiles/touhou.dir/Drivers/STM32F4xx_HAL_Driver/Src/stm32f4xx_hal_tim.c.obj
                0x08003fa0                HAL_TIM_PWM_ConfigChannel
 .text.HAL_TIM_ConfigClockSource
                0x08004124      0x18e CMakeFiles/touhou.dir/Drivers/STM32F4xx_HAL_Driver/Src/stm32f4xx_hal_tim.c.obj
                0x08004124                HAL_TIM_ConfigClockSource
 .text.HAL_TIM_OC_DelayElapsedCallback
                0x080042b2       0x14 CMakeFiles/touhou.dir/Drivers/STM32F4xx_HAL_Driver/Src/stm32f4xx_hal_tim.c.obj
                0x080042b2                HAL_TIM_OC_DelayElapsedCallback
 .text.HAL_TIM_IC_CaptureCallback
                0x080042c6       0x14 CMakeFiles/touhou.dir/Drivers/STM32F4xx_HAL_Driver/Src/stm32f4xx_hal_tim.c.obj
                0x080042c6                HAL_TIM_IC_CaptureCallback
 .text.HAL_TIM_PWM_PulseFinishedCallback
                0x080042da       0x14 CMakeFiles/touhou.dir/Drivers/STM32F4xx_HAL_Driver/Src/stm32f4xx_hal_tim.c.obj
                0x080042da                HAL_TIM_PWM_PulseFinishedCallback
 .text.HAL_TIM_TriggerCallback
                0x080042ee       0x14 CMakeFiles/touhou.dir/Drivers/STM32F4xx_HAL_Driver/Src/stm32f4xx_hal_tim.c.obj
                0x080042ee                HAL_TIM_TriggerCallback
 *fill*         0x08004302        0x2 
 .text.TIM_Base_SetConfig
                0x08004304      0x118 CMakeFiles/touhou.dir/Drivers/STM32F4xx_HAL_Driver/Src/stm32f4xx_hal_tim.c.obj
                0x08004304                TIM_Base_SetConfig
 .text.TIM_OC1_SetConfig
                0x0800441c       0xcc CMakeFiles/touhou.dir/Drivers/STM32F4xx_HAL_Driver/Src/stm32f4xx_hal_tim.c.obj
 .text.TIM_OC2_SetConfig
                0x080044e8       0xd8 CMakeFiles/touhou.dir/Drivers/STM32F4xx_HAL_Driver/Src/stm32f4xx_hal_tim.c.obj
                0x080044e8                TIM_OC2_SetConfig
 .text.TIM_OC3_SetConfig
                0x080045c0       0xd4 CMakeFiles/touhou.dir/Drivers/STM32F4xx_HAL_Driver/Src/stm32f4xx_hal_tim.c.obj
 .text.TIM_OC4_SetConfig
                0x08004694       0xa0 CMakeFiles/touhou.dir/Drivers/STM32F4xx_HAL_Driver/Src/stm32f4xx_hal_tim.c.obj
 .text.TIM_TI1_ConfigInputStage
                0x08004734       0x5e CMakeFiles/touhou.dir/Drivers/STM32F4xx_HAL_Driver/Src/stm32f4xx_hal_tim.c.obj
 .text.TIM_TI2_ConfigInputStage
                0x08004792       0x60 CMakeFiles/touhou.dir/Drivers/STM32F4xx_HAL_Driver/Src/stm32f4xx_hal_tim.c.obj
 .text.TIM_ITRx_SetConfig
                0x080047f2       0x36 CMakeFiles/touhou.dir/Drivers/STM32F4xx_HAL_Driver/Src/stm32f4xx_hal_tim.c.obj
 .text.TIM_ETR_SetConfig
                0x08004828       0x40 CMakeFiles/touhou.dir/Drivers/STM32F4xx_HAL_Driver/Src/stm32f4xx_hal_tim.c.obj
                0x08004828                TIM_ETR_SetConfig
 .text.TIM_CCxChannelCmd
                0x08004868       0x4a CMakeFiles/touhou.dir/Drivers/STM32F4xx_HAL_Driver/Src/stm32f4xx_hal_tim.c.obj
                0x08004868                TIM_CCxChannelCmd
 *fill*         0x080048b2        0x2 
 .text.HAL_TIMEx_MasterConfigSynchronization
                0x080048b4       0xdc CMakeFiles/touhou.dir/Drivers/STM32F4xx_HAL_Driver/Src/stm32f4xx_hal_tim_ex.c.obj
                0x080048b4                HAL_TIMEx_MasterConfigSynchronization
 .text.HAL_TIMEx_CommutCallback
                0x08004990       0x14 CMakeFiles/touhou.dir/Drivers/STM32F4xx_HAL_Driver/Src/stm32f4xx_hal_tim_ex.c.obj
                0x08004990                HAL_TIMEx_CommutCallback
 .text.HAL_TIMEx_BreakCallback
                0x080049a4       0x14 CMakeFiles/touhou.dir/Drivers/STM32F4xx_HAL_Driver/Src/stm32f4xx_hal_tim_ex.c.obj
                0x080049a4                HAL_TIMEx_BreakCallback
 .text.HAL_ADC_Init
                0x080049b8       0x86 CMakeFiles/touhou.dir/Drivers/STM32F4xx_HAL_Driver/Src/stm32f4xx_hal_adc.c.obj
                0x080049b8                HAL_ADC_Init
 .text.HAL_ADC_IRQHandler
                0x08004a3e      0x220 CMakeFiles/touhou.dir/Drivers/STM32F4xx_HAL_Driver/Src/stm32f4xx_hal_adc.c.obj
                0x08004a3e                HAL_ADC_IRQHandler
 *fill*         0x08004c5e        0x2 
 .text.HAL_ADC_Start_DMA
                0x08004c60      0x1e0 CMakeFiles/touhou.dir/Drivers/STM32F4xx_HAL_Driver/Src/stm32f4xx_hal_adc.c.obj
                0x08004c60                HAL_ADC_Start_DMA
 .text.HAL_ADC_ConvCpltCallback
                0x08004e40       0x14 CMakeFiles/touhou.dir/Drivers/STM32F4xx_HAL_Driver/Src/stm32f4xx_hal_adc.c.obj
                0x08004e40                HAL_ADC_ConvCpltCallback
 .text.HAL_ADC_ConvHalfCpltCallback
                0x08004e54       0x14 CMakeFiles/touhou.dir/Drivers/STM32F4xx_HAL_Driver/Src/stm32f4xx_hal_adc.c.obj
                0x08004e54                HAL_ADC_ConvHalfCpltCallback
 .text.HAL_ADC_LevelOutOfWindowCallback
                0x08004e68       0x14 CMakeFiles/touhou.dir/Drivers/STM32F4xx_HAL_Driver/Src/stm32f4xx_hal_adc.c.obj
                0x08004e68                HAL_ADC_LevelOutOfWindowCallback
 .text.HAL_ADC_ErrorCallback
                0x08004e7c       0x14 CMakeFiles/touhou.dir/Drivers/STM32F4xx_HAL_Driver/Src/stm32f4xx_hal_adc.c.obj
                0x08004e7c                HAL_ADC_ErrorCallback
 .text.HAL_ADC_ConfigChannel
                0x08004e90      0x244 CMakeFiles/touhou.dir/Drivers/STM32F4xx_HAL_Driver/Src/stm32f4xx_hal_adc.c.obj
                0x08004e90                HAL_ADC_ConfigChannel
 .text.ADC_Init
                0x080050d4      0x1f8 CMakeFiles/touhou.dir/Drivers/STM32F4xx_HAL_Driver/Src/stm32f4xx_hal_adc.c.obj
 .text.ADC_DMAConvCplt
                0x080052cc       0xba CMakeFiles/touhou.dir/Drivers/STM32F4xx_HAL_Driver/Src/stm32f4xx_hal_adc.c.obj
 .text.ADC_DMAHalfConvCplt
                0x08005386       0x1c CMakeFiles/touhou.dir/Drivers/STM32F4xx_HAL_Driver/Src/stm32f4xx_hal_adc.c.obj
 .text.ADC_DMAError
                0x080053a2       0x2e CMakeFiles/touhou.dir/Drivers/STM32F4xx_HAL_Driver/Src/stm32f4xx_hal_adc.c.obj
 .text.HAL_ADCEx_InjectedConvCpltCallback
                0x080053d0       0x14 CMakeFiles/touhou.dir/Drivers/STM32F4xx_HAL_Driver/Src/stm32f4xx_hal_adc_ex.c.obj
                0x080053d0                HAL_ADCEx_InjectedConvCpltCallback
 .text.HAL_RCC_OscConfig
                0x080053e4      0x4f0 CMakeFiles/touhou.dir/Drivers/STM32F4xx_HAL_Driver/Src/stm32f4xx_hal_rcc.c.obj
                0x080053e4                HAL_RCC_OscConfig
 .text.HAL_RCC_ClockConfig
                0x080058d4      0x1cc CMakeFiles/touhou.dir/Drivers/STM32F4xx_HAL_Driver/Src/stm32f4xx_hal_rcc.c.obj
                0x080058d4                HAL_RCC_ClockConfig
 .text.HAL_RCC_GetSysClockFreq
                0x08005aa0      0x20c CMakeFiles/touhou.dir/Drivers/STM32F4xx_HAL_Driver/Src/stm32f4xx_hal_rcc.c.obj
                0x08005aa0                HAL_RCC_GetSysClockFreq
 .text.HAL_RCC_GetHCLKFreq
                0x08005cac       0x18 CMakeFiles/touhou.dir/Drivers/STM32F4xx_HAL_Driver/Src/stm32f4xx_hal_rcc.c.obj
                0x08005cac                HAL_RCC_GetHCLKFreq
 .text.HAL_RCC_GetPCLK2Freq
                0x08005cc4       0x28 CMakeFiles/touhou.dir/Drivers/STM32F4xx_HAL_Driver/Src/stm32f4xx_hal_rcc.c.obj
                0x08005cc4                HAL_RCC_GetPCLK2Freq
 .text.HAL_RCC_GetClockConfig
                0x08005cec       0x64 CMakeFiles/touhou.dir/Drivers/STM32F4xx_HAL_Driver/Src/stm32f4xx_hal_rcc.c.obj
                0x08005cec                HAL_RCC_GetClockConfig
 .text.HAL_GPIO_Init
                0x08005d50      0x308 CMakeFiles/touhou.dir/Drivers/STM32F4xx_HAL_Driver/Src/stm32f4xx_hal_gpio.c.obj
                0x08005d50                HAL_GPIO_Init
 .text.HAL_GPIO_WritePin
                0x08006058       0x32 CMakeFiles/touhou.dir/Drivers/STM32F4xx_HAL_Driver/Src/stm32f4xx_hal_gpio.c.obj
                0x08006058                HAL_GPIO_WritePin
 *fill*         0x0800608a        0x2 
 .text.HAL_DMA_Init
                0x0800608c      0x15c CMakeFiles/touhou.dir/Drivers/STM32F4xx_HAL_Driver/Src/stm32f4xx_hal_dma.c.obj
                0x0800608c                HAL_DMA_Init
 .text.HAL_DMA_Start_IT
                0x080061e8       0xb0 CMakeFiles/touhou.dir/Drivers/STM32F4xx_HAL_Driver/Src/stm32f4xx_hal_dma.c.obj
                0x080061e8                HAL_DMA_Start_IT
 .text.HAL_DMA_Abort_IT
                0x08006298       0x44 CMakeFiles/touhou.dir/Drivers/STM32F4xx_HAL_Driver/Src/stm32f4xx_hal_dma.c.obj
                0x08006298                HAL_DMA_Abort_IT
 .text.HAL_DMA_IRQHandler
                0x080062dc      0x314 CMakeFiles/touhou.dir/Drivers/STM32F4xx_HAL_Driver/Src/stm32f4xx_hal_dma.c.obj
                0x080062dc                HAL_DMA_IRQHandler
 .text.DMA_SetConfig
                0x080065f0       0x5c CMakeFiles/touhou.dir/Drivers/STM32F4xx_HAL_Driver/Src/stm32f4xx_hal_dma.c.obj
 .text.DMA_CalcBaseAndBitshift
                0x0800664c       0x6c CMakeFiles/touhou.dir/Drivers/STM32F4xx_HAL_Driver/Src/stm32f4xx_hal_dma.c.obj
 .text.DMA_CheckFifoParam
                0x080066b8       0xf8 CMakeFiles/touhou.dir/Drivers/STM32F4xx_HAL_Driver/Src/stm32f4xx_hal_dma.c.obj
 .text.__NVIC_SetPriorityGrouping
                0x080067b0       0x48 CMakeFiles/touhou.dir/Drivers/STM32F4xx_HAL_Driver/Src/stm32f4xx_hal_cortex.c.obj
 .text.__NVIC_GetPriorityGrouping
                0x080067f8       0x1c CMakeFiles/touhou.dir/Drivers/STM32F4xx_HAL_Driver/Src/stm32f4xx_hal_cortex.c.obj
 .text.__NVIC_EnableIRQ
                0x08006814       0x3c CMakeFiles/touhou.dir/Drivers/STM32F4xx_HAL_Driver/Src/stm32f4xx_hal_cortex.c.obj
 .text.__NVIC_SetPriority
                0x08006850       0x54 CMakeFiles/touhou.dir/Drivers/STM32F4xx_HAL_Driver/Src/stm32f4xx_hal_cortex.c.obj
 .text.NVIC_EncodePriority
                0x080068a4       0x66 CMakeFiles/touhou.dir/Drivers/STM32F4xx_HAL_Driver/Src/stm32f4xx_hal_cortex.c.obj
 .text.HAL_NVIC_SetPriorityGrouping
                0x0800690a       0x16 CMakeFiles/touhou.dir/Drivers/STM32F4xx_HAL_Driver/Src/stm32f4xx_hal_cortex.c.obj
                0x0800690a                HAL_NVIC_SetPriorityGrouping
 .text.HAL_NVIC_SetPriority
                0x08006920       0x38 CMakeFiles/touhou.dir/Drivers/STM32F4xx_HAL_Driver/Src/stm32f4xx_hal_cortex.c.obj
                0x08006920                HAL_NVIC_SetPriority
 .text.HAL_NVIC_EnableIRQ
                0x08006958       0x1c CMakeFiles/touhou.dir/Drivers/STM32F4xx_HAL_Driver/Src/stm32f4xx_hal_cortex.c.obj
                0x08006958                HAL_NVIC_EnableIRQ
 .text.HAL_Init
                0x08006974       0x44 CMakeFiles/touhou.dir/Drivers/STM32F4xx_HAL_Driver/Src/stm32f4xx_hal.c.obj
                0x08006974                HAL_Init
 .text.HAL_IncTick
                0x080069b8       0x28 CMakeFiles/touhou.dir/Drivers/STM32F4xx_HAL_Driver/Src/stm32f4xx_hal.c.obj
                0x080069b8                HAL_IncTick
 .text.HAL_GetTick
                0x080069e0       0x18 CMakeFiles/touhou.dir/Drivers/STM32F4xx_HAL_Driver/Src/stm32f4xx_hal.c.obj
                0x080069e0                HAL_GetTick
 .text.HAL_Delay
                0x080069f8       0x48 CMakeFiles/touhou.dir/Drivers/STM32F4xx_HAL_Driver/Src/stm32f4xx_hal.c.obj
                0x080069f8                HAL_Delay
 .text.HAL_SPI_Init
                0x08006a40      0x112 CMakeFiles/touhou.dir/Drivers/STM32F4xx_HAL_Driver/Src/stm32f4xx_hal_spi.c.obj
                0x08006a40                HAL_SPI_Init
 *fill*         0x08006b52        0x2 
 .text.HAL_SPI_Transmit_DMA
                0x08006b54      0x164 CMakeFiles/touhou.dir/Drivers/STM32F4xx_HAL_Driver/Src/stm32f4xx_hal_spi.c.obj
                0x08006b54                HAL_SPI_Transmit_DMA
 .text.HAL_SPI_IRQHandler
                0x08006cb8      0x1e8 CMakeFiles/touhou.dir/Drivers/STM32F4xx_HAL_Driver/Src/stm32f4xx_hal_spi.c.obj
                0x08006cb8                HAL_SPI_IRQHandler
 .text.HAL_SPI_TxCpltCallback
                0x08006ea0       0x14 CMakeFiles/touhou.dir/Drivers/STM32F4xx_HAL_Driver/Src/stm32f4xx_hal_spi.c.obj
                0x08006ea0                HAL_SPI_TxCpltCallback
 .text.HAL_SPI_TxHalfCpltCallback
                0x08006eb4       0x14 CMakeFiles/touhou.dir/Drivers/STM32F4xx_HAL_Driver/Src/stm32f4xx_hal_spi.c.obj
                0x08006eb4                HAL_SPI_TxHalfCpltCallback
 .text.HAL_SPI_ErrorCallback
                0x08006ec8       0x14 CMakeFiles/touhou.dir/Drivers/STM32F4xx_HAL_Driver/Src/stm32f4xx_hal_spi.c.obj
                0x08006ec8                HAL_SPI_ErrorCallback
 .text.HAL_SPI_GetState
                0x08006edc       0x1c CMakeFiles/touhou.dir/Drivers/STM32F4xx_HAL_Driver/Src/stm32f4xx_hal_spi.c.obj
                0x08006edc                HAL_SPI_GetState
 .text.SPI_DMATransmitCplt
                0x08006ef8       0xa8 CMakeFiles/touhou.dir/Drivers/STM32F4xx_HAL_Driver/Src/stm32f4xx_hal_spi.c.obj
 .text.SPI_DMAHalfTransmitCplt
                0x08006fa0       0x1c CMakeFiles/touhou.dir/Drivers/STM32F4xx_HAL_Driver/Src/stm32f4xx_hal_spi.c.obj
 .text.SPI_DMAError
                0x08006fbc       0x40 CMakeFiles/touhou.dir/Drivers/STM32F4xx_HAL_Driver/Src/stm32f4xx_hal_spi.c.obj
 .text.SPI_DMAAbortOnError
                0x08006ffc       0x28 CMakeFiles/touhou.dir/Drivers/STM32F4xx_HAL_Driver/Src/stm32f4xx_hal_spi.c.obj
 .text.SPI_WaitFlagStateUntilTimeout
                0x08007024      0x110 CMakeFiles/touhou.dir/Drivers/STM32F4xx_HAL_Driver/Src/stm32f4xx_hal_spi.c.obj
 .text.SPI_EndRxTxTransaction
                0x08007134       0xa8 CMakeFiles/touhou.dir/Drivers/STM32F4xx_HAL_Driver/Src/stm32f4xx_hal_spi.c.obj
 .text.SystemInit
                0x080071dc       0x24 CMakeFiles/touhou.dir/Core/Src/system_stm32f4xx.c.obj
                0x080071dc                SystemInit
 .text.vListInitialise
                0x08007200       0x40 CMakeFiles/touhou.dir/Middlewares/Third_Party/FreeRTOS/Source/list.c.obj
                0x08007200                vListInitialise
 .text.vListInitialiseItem
                0x08007240       0x1a CMakeFiles/touhou.dir/Middlewares/Third_Party/FreeRTOS/Source/list.c.obj
                0x08007240                vListInitialiseItem
 .text.vListInsertEnd
                0x0800725a       0x48 CMakeFiles/touhou.dir/Middlewares/Third_Party/FreeRTOS/Source/list.c.obj
                0x0800725a                vListInsertEnd
 .text.vListInsert
                0x080072a2       0x72 CMakeFiles/touhou.dir/Middlewares/Third_Party/FreeRTOS/Source/list.c.obj
                0x080072a2                vListInsert
 .text.uxListRemove
                0x08007314       0x54 CMakeFiles/touhou.dir/Middlewares/Third_Party/FreeRTOS/Source/list.c.obj
                0x08007314                uxListRemove
 .text.xQueueGenericReset
                0x08007368       0xd4 CMakeFiles/touhou.dir/Middlewares/Third_Party/FreeRTOS/Source/queue.c.obj
                0x08007368                xQueueGenericReset
 .text.xQueueGenericCreateStatic
                0x0800743c       0xfa CMakeFiles/touhou.dir/Middlewares/Third_Party/FreeRTOS/Source/queue.c.obj
                0x0800743c                xQueueGenericCreateStatic
 .text.xQueueGenericCreate
                0x08007536       0x76 CMakeFiles/touhou.dir/Middlewares/Third_Party/FreeRTOS/Source/queue.c.obj
                0x08007536                xQueueGenericCreate
 .text.prvInitialiseNewQueue
                0x080075ac       0x46 CMakeFiles/touhou.dir/Middlewares/Third_Party/FreeRTOS/Source/queue.c.obj
 .text.prvInitialiseMutex
                0x080075f2       0x34 CMakeFiles/touhou.dir/Middlewares/Third_Party/FreeRTOS/Source/queue.c.obj
 .text.xQueueCreateMutex
                0x08007626       0x30 CMakeFiles/touhou.dir/Middlewares/Third_Party/FreeRTOS/Source/queue.c.obj
                0x08007626                xQueueCreateMutex
 *fill*         0x08007656        0x2 
 .text.xQueueGenericSend
                0x08007658      0x204 CMakeFiles/touhou.dir/Middlewares/Third_Party/FreeRTOS/Source/queue.c.obj
                0x08007658                xQueueGenericSend
 .text.xQueueGenericSendFromISR
                0x0800785c      0x13c CMakeFiles/touhou.dir/Middlewares/Third_Party/FreeRTOS/Source/queue.c.obj
                0x0800785c                xQueueGenericSendFromISR
 .text.xQueueReceive
                0x08007998      0x1c4 CMakeFiles/touhou.dir/Middlewares/Third_Party/FreeRTOS/Source/queue.c.obj
                0x08007998                xQueueReceive
 .text.xQueueSemaphoreTake
                0x08007b5c      0x220 CMakeFiles/touhou.dir/Middlewares/Third_Party/FreeRTOS/Source/queue.c.obj
                0x08007b5c                xQueueSemaphoreTake
 .text.prvGetDisinheritPriorityAfterTimeout
                0x08007d7c       0x30 CMakeFiles/touhou.dir/Middlewares/Third_Party/FreeRTOS/Source/queue.c.obj
 .text.prvCopyDataToQueue
                0x08007dac       0xd4 CMakeFiles/touhou.dir/Middlewares/Third_Party/FreeRTOS/Source/queue.c.obj
 .text.prvCopyDataFromQueue
                0x08007e80       0x4c CMakeFiles/touhou.dir/Middlewares/Third_Party/FreeRTOS/Source/queue.c.obj
 .text.prvUnlockQueue
                0x08007ecc       0xa4 CMakeFiles/touhou.dir/Middlewares/Third_Party/FreeRTOS/Source/queue.c.obj
 .text.prvIsQueueEmpty
                0x08007f70       0x2c CMakeFiles/touhou.dir/Middlewares/Third_Party/FreeRTOS/Source/queue.c.obj
 .text.prvIsQueueFull
                0x08007f9c       0x30 CMakeFiles/touhou.dir/Middlewares/Third_Party/FreeRTOS/Source/queue.c.obj
 .text.vQueueAddToRegistry
                0x08007fcc       0x54 CMakeFiles/touhou.dir/Middlewares/Third_Party/FreeRTOS/Source/queue.c.obj
                0x08007fcc                vQueueAddToRegistry
 .text.vQueueWaitForMessageRestricted
                0x08008020       0x68 CMakeFiles/touhou.dir/Middlewares/Third_Party/FreeRTOS/Source/queue.c.obj
                0x08008020                vQueueWaitForMessageRestricted
 .text.xTaskCreateStatic
                0x08008088       0xc0 CMakeFiles/touhou.dir/Middlewares/Third_Party/FreeRTOS/Source/tasks.c.obj
                0x08008088                xTaskCreateStatic
 .text.xTaskCreate
                0x08008148       0x8a CMakeFiles/touhou.dir/Middlewares/Third_Party/FreeRTOS/Source/tasks.c.obj
                0x08008148                xTaskCreate
 .text.prvInitialiseNewTask
                0x080081d2      0x120 CMakeFiles/touhou.dir/Middlewares/Third_Party/FreeRTOS/Source/tasks.c.obj
 *fill*         0x080082f2        0x2 
 .text.prvAddNewTaskToReadyList
                0x080082f4       0xe0 CMakeFiles/touhou.dir/Middlewares/Third_Party/FreeRTOS/Source/tasks.c.obj
 .text.vTaskDelay
                0x080083d4       0x6c CMakeFiles/touhou.dir/Middlewares/Third_Party/FreeRTOS/Source/tasks.c.obj
                0x080083d4                vTaskDelay
 .text.vTaskStartScheduler
                0x08008440       0xd0 CMakeFiles/touhou.dir/Middlewares/Third_Party/FreeRTOS/Source/tasks.c.obj
                0x08008440                vTaskStartScheduler
 .text.vTaskSuspendAll
                0x08008510       0x1c CMakeFiles/touhou.dir/Middlewares/Third_Party/FreeRTOS/Source/tasks.c.obj
                0x08008510                vTaskSuspendAll
 .text.xTaskResumeAll
                0x0800852c      0x13c CMakeFiles/touhou.dir/Middlewares/Third_Party/FreeRTOS/Source/tasks.c.obj
                0x0800852c                xTaskResumeAll
 .text.xTaskGetTickCount
                0x08008668       0x20 CMakeFiles/touhou.dir/Middlewares/Third_Party/FreeRTOS/Source/tasks.c.obj
                0x08008668                xTaskGetTickCount
 .text.xTaskIncrementTick
                0x08008688      0x174 CMakeFiles/touhou.dir/Middlewares/Third_Party/FreeRTOS/Source/tasks.c.obj
                0x08008688                xTaskIncrementTick
 .text.vTaskSwitchContext
                0x080087fc       0xbc CMakeFiles/touhou.dir/Middlewares/Third_Party/FreeRTOS/Source/tasks.c.obj
                0x080087fc                vTaskSwitchContext
 .text.vTaskPlaceOnEventList
                0x080088b8       0x4c CMakeFiles/touhou.dir/Middlewares/Third_Party/FreeRTOS/Source/tasks.c.obj
                0x080088b8                vTaskPlaceOnEventList
 .text.vTaskPlaceOnEventListRestricted
                0x08008904       0x58 CMakeFiles/touhou.dir/Middlewares/Third_Party/FreeRTOS/Source/tasks.c.obj
                0x08008904                vTaskPlaceOnEventListRestricted
 .text.xTaskRemoveFromEventList
                0x0800895c       0xc8 CMakeFiles/touhou.dir/Middlewares/Third_Party/FreeRTOS/Source/tasks.c.obj
                0x0800895c                xTaskRemoveFromEventList
 .text.vTaskInternalSetTimeOutState
                0x08008a24       0x2c CMakeFiles/touhou.dir/Middlewares/Third_Party/FreeRTOS/Source/tasks.c.obj
                0x08008a24                vTaskInternalSetTimeOutState
 .text.xTaskCheckForTimeOut
                0x08008a50       0xc8 CMakeFiles/touhou.dir/Middlewares/Third_Party/FreeRTOS/Source/tasks.c.obj
                0x08008a50                xTaskCheckForTimeOut
 .text.vTaskMissedYield
                0x08008b18       0x18 CMakeFiles/touhou.dir/Middlewares/Third_Party/FreeRTOS/Source/tasks.c.obj
                0x08008b18                vTaskMissedYield
 .text.prvIdleTask
                0x08008b30       0x30 CMakeFiles/touhou.dir/Middlewares/Third_Party/FreeRTOS/Source/tasks.c.obj
 .text.prvInitialiseTaskLists
                0x08008b60       0x80 CMakeFiles/touhou.dir/Middlewares/Third_Party/FreeRTOS/Source/tasks.c.obj
 .text.prvCheckTasksWaitingTermination
                0x08008be0       0x5c CMakeFiles/touhou.dir/Middlewares/Third_Party/FreeRTOS/Source/tasks.c.obj
 .text.prvDeleteTCB
                0x08008c3c       0x60 CMakeFiles/touhou.dir/Middlewares/Third_Party/FreeRTOS/Source/tasks.c.obj
 .text.prvResetNextTaskUnblockTime
                0x08008c9c       0x40 CMakeFiles/touhou.dir/Middlewares/Third_Party/FreeRTOS/Source/tasks.c.obj
 .text.xTaskGetSchedulerState
                0x08008cdc       0x3c CMakeFiles/touhou.dir/Middlewares/Third_Party/FreeRTOS/Source/tasks.c.obj
                0x08008cdc                xTaskGetSchedulerState
 .text.xTaskPriorityInherit
                0x08008d18       0xd0 CMakeFiles/touhou.dir/Middlewares/Third_Party/FreeRTOS/Source/tasks.c.obj
                0x08008d18                xTaskPriorityInherit
 .text.xTaskPriorityDisinherit
                0x08008de8       0xe0 CMakeFiles/touhou.dir/Middlewares/Third_Party/FreeRTOS/Source/tasks.c.obj
                0x08008de8                xTaskPriorityDisinherit
 .text.vTaskPriorityDisinheritAfterTimeout
                0x08008ec8      0x108 CMakeFiles/touhou.dir/Middlewares/Third_Party/FreeRTOS/Source/tasks.c.obj
                0x08008ec8                vTaskPriorityDisinheritAfterTimeout
 .text.pvTaskIncrementMutexHeldCount
                0x08008fd0       0x28 CMakeFiles/touhou.dir/Middlewares/Third_Party/FreeRTOS/Source/tasks.c.obj
                0x08008fd0                pvTaskIncrementMutexHeldCount
 .text.prvAddCurrentTaskToDelayedList
                0x08008ff8       0xa8 CMakeFiles/touhou.dir/Middlewares/Third_Party/FreeRTOS/Source/tasks.c.obj
 .text.xTimerCreateTimerTask
                0x080090a0       0x94 CMakeFiles/touhou.dir/Middlewares/Third_Party/FreeRTOS/Source/timers.c.obj
                0x080090a0                xTimerCreateTimerTask
 .text.xTimerGenericCommand
                0x08009134       0x9c CMakeFiles/touhou.dir/Middlewares/Third_Party/FreeRTOS/Source/timers.c.obj
                0x08009134                xTimerGenericCommand
 .text.prvProcessExpiredTimer
                0x080091d0       0x9c CMakeFiles/touhou.dir/Middlewares/Third_Party/FreeRTOS/Source/timers.c.obj
 .text.prvTimerTask
                0x0800926c       0x26 CMakeFiles/touhou.dir/Middlewares/Third_Party/FreeRTOS/Source/timers.c.obj
 *fill*         0x08009292        0x2 
 .text.prvProcessTimerOrBlockTask
                0x08009294       0x9c CMakeFiles/touhou.dir/Middlewares/Third_Party/FreeRTOS/Source/timers.c.obj
 .text.prvGetNextExpireTime
                0x08009330       0x48 CMakeFiles/touhou.dir/Middlewares/Third_Party/FreeRTOS/Source/timers.c.obj
 .text.prvSampleTimeNow
                0x08009378       0x40 CMakeFiles/touhou.dir/Middlewares/Third_Party/FreeRTOS/Source/timers.c.obj
 .text.prvInsertTimerInActiveList
                0x080093b8       0x84 CMakeFiles/touhou.dir/Middlewares/Third_Party/FreeRTOS/Source/timers.c.obj
 .text.prvProcessReceivedCommands
                0x0800943c      0x1cc CMakeFiles/touhou.dir/Middlewares/Third_Party/FreeRTOS/Source/timers.c.obj
 .text.prvSwitchTimerLists
                0x08009608       0xcc CMakeFiles/touhou.dir/Middlewares/Third_Party/FreeRTOS/Source/timers.c.obj
 .text.prvCheckForValidListAndQueue
                0x080096d4       0x80 CMakeFiles/touhou.dir/Middlewares/Third_Party/FreeRTOS/Source/timers.c.obj
 .text.__NVIC_SetPriority
                0x08009754       0x54 CMakeFiles/touhou.dir/Middlewares/Third_Party/FreeRTOS/Source/CMSIS_RTOS_V2/cmsis_os2.c.obj
 .text.SysTick_Handler
                0x080097a8       0x20 CMakeFiles/touhou.dir/Middlewares/Third_Party/FreeRTOS/Source/CMSIS_RTOS_V2/cmsis_os2.c.obj
                0x080097a8                SysTick_Handler
 .text.SVC_Setup
                0x080097c8       0x12 CMakeFiles/touhou.dir/Middlewares/Third_Party/FreeRTOS/Source/CMSIS_RTOS_V2/cmsis_os2.c.obj
 *fill*         0x080097da        0x2 
 .text.osKernelInitialize
                0x080097dc       0x48 CMakeFiles/touhou.dir/Middlewares/Third_Party/FreeRTOS/Source/CMSIS_RTOS_V2/cmsis_os2.c.obj
                0x080097dc                osKernelInitialize
 .text.osKernelStart
                0x08009824       0x4c CMakeFiles/touhou.dir/Middlewares/Third_Party/FreeRTOS/Source/CMSIS_RTOS_V2/cmsis_os2.c.obj
                0x08009824                osKernelStart
 .text.osThreadNew
                0x08009870      0x124 CMakeFiles/touhou.dir/Middlewares/Third_Party/FreeRTOS/Source/CMSIS_RTOS_V2/cmsis_os2.c.obj
                0x08009870                osThreadNew
 .text.osDelay  0x08009994       0x36 CMakeFiles/touhou.dir/Middlewares/Third_Party/FreeRTOS/Source/CMSIS_RTOS_V2/cmsis_os2.c.obj
                0x08009994                osDelay
 *fill*         0x080099ca        0x2 
 .text.vApplicationGetIdleTaskMemory
                0x080099cc       0x34 CMakeFiles/touhou.dir/Middlewares/Third_Party/FreeRTOS/Source/CMSIS_RTOS_V2/cmsis_os2.c.obj
                0x080099cc                vApplicationGetIdleTaskMemory
 .text.vApplicationGetTimerTaskMemory
                0x08009a00       0x34 CMakeFiles/touhou.dir/Middlewares/Third_Party/FreeRTOS/Source/CMSIS_RTOS_V2/cmsis_os2.c.obj
                0x08009a00                vApplicationGetTimerTaskMemory
 .text.pvPortMalloc
                0x08009a34      0x19c CMakeFiles/touhou.dir/Middlewares/Third_Party/FreeRTOS/Source/portable/MemMang/heap_4.c.obj
                0x08009a34                pvPortMalloc
 .text.vPortFree
                0x08009bd0       0xc8 CMakeFiles/touhou.dir/Middlewares/Third_Party/FreeRTOS/Source/portable/MemMang/heap_4.c.obj
                0x08009bd0                vPortFree
 .text.prvHeapInit
                0x08009c98       0xc8 CMakeFiles/touhou.dir/Middlewares/Third_Party/FreeRTOS/Source/portable/MemMang/heap_4.c.obj
 .text.prvInsertBlockIntoFreeList
                0x08009d60       0xb4 CMakeFiles/touhou.dir/Middlewares/Third_Party/FreeRTOS/Source/portable/MemMang/heap_4.c.obj
 .text.pxPortInitialiseStack
                0x08009e14       0x68 CMakeFiles/touhou.dir/Middlewares/Third_Party/FreeRTOS/Source/portable/GCC/ARM_CM4F/port.c.obj
                0x08009e14                pxPortInitialiseStack
 .text.prvTaskExitError
                0x08009e7c       0x5c CMakeFiles/touhou.dir/Middlewares/Third_Party/FreeRTOS/Source/portable/GCC/ARM_CM4F/port.c.obj
 *fill*         0x08009ed8        0x8 
 .text.SVC_Handler
                0x08009ee0       0x28 CMakeFiles/touhou.dir/Middlewares/Third_Party/FreeRTOS/Source/portable/GCC/ARM_CM4F/port.c.obj
                0x08009ee0                SVC_Handler
 .text.prvPortStartFirstTask
                0x08009f08       0x28 CMakeFiles/touhou.dir/Middlewares/Third_Party/FreeRTOS/Source/portable/GCC/ARM_CM4F/port.c.obj
 .text.xPortStartScheduler
                0x08009f30      0x148 CMakeFiles/touhou.dir/Middlewares/Third_Party/FreeRTOS/Source/portable/GCC/ARM_CM4F/port.c.obj
                0x08009f30                xPortStartScheduler
 .text.vPortEnterCritical
                0x0800a078       0x64 CMakeFiles/touhou.dir/Middlewares/Third_Party/FreeRTOS/Source/portable/GCC/ARM_CM4F/port.c.obj
                0x0800a078                vPortEnterCritical
 .text.vPortExitCritical
                0x0800a0dc       0x54 CMakeFiles/touhou.dir/Middlewares/Third_Party/FreeRTOS/Source/portable/GCC/ARM_CM4F/port.c.obj
                0x0800a0dc                vPortExitCritical
 .text.PendSV_Handler
                0x0800a130       0x68 CMakeFiles/touhou.dir/Middlewares/Third_Party/FreeRTOS/Source/portable/GCC/ARM_CM4F/port.c.obj
                0x0800a130                PendSV_Handler
 .text.xPortSysTickHandler
                0x0800a198       0x44 CMakeFiles/touhou.dir/Middlewares/Third_Party/FreeRTOS/Source/portable/GCC/ARM_CM4F/port.c.obj
                0x0800a198                xPortSysTickHandler
 .text.vPortSetupTimerInterrupt
                0x0800a1dc       0x48 CMakeFiles/touhou.dir/Middlewares/Third_Party/FreeRTOS/Source/portable/GCC/ARM_CM4F/port.c.obj
                0x0800a1dc                vPortSetupTimerInterrupt
 .text.vPortEnableVFP
                0x0800a224       0x14 CMakeFiles/touhou.dir/Middlewares/Third_Party/FreeRTOS/Source/portable/GCC/ARM_CM4F/port.c.obj
 .text.vPortValidateInterruptPriority
                0x0800a238       0x84 CMakeFiles/touhou.dir/Middlewares/Third_Party/FreeRTOS/Source/portable/GCC/ARM_CM4F/port.c.obj
                0x0800a238                vPortValidateInterruptPriority
 .text._sbrk    0x0800a2bc       0x6c CMakeFiles/touhou.dir/Core/Src/sysmem.c.obj
                0x0800a2bc                _sbrk
 .text._getpid  0x0800a328       0x10 CMakeFiles/touhou.dir/Core/Src/syscalls.c.obj
                0x0800a328                _getpid
 .text._kill    0x0800a338       0x20 CMakeFiles/touhou.dir/Core/Src/syscalls.c.obj
                0x0800a338                _kill
 .text._exit    0x0800a358       0x16 CMakeFiles/touhou.dir/Core/Src/syscalls.c.obj
                0x0800a358                _exit
 .text._read    0x0800a36e       0x3a CMakeFiles/touhou.dir/Core/Src/syscalls.c.obj
                0x0800a36e                _read
 .text._write   0x0800a3a8       0x38 CMakeFiles/touhou.dir/Core/Src/syscalls.c.obj
                0x0800a3a8                _write
 .text._close   0x0800a3e0       0x18 CMakeFiles/touhou.dir/Core/Src/syscalls.c.obj
                0x0800a3e0                _close
 .text._fstat   0x0800a3f8       0x20 CMakeFiles/touhou.dir/Core/Src/syscalls.c.obj
                0x0800a3f8                _fstat
 .text._isatty  0x0800a418       0x16 CMakeFiles/touhou.dir/Core/Src/syscalls.c.obj
                0x0800a418                _isatty
 .text._lseek   0x0800a42e       0x1a CMakeFiles/touhou.dir/Core/Src/syscalls.c.obj
                0x0800a42e                _lseek
 .text.Reset_Handler
                0x0800a448       0x50 CMakeFiles/touhou.dir/startup_stm32f401xe.s.obj
                0x0800a448                Reset_Handler
 .text.Default_Handler
                0x0800a498        0x2 CMakeFiles/touhou.dir/startup_stm32f401xe.s.obj
                0x0800a498                RTC_Alarm_IRQHandler
                0x0800a498                EXTI2_IRQHandler
                0x0800a498                SPI4_IRQHandler
                0x0800a498                TIM1_CC_IRQHandler
                0x0800a498                DMA2_Stream5_IRQHandler
                0x0800a498                DMA1_Stream5_IRQHandler
                0x0800a498                PVD_IRQHandler
                0x0800a498                SDIO_IRQHandler
                0x0800a498                TAMP_STAMP_IRQHandler
                0x0800a498                EXTI3_IRQHandler
                0x0800a498                I2C3_ER_IRQHandler
                0x0800a498                EXTI0_IRQHandler
                0x0800a498                I2C2_EV_IRQHandler
                0x0800a498                DMA1_Stream2_IRQHandler
                0x0800a498                FPU_IRQHandler
                0x0800a498                DMA2_Stream2_IRQHandler
                0x0800a498                TIM1_BRK_TIM9_IRQHandler
                0x0800a498                USART6_IRQHandler
                0x0800a498                TIM4_IRQHandler
                0x0800a498                I2C1_EV_IRQHandler
                0x0800a498                DMA1_Stream6_IRQHandler
                0x0800a498                DMA1_Stream1_IRQHandler
                0x0800a498                TIM3_IRQHandler
                0x0800a498                RCC_IRQHandler
                0x0800a498                Default_Handler
                0x0800a498                EXTI15_10_IRQHandler
                0x0800a498                DMA1_Stream7_IRQHandler
                0x0800a498                TIM5_IRQHandler
                0x0800a498                DMA2_Stream7_IRQHandler
                0x0800a498                I2C3_EV_IRQHandler
                0x0800a498                EXTI9_5_IRQHandler
                0x0800a498                RTC_WKUP_IRQHandler
                0x0800a498                SPI2_IRQHandler
                0x0800a498                DMA1_Stream0_IRQHandler
                0x0800a498                EXTI4_IRQHandler
                0x0800a498                WWDG_IRQHandler
                0x0800a498                TIM2_IRQHandler
                0x0800a498                OTG_FS_WKUP_IRQHandler
                0x0800a498                TIM1_TRG_COM_TIM11_IRQHandler
                0x0800a498                EXTI1_IRQHandler
                0x0800a498                USART2_IRQHandler
                0x0800a498                I2C2_ER_IRQHandler
                0x0800a498                DMA2_Stream1_IRQHandler
                0x0800a498                FLASH_IRQHandler
                0x0800a498                DMA2_Stream4_IRQHandler
                0x0800a498                USART1_IRQHandler
                0x0800a498                OTG_FS_IRQHandler
                0x0800a498                SPI3_IRQHandler
                0x0800a498                DMA1_Stream4_IRQHandler
                0x0800a498                I2C1_ER_IRQHandler
                0x0800a498                DMA2_Stream6_IRQHandler
                0x0800a498                DMA1_Stream3_IRQHandler
 *fill*         0x0800a49a        0x2 
 .text.srand    0x0800a49c       0x5c /opt/st/stm32cubeclt_1.17.0/GNU-tools-for-STM32/bin/../lib/gcc/arm-none-eabi/12.3.1/../../../../arm-none-eabi/lib/thumb/v7e-m+fp/hard/libg_nano.a(libc_a-rand.o)
                0x0800a49c                srand
 .text.rand     0x0800a4f8       0x7c /opt/st/stm32cubeclt_1.17.0/GNU-tools-for-STM32/bin/../lib/gcc/arm-none-eabi/12.3.1/../../../../arm-none-eabi/lib/thumb/v7e-m+fp/hard/libg_nano.a(libc_a-rand.o)
                0x0800a4f8                rand
 .text.__errno  0x0800a574        0xc /opt/st/stm32cubeclt_1.17.0/GNU-tools-for-STM32/bin/../lib/gcc/arm-none-eabi/12.3.1/../../../../arm-none-eabi/lib/thumb/v7e-m+fp/hard/libg_nano.a(libc_a-errno.o)
                0x0800a574                __errno
 .text.memcpy   0x0800a580       0x1c /opt/st/stm32cubeclt_1.17.0/GNU-tools-for-STM32/bin/../lib/gcc/arm-none-eabi/12.3.1/../../../../arm-none-eabi/lib/thumb/v7e-m+fp/hard/libg_nano.a(libc_a-memcpy-stub.o)
                0x0800a580                memcpy
 .text.__assert_func
                0x0800a59c       0x3c /opt/st/stm32cubeclt_1.17.0/GNU-tools-for-STM32/bin/../lib/gcc/arm-none-eabi/12.3.1/../../../../arm-none-eabi/lib/thumb/v7e-m+fp/hard/libg_nano.a(libc_a-assert.o)
                0x0800a59c                __assert_func
 .text.malloc   0x0800a5d8       0x10 /opt/st/stm32cubeclt_1.17.0/GNU-tools-for-STM32/bin/../lib/gcc/arm-none-eabi/12.3.1/../../../../arm-none-eabi/lib/thumb/v7e-m+fp/hard/libg_nano.a(libc_a-malloc.o)
                0x0800a5d8                malloc
 .text.fprintf  0x0800a5e8       0x24 /opt/st/stm32cubeclt_1.17.0/GNU-tools-for-STM32/bin/../lib/gcc/arm-none-eabi/12.3.1/../../../../arm-none-eabi/lib/thumb/v7e-m+fp/hard/libg_nano.a(libc_a-fprintf.o)
                0x0800a5e8                fprintf
                0x0800a5e8                fiprintf
 .text.abort    0x0800a60c        0xe /opt/st/stm32cubeclt_1.17.0/GNU-tools-for-STM32/bin/../lib/gcc/arm-none-eabi/12.3.1/../../../../arm-none-eabi/lib/thumb/v7e-m+fp/hard/libg_nano.a(libc_a-abort.o)
                0x0800a60c                abort
 .text.__sfputc_r
                0x0800a61a       0x2e /opt/st/stm32cubeclt_1.17.0/GNU-tools-for-STM32/bin/../lib/gcc/arm-none-eabi/12.3.1/../../../../arm-none-eabi/lib/thumb/v7e-m+fp/hard/libg_nano.a(libc_a-nano-vfprintf.o)
 .text.__sfputs_r
                0x0800a648       0x24 /opt/st/stm32cubeclt_1.17.0/GNU-tools-for-STM32/bin/../lib/gcc/arm-none-eabi/12.3.1/../../../../arm-none-eabi/lib/thumb/v7e-m+fp/hard/libg_nano.a(libc_a-nano-vfprintf.o)
                0x0800a648                __sfputs_r
 .text._vfprintf_r
                0x0800a66c      0x230 /opt/st/stm32cubeclt_1.17.0/GNU-tools-for-STM32/bin/../lib/gcc/arm-none-eabi/12.3.1/../../../../arm-none-eabi/lib/thumb/v7e-m+fp/hard/libg_nano.a(libc_a-nano-vfprintf.o)
                0x0800a66c                _vfiprintf_r
                0x0800a66c                _vfprintf_r
 .text._printf_common
                0x0800a89c       0xda /opt/st/stm32cubeclt_1.17.0/GNU-tools-for-STM32/bin/../lib/gcc/arm-none-eabi/12.3.1/../../../../arm-none-eabi/lib/thumb/v7e-m+fp/hard/libg_nano.a(libc_a-nano-vfprintf_i.o)
                0x0800a89c                _printf_common
 *fill*         0x0800a976        0x2 
 .text._printf_i
                0x0800a978      0x240 /opt/st/stm32cubeclt_1.17.0/GNU-tools-for-STM32/bin/../lib/gcc/arm-none-eabi/12.3.1/../../../../arm-none-eabi/lib/thumb/v7e-m+fp/hard/libg_nano.a(libc_a-nano-vfprintf_i.o)
                0x0800a978                _printf_i
 .text.__swbuf_r
                0x0800abb8       0x7c /opt/st/stm32cubeclt_1.17.0/GNU-tools-for-STM32/bin/../lib/gcc/arm-none-eabi/12.3.1/../../../../arm-none-eabi/lib/thumb/v7e-m+fp/hard/libg_nano.a(libc_a-wbuf.o)
                0x0800abb8                __swbuf_r
 .text.__swsetup_r
                0x0800ac34       0xac /opt/st/stm32cubeclt_1.17.0/GNU-tools-for-STM32/bin/../lib/gcc/arm-none-eabi/12.3.1/../../../../arm-none-eabi/lib/thumb/v7e-m+fp/hard/libg_nano.a(libc_a-wsetup.o)
                0x0800ac34                __swsetup_r
 .text._raise_r
                0x0800ace0       0x50 /opt/st/stm32cubeclt_1.17.0/GNU-tools-for-STM32/bin/../lib/gcc/arm-none-eabi/12.3.1/../../../../arm-none-eabi/lib/thumb/v7e-m+fp/hard/libg_nano.a(libc_a-signal.o)
                0x0800ace0                _raise_r
 .text.raise    0x0800ad30       0x10 /opt/st/stm32cubeclt_1.17.0/GNU-tools-for-STM32/bin/../lib/gcc/arm-none-eabi/12.3.1/../../../../arm-none-eabi/lib/thumb/v7e-m+fp/hard/libg_nano.a(libc_a-signal.o)
                0x0800ad30                raise
 .text._kill_r  0x0800ad40       0x24 /opt/st/stm32cubeclt_1.17.0/GNU-tools-for-STM32/bin/../lib/gcc/arm-none-eabi/12.3.1/../../../../arm-none-eabi/lib/thumb/v7e-m+fp/hard/libg_nano.a(libc_a-signalr.o)
                0x0800ad40                _kill_r
 .text._getpid_r
                0x0800ad64        0x4 /opt/st/stm32cubeclt_1.17.0/GNU-tools-for-STM32/bin/../lib/gcc/arm-none-eabi/12.3.1/../../../../arm-none-eabi/lib/thumb/v7e-m+fp/hard/libg_nano.a(libc_a-signalr.o)
                0x0800ad64                _getpid_r
 .text.__swhatbuf_r
                0x0800ad68       0x4c /opt/st/stm32cubeclt_1.17.0/GNU-tools-for-STM32/bin/../lib/gcc/arm-none-eabi/12.3.1/../../../../arm-none-eabi/lib/thumb/v7e-m+fp/hard/libg_nano.a(libc_a-makebuf.o)
                0x0800ad68                __swhatbuf_r
 .text.__smakebuf_r
                0x0800adb4       0x78 /opt/st/stm32cubeclt_1.17.0/GNU-tools-for-STM32/bin/../lib/gcc/arm-none-eabi/12.3.1/../../../../arm-none-eabi/lib/thumb/v7e-m+fp/hard/libg_nano.a(libc_a-makebuf.o)
                0x0800adb4                __smakebuf_r
 .text._fstat_r
                0x0800ae2c       0x24 /opt/st/stm32cubeclt_1.17.0/GNU-tools-for-STM32/bin/../lib/gcc/arm-none-eabi/12.3.1/../../../../arm-none-eabi/lib/thumb/v7e-m+fp/hard/libg_nano.a(libc_a-fstatr.o)
                0x0800ae2c                _fstat_r
 .text._isatty_r
                0x0800ae50       0x20 /opt/st/stm32cubeclt_1.17.0/GNU-tools-for-STM32/bin/../lib/gcc/arm-none-eabi/12.3.1/../../../../arm-none-eabi/lib/thumb/v7e-m+fp/hard/libg_nano.a(libc_a-isattyr.o)
                0x0800ae50                _isatty_r
 .text.pow      0x0800ae70       0xe0 /opt/st/stm32cubeclt_1.17.0/GNU-tools-for-STM32/bin/../lib/gcc/arm-none-eabi/12.3.1/../../../../arm-none-eabi/lib/thumb/v7e-m+fp/hard/libm.a(libm_a-w_pow.o)
                0x0800ae70                pow
 .text.sqrt     0x0800af50       0x58 /opt/st/stm32cubeclt_1.17.0/GNU-tools-for-STM32/bin/../lib/gcc/arm-none-eabi/12.3.1/../../../../arm-none-eabi/lib/thumb/v7e-m+fp/hard/libm.a(libm_a-w_sqrt.o)
                0x0800af50                sqrt
 .text.sqrtf    0x0800afa8       0x3c /opt/st/stm32cubeclt_1.17.0/GNU-tools-for-STM32/bin/../lib/gcc/arm-none-eabi/12.3.1/../../../../arm-none-eabi/lib/thumb/v7e-m+fp/hard/libm.a(libm_a-wf_sqrt.o)
                0x0800afa8                sqrtf
 .text.finite   0x0800afe4       0x16 /opt/st/stm32cubeclt_1.17.0/GNU-tools-for-STM32/bin/../lib/gcc/arm-none-eabi/12.3.1/../../../../arm-none-eabi/lib/thumb/v7e-m+fp/hard/libm.a(libm_a-s_finite.o)
                0x0800afe4                finite
 *fill*         0x0800affa        0x2 
 .text.__ieee754_sqrt
                0x0800affc      0x1b4 /opt/st/stm32cubeclt_1.17.0/GNU-tools-for-STM32/bin/../lib/gcc/arm-none-eabi/12.3.1/../../../../arm-none-eabi/lib/thumb/v7e-m+fp/hard/libm.a(libm_a-e_sqrt.o)
                0x0800affc                __ieee754_sqrt
 .text.__ieee754_sqrtf
                0x0800b1b0        0x6 /opt/st/stm32cubeclt_1.17.0/GNU-tools-for-STM32/bin/../lib/gcc/arm-none-eabi/12.3.1/../../../../arm-none-eabi/lib/thumb/v7e-m+fp/hard/libm.a(libm_a-ef_sqrt.o)
                0x0800b1b0                __ieee754_sqrtf
 *fill*         0x0800b1b6        0x2 
 .text.__ieee754_pow
                0x0800b1b8      0xa88 /opt/st/stm32cubeclt_1.17.0/GNU-tools-for-STM32/bin/../lib/gcc/arm-none-eabi/12.3.1/../../../../arm-none-eabi/lib/thumb/v7e-m+fp/hard/libm.a(libm_a-e_pow.o)
                0x0800b1b8                __ieee754_pow
 .text.fabs     0x0800bc40       0x10 /opt/st/stm32cubeclt_1.17.0/GNU-tools-for-STM32/bin/../lib/gcc/arm-none-eabi/12.3.1/../../../../arm-none-eabi/lib/thumb/v7e-m+fp/hard/libm.a(libm_a-s_fabs.o)
                0x0800bc40                fabs
 .text.scalbn   0x0800bc50       0xfc /opt/st/stm32cubeclt_1.17.0/GNU-tools-for-STM32/bin/../lib/gcc/arm-none-eabi/12.3.1/../../../../arm-none-eabi/lib/thumb/v7e-m+fp/hard/libm.a(libm_a-s_scalbn.o)
                0x0800bc50                scalbn
 .text.with_errno
                0x0800bd4c       0x24 /opt/st/stm32cubeclt_1.17.0/GNU-tools-for-STM32/bin/../lib/gcc/arm-none-eabi/12.3.1/../../../../arm-none-eabi/lib/thumb/v7e-m+fp/hard/libm.a(libm_a-math_err.o)
 .text.xflow    0x0800bd70       0x32 /opt/st/stm32cubeclt_1.17.0/GNU-tools-for-STM32/bin/../lib/gcc/arm-none-eabi/12.3.1/../../../../arm-none-eabi/lib/thumb/v7e-m+fp/hard/libm.a(libm_a-math_err.o)
 *fill*         0x0800bda2        0x6 
 .text.__math_uflow
                0x0800bda8       0x10 /opt/st/stm32cubeclt_1.17.0/GNU-tools-for-STM32/bin/../lib/gcc/arm-none-eabi/12.3.1/../../../../arm-none-eabi/lib/thumb/v7e-m+fp/hard/libm.a(libm_a-math_err.o)
                0x0800bda8                __math_uflow
 .text.__math_oflow
                0x0800bdb8       0x10 /opt/st/stm32cubeclt_1.17.0/GNU-tools-for-STM32/bin/../lib/gcc/arm-none-eabi/12.3.1/../../../../arm-none-eabi/lib/thumb/v7e-m+fp/hard/libm.a(libm_a-math_err.o)
                0x0800bdb8                __math_oflow
 *(.glue_7)
 .glue_7        0x0800bdc8        0x0 linker stubs
 *(.glue_7t)
 .glue_7t       0x0800bdc8        0x0 linker stubs
 *(.eh_frame)
 .eh_frame      0x0800bdc8        0x0 /opt/st/stm32cubeclt_1.17.0/GNU-tools-for-STM32/bin/../lib/gcc/arm-none-eabi/12.3.1/thumb/v7e-m+fp/hard/crtbegin.o
 *(.init)
 .init          0x0800bdc8        0x4 /opt/st/stm32cubeclt_1.17.0/GNU-tools-for-STM32/bin/../lib/gcc/arm-none-eabi/12.3.1/thumb/v7e-m+fp/hard/crti.o
                0x0800bdc8                _init
 .init          0x0800bdcc        0x8 /opt/st/stm32cubeclt_1.17.0/GNU-tools-for-STM32/bin/../lib/gcc/arm-none-eabi/12.3.1/thumb/v7e-m+fp/hard/crtn.o
 *(.fini)
 .fini          0x0800bdd4        0x4 /opt/st/stm32cubeclt_1.17.0/GNU-tools-for-STM32/bin/../lib/gcc/arm-none-eabi/12.3.1/thumb/v7e-m+fp/hard/crti.o
                0x0800bdd4                _fini
 .fini          0x0800bdd8        0x8 /opt/st/stm32cubeclt_1.17.0/GNU-tools-for-STM32/bin/../lib/gcc/arm-none-eabi/12.3.1/thumb/v7e-m+fp/hard/crtn.o
                0x0800bde0                        . = ALIGN (0x4)
                0x0800bde0                        _etext = .

.vfp11_veneer   0x0800bde0        0x0
 .vfp11_veneer  0x0800bde0        0x0 linker stubs

.v4_bx          0x0800bde0        0x0
 .v4_bx         0x0800bde0        0x0 linker stubs

.iplt           0x0800bde0        0x0
 .iplt          0x0800bde0        0x0 /opt/st/stm32cubeclt_1.17.0/GNU-tools-for-STM32/bin/../lib/gcc/arm-none-eabi/12.3.1/thumb/v7e-m+fp/hard/crtbegin.o

.rodata         0x0800bde0    0x4b178
                0x0800bde0                        . = ALIGN (0x4)
 *(.rodata)
 .rodata        0x0800bde0        0xc CMakeFiles/touhou.dir/Core/Src/main.c.obj
 .rodata        0x0800bdec        0x5 CMakeFiles/touhou.dir/Middlewares/Third_Party/FreeRTOS/Source/tasks.c.obj
 *fill*         0x0800bdf1        0x3 
 .rodata        0x0800bdf4        0xd CMakeFiles/touhou.dir/Middlewares/Third_Party/FreeRTOS/Source/timers.c.obj
 *(.rodata*)
 *fill*         0x0800be01        0x3 
 .rodata.framebuffer
                0x0800be04    0x4b000 CMakeFiles/touhou.dir/Core/Src/frames.c.obj
                0x0800be04                framebuffer
 .rodata.defaultTask_attributes
                0x08056e04       0x24 CMakeFiles/touhou.dir/Core/Src/main.c.obj
                0x08056e04                defaultTask_attributes
 .rodata.flagBitshiftOffset.0
                0x08056e28        0x8 CMakeFiles/touhou.dir/Drivers/STM32F4xx_HAL_Driver/Src/stm32f4xx_hal_dma.c.obj
 .rodata.AHBPrescTable
                0x08056e30       0x10 CMakeFiles/touhou.dir/Core/Src/system_stm32f4xx.c.obj
                0x08056e30                AHBPrescTable
 .rodata.APBPrescTable
                0x08056e40        0x8 CMakeFiles/touhou.dir/Core/Src/system_stm32f4xx.c.obj
                0x08056e40                APBPrescTable
 .rodata.srand.str1.1
                0x08056e48       0x6f /opt/st/stm32cubeclt_1.17.0/GNU-tools-for-STM32/bin/../lib/gcc/arm-none-eabi/12.3.1/../../../../arm-none-eabi/lib/thumb/v7e-m+fp/hard/libg_nano.a(libc_a-rand.o)
 .rodata.__assert_func.str1.1
                0x08056eb7       0x3c /opt/st/stm32cubeclt_1.17.0/GNU-tools-for-STM32/bin/../lib/gcc/arm-none-eabi/12.3.1/../../../../arm-none-eabi/lib/thumb/v7e-m+fp/hard/libg_nano.a(libc_a-assert.o)
                                 0x3d (size before relaxing)
 .rodata._vfprintf_r.str1.1
                0x08056ef3       0x11 /opt/st/stm32cubeclt_1.17.0/GNU-tools-for-STM32/bin/../lib/gcc/arm-none-eabi/12.3.1/../../../../arm-none-eabi/lib/thumb/v7e-m+fp/hard/libg_nano.a(libc_a-nano-vfprintf.o)
 .rodata._printf_i.str1.1
                0x08056f04       0x22 /opt/st/stm32cubeclt_1.17.0/GNU-tools-for-STM32/bin/../lib/gcc/arm-none-eabi/12.3.1/../../../../arm-none-eabi/lib/thumb/v7e-m+fp/hard/libg_nano.a(libc_a-nano-vfprintf_i.o)
 *fill*         0x08056f26        0x2 
 .rodata.dp_l   0x08056f28       0x10 /opt/st/stm32cubeclt_1.17.0/GNU-tools-for-STM32/bin/../lib/gcc/arm-none-eabi/12.3.1/../../../../arm-none-eabi/lib/thumb/v7e-m+fp/hard/libm.a(libm_a-e_pow.o)
 .rodata.dp_h   0x08056f38       0x10 /opt/st/stm32cubeclt_1.17.0/GNU-tools-for-STM32/bin/../lib/gcc/arm-none-eabi/12.3.1/../../../../arm-none-eabi/lib/thumb/v7e-m+fp/hard/libm.a(libm_a-e_pow.o)
 .rodata.bp     0x08056f48       0x10 /opt/st/stm32cubeclt_1.17.0/GNU-tools-for-STM32/bin/../lib/gcc/arm-none-eabi/12.3.1/../../../../arm-none-eabi/lib/thumb/v7e-m+fp/hard/libm.a(libm_a-e_pow.o)
                0x08056f58                        . = ALIGN (0x4)

.ARM.extab
 *(.ARM.extab* .gnu.linkonce.armextab.*)

.ARM            0x08056f58        0x8
                0x08056f58                        __exidx_start = .
 *(.ARM.exidx*)
 .ARM.exidx     0x08056f58        0x8 /opt/st/stm32cubeclt_1.17.0/GNU-tools-for-STM32/bin/../lib/gcc/arm-none-eabi/12.3.1/thumb/v7e-m+fp/hard/libgcc.a(_udivmoddi4.o)
 .ARM.exidx     0x08056f60        0x0 /opt/st/stm32cubeclt_1.17.0/GNU-tools-for-STM32/bin/../lib/gcc/arm-none-eabi/12.3.1/../../../../arm-none-eabi/lib/thumb/v7e-m+fp/hard/libg_nano.a(libc_a-memchr.o)
                                  0x8 (size before relaxing)
                0x08056f60                        __exidx_end = .

.rel.dyn        0x08056f60        0x0
 .rel.iplt      0x08056f60        0x0 /opt/st/stm32cubeclt_1.17.0/GNU-tools-for-STM32/bin/../lib/gcc/arm-none-eabi/12.3.1/thumb/v7e-m+fp/hard/crtbegin.o

.preinit_array  0x08056f60        0x0
                0x08056f60                        PROVIDE (__preinit_array_start = .)
 *(.preinit_array*)
                0x08056f60                        PROVIDE (__preinit_array_end = .)

.init_array     0x08056f60        0x4
                0x08056f60                        PROVIDE (__init_array_start = .)
 *(SORT_BY_NAME(.init_array.*))
 *(.init_array*)
 .init_array    0x08056f60        0x4 /opt/st/stm32cubeclt_1.17.0/GNU-tools-for-STM32/bin/../lib/gcc/arm-none-eabi/12.3.1/thumb/v7e-m+fp/hard/crtbegin.o
                0x08056f64                        PROVIDE (__init_array_end = .)

.fini_array     0x08056f64        0x4
                [!provide]                        PROVIDE (__fini_array_start = .)
 *(SORT_BY_NAME(.fini_array.*))
 *(.fini_array*)
 .fini_array    0x08056f64        0x4 /opt/st/stm32cubeclt_1.17.0/GNU-tools-for-STM32/bin/../lib/gcc/arm-none-eabi/12.3.1/thumb/v7e-m+fp/hard/crtbegin.o
                [!provide]                        PROVIDE (__fini_array_end = .)
                0x08056f68                        _sidata = LOADADDR (.data)

.data           0x20000000       0x88 load address 0x08056f68
                0x20000000                        . = ALIGN (0x4)
                0x20000000                        _sdata = .
 *(.data)
 *(.data*)
 .data.__sglue  0x20000000        0xc /opt/st/stm32cubeclt_1.17.0/GNU-tools-for-STM32/bin/../lib/gcc/arm-none-eabi/12.3.1/../../../../arm-none-eabi/lib/thumb/v7e-m+fp/hard/libc_nano.a(libc_a-findfp.o)
                0x20000000                __sglue
 .data._impure_ptr
                0x2000000c        0x4 /opt/st/stm32cubeclt_1.17.0/GNU-tools-for-STM32/bin/../lib/gcc/arm-none-eabi/12.3.1/../../../../arm-none-eabi/lib/thumb/v7e-m+fp/hard/libc_nano.a(libc_a-impure.o)
                0x2000000c                _impure_ptr
 .data._impure_data
                0x20000010       0x4c /opt/st/stm32cubeclt_1.17.0/GNU-tools-for-STM32/bin/../lib/gcc/arm-none-eabi/12.3.1/../../../../arm-none-eabi/lib/thumb/v7e-m+fp/hard/libc_nano.a(libc_a-impure.o)
                0x20000010                _impure_data
 .data.lastPlayer
                0x2000005c        0x6 CMakeFiles/touhou.dir/Core/Src/render.c.obj
 *fill*         0x20000062        0x2 
 .data.playerPosition
                0x20000064        0x4 CMakeFiles/touhou.dir/Core/Src/main.c.obj
                0x20000064                playerPosition
 .data.uwTickPrio
                0x20000068        0x4 CMakeFiles/touhou.dir/Drivers/STM32F4xx_HAL_Driver/Src/stm32f4xx_hal.c.obj
                0x20000068                uwTickPrio
 .data.uwTickFreq
                0x2000006c        0x1 CMakeFiles/touhou.dir/Drivers/STM32F4xx_HAL_Driver/Src/stm32f4xx_hal.c.obj
                0x2000006c                uwTickFreq
 *fill*         0x2000006d        0x3 
 .data.SystemCoreClock
                0x20000070        0x4 CMakeFiles/touhou.dir/Core/Src/system_stm32f4xx.c.obj
                0x20000070                SystemCoreClock
 .data.uxCriticalNesting
                0x20000074        0x4 CMakeFiles/touhou.dir/Middlewares/Third_Party/FreeRTOS/Source/portable/GCC/ARM_CM4F/port.c.obj
 .data.tiny     0x20000078        0x8 /opt/st/stm32cubeclt_1.17.0/GNU-tools-for-STM32/bin/../lib/gcc/arm-none-eabi/12.3.1/../../../../arm-none-eabi/lib/thumb/v7e-m+fp/hard/libm.a(libm_a-e_sqrt.o)
 .data.one      0x20000080        0x8 /opt/st/stm32cubeclt_1.17.0/GNU-tools-for-STM32/bin/../lib/gcc/arm-none-eabi/12.3.1/../../../../arm-none-eabi/lib/thumb/v7e-m+fp/hard/libm.a(libm_a-e_sqrt.o)
                0x20000088                        . = ALIGN (0x4)
                0x20000088                        _edata = .

.igot.plt       0x20000088        0x0 load address 0x08056ff0
 .igot.plt      0x20000088        0x0 /opt/st/stm32cubeclt_1.17.0/GNU-tools-for-STM32/bin/../lib/gcc/arm-none-eabi/12.3.1/thumb/v7e-m+fp/hard/crtbegin.o
                0x20000088                        . = ALIGN (0x4)

.bss            0x20000088    0x170f0 load address 0x08056ff0
                0x20000088                        _sbss = .
                0x20000088                        __bss_start__ = _sbss
 *(.bss)
 .bss           0x20000088       0x1c /opt/st/stm32cubeclt_1.17.0/GNU-tools-for-STM32/bin/../lib/gcc/arm-none-eabi/12.3.1/thumb/v7e-m+fp/hard/crtbegin.o
 *(.bss*)
 .bss.__sf      0x200000a4      0x138 /opt/st/stm32cubeclt_1.17.0/GNU-tools-for-STM32/bin/../lib/gcc/arm-none-eabi/12.3.1/../../../../arm-none-eabi/lib/thumb/v7e-m+fp/hard/libc_nano.a(libc_a-findfp.o)
                0x200000a4                __sf
 .bss.__stdio_exit_handler
                0x200001dc        0x4 /opt/st/stm32cubeclt_1.17.0/GNU-tools-for-STM32/bin/../lib/gcc/arm-none-eabi/12.3.1/../../../../arm-none-eabi/lib/thumb/v7e-m+fp/hard/libc_nano.a(libc_a-findfp.o)
                0x200001dc                __stdio_exit_handler
 .bss.errno     0x200001e0        0x4 /opt/st/stm32cubeclt_1.17.0/GNU-tools-for-STM32/bin/../lib/gcc/arm-none-eabi/12.3.1/../../../../arm-none-eabi/lib/thumb/v7e-m+fp/hard/libc_nano.a(libc_a-reent.o)
                0x200001e0                errno
 .bss.__lock___malloc_recursive_mutex
                0x200001e4        0x1 /opt/st/stm32cubeclt_1.17.0/GNU-tools-for-STM32/bin/../lib/gcc/arm-none-eabi/12.3.1/../../../../arm-none-eabi/lib/thumb/v7e-m+fp/hard/libc_nano.a(libc_a-lock.o)
                0x200001e4                __lock___malloc_recursive_mutex
 .bss.__lock___sfp_recursive_mutex
                0x200001e5        0x1 /opt/st/stm32cubeclt_1.17.0/GNU-tools-for-STM32/bin/../lib/gcc/arm-none-eabi/12.3.1/../../../../arm-none-eabi/lib/thumb/v7e-m+fp/hard/libc_nano.a(libc_a-lock.o)
                0x200001e5                __lock___sfp_recursive_mutex
 *fill*         0x200001e6        0x2 
 .bss.__malloc_sbrk_start
                0x200001e8        0x4 /opt/st/stm32cubeclt_1.17.0/GNU-tools-for-STM32/bin/../lib/gcc/arm-none-eabi/12.3.1/../../../../arm-none-eabi/lib/thumb/v7e-m+fp/hard/libc_nano.a(libc_a-mallocr.o)
                0x200001e8                __malloc_sbrk_start
 .bss.__malloc_free_list
                0x200001ec        0x4 /opt/st/stm32cubeclt_1.17.0/GNU-tools-for-STM32/bin/../lib/gcc/arm-none-eabi/12.3.1/../../../../arm-none-eabi/lib/thumb/v7e-m+fp/hard/libc_nano.a(libc_a-mallocr.o)
                0x200001ec                __malloc_free_list
 .bss.lastBullets
                0x200001f0       0x3c CMakeFiles/touhou.dir/Core/Src/render.c.obj
 .bss.hadc1     0x2000022c       0x48 CMakeFiles/touhou.dir/Core/Src/main.c.obj
                0x2000022c                hadc1
 .bss.hdma_adc1
                0x20000274       0x60 CMakeFiles/touhou.dir/Core/Src/main.c.obj
                0x20000274                hdma_adc1
 .bss.hspi1     0x200002d4       0x58 CMakeFiles/touhou.dir/Core/Src/main.c.obj
                0x200002d4                hspi1
 .bss.hdma_spi1_tx
                0x2000032c       0x60 CMakeFiles/touhou.dir/Core/Src/main.c.obj
                0x2000032c                hdma_spi1_tx
 .bss.htim3     0x2000038c       0x48 CMakeFiles/touhou.dir/Core/Src/main.c.obj
                0x2000038c                htim3
 .bss.defaultTaskHandle
                0x200003d4        0x4 CMakeFiles/touhou.dir/Core/Src/main.c.obj
                0x200003d4                defaultTaskHandle
 .bss.adcBuff   0x200003d8        0x4 CMakeFiles/touhou.dir/Core/Src/main.c.obj
                0x200003d8                adcBuff
 .bss.bullets   0x200003dc       0x64 CMakeFiles/touhou.dir/Core/Src/main.c.obj
                0x200003dc                bullets
 .bss.renderFlag
                0x20000440        0x4 CMakeFiles/touhou.dir/Core/Src/main.c.obj
                0x20000440                renderFlag
 .bss.js_x0     0x20000444        0x2 CMakeFiles/touhou.dir/Core/Src/main.c.obj
                0x20000444                js_x0
 .bss.js_y0     0x20000446        0x2 CMakeFiles/touhou.dir/Core/Src/main.c.obj
                0x20000446                js_y0
 .bss.htim1     0x20000448       0x48 CMakeFiles/touhou.dir/Core/Src/stm32f4xx_hal_timebase_tim.c.obj
                0x20000448                htim1
 .bss.uwTick    0x20000490        0x4 CMakeFiles/touhou.dir/Drivers/STM32F4xx_HAL_Driver/Src/stm32f4xx_hal.c.obj
                0x20000490                uwTick
 .bss.xQueueRegistry
                0x20000494       0x40 CMakeFiles/touhou.dir/Middlewares/Third_Party/FreeRTOS/Source/queue.c.obj
                0x20000494                xQueueRegistry
 .bss.pxCurrentTCB
                0x200004d4        0x4 CMakeFiles/touhou.dir/Middlewares/Third_Party/FreeRTOS/Source/tasks.c.obj
                0x200004d4                pxCurrentTCB
 .bss.pxReadyTasksLists
                0x200004d8      0x460 CMakeFiles/touhou.dir/Middlewares/Third_Party/FreeRTOS/Source/tasks.c.obj
 .bss.xDelayedTaskList1
                0x20000938       0x14 CMakeFiles/touhou.dir/Middlewares/Third_Party/FreeRTOS/Source/tasks.c.obj
 .bss.xDelayedTaskList2
                0x2000094c       0x14 CMakeFiles/touhou.dir/Middlewares/Third_Party/FreeRTOS/Source/tasks.c.obj
 .bss.pxDelayedTaskList
                0x20000960        0x4 CMakeFiles/touhou.dir/Middlewares/Third_Party/FreeRTOS/Source/tasks.c.obj
 .bss.pxOverflowDelayedTaskList
                0x20000964        0x4 CMakeFiles/touhou.dir/Middlewares/Third_Party/FreeRTOS/Source/tasks.c.obj
 .bss.xPendingReadyList
                0x20000968       0x14 CMakeFiles/touhou.dir/Middlewares/Third_Party/FreeRTOS/Source/tasks.c.obj
 .bss.xTasksWaitingTermination
                0x2000097c       0x14 CMakeFiles/touhou.dir/Middlewares/Third_Party/FreeRTOS/Source/tasks.c.obj
 .bss.uxDeletedTasksWaitingCleanUp
                0x20000990        0x4 CMakeFiles/touhou.dir/Middlewares/Third_Party/FreeRTOS/Source/tasks.c.obj
 .bss.xSuspendedTaskList
                0x20000994       0x14 CMakeFiles/touhou.dir/Middlewares/Third_Party/FreeRTOS/Source/tasks.c.obj
 .bss.uxCurrentNumberOfTasks
                0x200009a8        0x4 CMakeFiles/touhou.dir/Middlewares/Third_Party/FreeRTOS/Source/tasks.c.obj
 .bss.xTickCount
                0x200009ac        0x4 CMakeFiles/touhou.dir/Middlewares/Third_Party/FreeRTOS/Source/tasks.c.obj
 .bss.uxTopReadyPriority
                0x200009b0        0x4 CMakeFiles/touhou.dir/Middlewares/Third_Party/FreeRTOS/Source/tasks.c.obj
 .bss.xSchedulerRunning
                0x200009b4        0x4 CMakeFiles/touhou.dir/Middlewares/Third_Party/FreeRTOS/Source/tasks.c.obj
 .bss.xPendedTicks
                0x200009b8        0x4 CMakeFiles/touhou.dir/Middlewares/Third_Party/FreeRTOS/Source/tasks.c.obj
 .bss.xYieldPending
                0x200009bc        0x4 CMakeFiles/touhou.dir/Middlewares/Third_Party/FreeRTOS/Source/tasks.c.obj
 .bss.xNumOfOverflows
                0x200009c0        0x4 CMakeFiles/touhou.dir/Middlewares/Third_Party/FreeRTOS/Source/tasks.c.obj
 .bss.uxTaskNumber
                0x200009c4        0x4 CMakeFiles/touhou.dir/Middlewares/Third_Party/FreeRTOS/Source/tasks.c.obj
 .bss.xNextTaskUnblockTime
                0x200009c8        0x4 CMakeFiles/touhou.dir/Middlewares/Third_Party/FreeRTOS/Source/tasks.c.obj
 .bss.xIdleTaskHandle
                0x200009cc        0x4 CMakeFiles/touhou.dir/Middlewares/Third_Party/FreeRTOS/Source/tasks.c.obj
 .bss.uxSchedulerSuspended
                0x200009d0        0x4 CMakeFiles/touhou.dir/Middlewares/Third_Party/FreeRTOS/Source/tasks.c.obj
 .bss.xActiveTimerList1
                0x200009d4       0x14 CMakeFiles/touhou.dir/Middlewares/Third_Party/FreeRTOS/Source/timers.c.obj
 .bss.xActiveTimerList2
                0x200009e8       0x14 CMakeFiles/touhou.dir/Middlewares/Third_Party/FreeRTOS/Source/timers.c.obj
 .bss.pxCurrentTimerList
                0x200009fc        0x4 CMakeFiles/touhou.dir/Middlewares/Third_Party/FreeRTOS/Source/timers.c.obj
 .bss.pxOverflowTimerList
                0x20000a00        0x4 CMakeFiles/touhou.dir/Middlewares/Third_Party/FreeRTOS/Source/timers.c.obj
 .bss.xTimerQueue
                0x20000a04        0x4 CMakeFiles/touhou.dir/Middlewares/Third_Party/FreeRTOS/Source/timers.c.obj
 .bss.xTimerTaskHandle
                0x20000a08        0x4 CMakeFiles/touhou.dir/Middlewares/Third_Party/FreeRTOS/Source/timers.c.obj
 .bss.xLastTime.2
                0x20000a0c        0x4 CMakeFiles/touhou.dir/Middlewares/Third_Party/FreeRTOS/Source/timers.c.obj
 .bss.ucStaticTimerQueueStorage.1
                0x20000a10       0xa0 CMakeFiles/touhou.dir/Middlewares/Third_Party/FreeRTOS/Source/timers.c.obj
 .bss.xStaticTimerQueue.0
                0x20000ab0       0x50 CMakeFiles/touhou.dir/Middlewares/Third_Party/FreeRTOS/Source/timers.c.obj
 .bss.KernelState
                0x20000b00        0x4 CMakeFiles/touhou.dir/Middlewares/Third_Party/FreeRTOS/Source/CMSIS_RTOS_V2/cmsis_os2.c.obj
 .bss.Idle_TCB.3
                0x20000b04       0x5c CMakeFiles/touhou.dir/Middlewares/Third_Party/FreeRTOS/Source/CMSIS_RTOS_V2/cmsis_os2.c.obj
 .bss.Idle_Stack.2
                0x20000b60      0x200 CMakeFiles/touhou.dir/Middlewares/Third_Party/FreeRTOS/Source/CMSIS_RTOS_V2/cmsis_os2.c.obj
 .bss.Timer_TCB.1
                0x20000d60       0x5c CMakeFiles/touhou.dir/Middlewares/Third_Party/FreeRTOS/Source/CMSIS_RTOS_V2/cmsis_os2.c.obj
 .bss.Timer_Stack.0
                0x20000dbc      0x400 CMakeFiles/touhou.dir/Middlewares/Third_Party/FreeRTOS/Source/CMSIS_RTOS_V2/cmsis_os2.c.obj
 .bss.ucHeap    0x200011bc    0x15f90 CMakeFiles/touhou.dir/Middlewares/Third_Party/FreeRTOS/Source/portable/MemMang/heap_4.c.obj
 .bss.xStart    0x2001714c        0x8 CMakeFiles/touhou.dir/Middlewares/Third_Party/FreeRTOS/Source/portable/MemMang/heap_4.c.obj
 .bss.pxEnd     0x20017154        0x4 CMakeFiles/touhou.dir/Middlewares/Third_Party/FreeRTOS/Source/portable/MemMang/heap_4.c.obj
 .bss.xFreeBytesRemaining
                0x20017158        0x4 CMakeFiles/touhou.dir/Middlewares/Third_Party/FreeRTOS/Source/portable/MemMang/heap_4.c.obj
 .bss.xMinimumEverFreeBytesRemaining
                0x2001715c        0x4 CMakeFiles/touhou.dir/Middlewares/Third_Party/FreeRTOS/Source/portable/MemMang/heap_4.c.obj
 .bss.xNumberOfSuccessfulAllocations
                0x20017160        0x4 CMakeFiles/touhou.dir/Middlewares/Third_Party/FreeRTOS/Source/portable/MemMang/heap_4.c.obj
 .bss.xNumberOfSuccessfulFrees
                0x20017164        0x4 CMakeFiles/touhou.dir/Middlewares/Third_Party/FreeRTOS/Source/portable/MemMang/heap_4.c.obj
 .bss.xBlockAllocatedBit
                0x20017168        0x4 CMakeFiles/touhou.dir/Middlewares/Third_Party/FreeRTOS/Source/portable/MemMang/heap_4.c.obj
 .bss.ucMaxSysCallPriority
                0x2001716c        0x1 CMakeFiles/touhou.dir/Middlewares/Third_Party/FreeRTOS/Source/portable/GCC/ARM_CM4F/port.c.obj
 *fill*         0x2001716d        0x3 
 .bss.ulMaxPRIGROUPValue
                0x20017170        0x4 CMakeFiles/touhou.dir/Middlewares/Third_Party/FreeRTOS/Source/portable/GCC/ARM_CM4F/port.c.obj
 .bss.__sbrk_heap_end
                0x20017174        0x4 CMakeFiles/touhou.dir/Core/Src/sysmem.c.obj
 *(COMMON)
                0x20017178                        . = ALIGN (0x4)
                0x20017178                        _ebss = .
                0x20017178                        __bss_end__ = _ebss

._user_heap_stack
                0x20017178      0x600 load address 0x08056ff0
                0x20017178                        . = ALIGN (0x8)
                [!provide]                        PROVIDE (end = .)
                0x20017178                        PROVIDE (_end = .)
                0x20017378                        . = (. + _Min_Heap_Size)
 *fill*         0x20017178      0x200 
                0x20017778                        . = (. + _Min_Stack_Size)
 *fill*         0x20017378      0x400 
                0x20017778                        . = ALIGN (0x8)

/DISCARD/
 libc.a(*)
 libm.a(*)
 libgcc.a(*)
OUTPUT(touhou.elf elf32-littlearm)
LOAD linker stubs
LOAD /opt/st/stm32cubeclt_1.17.0/GNU-tools-for-STM32/bin/../lib/gcc/arm-none-eabi/12.3.1/../../../../arm-none-eabi/lib/thumb/v7e-m+fp/hard/libc.a
LOAD /opt/st/stm32cubeclt_1.17.0/GNU-tools-for-STM32/bin/../lib/gcc/arm-none-eabi/12.3.1/../../../../arm-none-eabi/lib/thumb/v7e-m+fp/hard/libm.a
LOAD /opt/st/stm32cubeclt_1.17.0/GNU-tools-for-STM32/bin/../lib/gcc/arm-none-eabi/12.3.1/thumb/v7e-m+fp/hard/libgcc.a

.ARM.attributes
                0x00000000       0x30
 .ARM.attributes
                0x00000000       0x22 /opt/st/stm32cubeclt_1.17.0/GNU-tools-for-STM32/bin/../lib/gcc/arm-none-eabi/12.3.1/thumb/v7e-m+fp/hard/crti.o
 .ARM.attributes
                0x00000022       0x34 /opt/st/stm32cubeclt_1.17.0/GNU-tools-for-STM32/bin/../lib/gcc/arm-none-eabi/12.3.1/thumb/v7e-m+fp/hard/crtbegin.o
 .ARM.attributes
                0x00000056       0x34 /opt/st/stm32cubeclt_1.17.0/GNU-tools-for-STM32/bin/../lib/gcc/arm-none-eabi/12.3.1/../../../../arm-none-eabi/lib/thumb/v7e-m+fp/hard/libc_nano.a(libc_a-findfp.o)
 .ARM.attributes
                0x0000008a       0x34 /opt/st/stm32cubeclt_1.17.0/GNU-tools-for-STM32/bin/../lib/gcc/arm-none-eabi/12.3.1/../../../../arm-none-eabi/lib/thumb/v7e-m+fp/hard/libc_nano.a(libc_a-fwalk.o)
 .ARM.attributes
                0x000000be       0x34 /opt/st/stm32cubeclt_1.17.0/GNU-tools-for-STM32/bin/../lib/gcc/arm-none-eabi/12.3.1/../../../../arm-none-eabi/lib/thumb/v7e-m+fp/hard/libc_nano.a(libc_a-stdio.o)
 .ARM.attributes
                0x000000f2       0x34 /opt/st/stm32cubeclt_1.17.0/GNU-tools-for-STM32/bin/../lib/gcc/arm-none-eabi/12.3.1/../../../../arm-none-eabi/lib/thumb/v7e-m+fp/hard/libc_nano.a(libc_a-memset.o)
 .ARM.attributes
                0x00000126       0x34 /opt/st/stm32cubeclt_1.17.0/GNU-tools-for-STM32/bin/../lib/gcc/arm-none-eabi/12.3.1/../../../../arm-none-eabi/lib/thumb/v7e-m+fp/hard/libc_nano.a(libc_a-closer.o)
 .ARM.attributes
                0x0000015a       0x34 /opt/st/stm32cubeclt_1.17.0/GNU-tools-for-STM32/bin/../lib/gcc/arm-none-eabi/12.3.1/../../../../arm-none-eabi/lib/thumb/v7e-m+fp/hard/libc_nano.a(libc_a-reent.o)
 .ARM.attributes
                0x0000018e       0x34 /opt/st/stm32cubeclt_1.17.0/GNU-tools-for-STM32/bin/../lib/gcc/arm-none-eabi/12.3.1/../../../../arm-none-eabi/lib/thumb/v7e-m+fp/hard/libc_nano.a(libc_a-impure.o)
 .ARM.attributes