Archive member included to satisfy reference by file (symbol)

/opt/ST/STM32CubeCLT_1.17.0/GNU-tools-for-STM32/bin/../lib/gcc/arm-none-eabi/12.3.1/../../../../arm-none-eabi/lib/thumb/v7e-m+fp/hard/libc_nano.a(libc_a-exit.o)
                              /opt/ST/STM32CubeCLT_1.17.0/GNU-tools-for-STM32/bin/../lib/gcc/arm-none-eabi/12.3.1/../../../../arm-none-eabi/lib/thumb/v7e-m+fp/hard/crt0.o (exit)
/opt/ST/STM32CubeCLT_1.17.0/GNU-tools-for-STM32/bin/../lib/gcc/arm-none-eabi/12.3.1/../../../../arm-none-eabi/lib/thumb/v7e-m+fp/hard/libc_nano.a(libc_a-findfp.o)
                              /opt/ST/STM32CubeCLT_1.17.0/GNU-tools-for-STM32/bin/../lib/gcc/arm-none-eabi/12.3.1/../../../../arm-none-eabi/lib/thumb/v7e-m+fp/hard/libc_nano.a(libc_a-exit.o) (__stdio_exit_handler)
/opt/ST/STM32CubeCLT_1.17.0/GNU-tools-for-STM32/bin/../lib/gcc/arm-none-eabi/12.3.1/../../../../arm-none-eabi/lib/thumb/v7e-m+fp/hard/libc_nano.a(libc_a-fwalk.o)
                              /opt/ST/STM32CubeCLT_1.17.0/GNU-tools-for-STM32/bin/../lib/gcc/arm-none-eabi/12.3.1/../../../../arm-none-eabi/lib/thumb/v7e-m+fp/hard/libc_nano.a(libc_a-findfp.o) (_fwalk_sglue)
/opt/ST/STM32CubeCLT_1.17.0/GNU-tools-for-STM32/bin/../lib/gcc/arm-none-eabi/12.3.1/../../../../arm-none-eabi/lib/thumb/v7e-m+fp/hard/libc_nano.a(libc_a-memset.o)
                              /opt/ST/STM32CubeCLT_1.17.0/GNU-tools-for-STM32/bin/../lib/gcc/arm-none-eabi/12.3.1/../../../../arm-none-eabi/lib/thumb/v7e-m+fp/hard/crt0.o (memset)
/opt/ST/STM32CubeCLT_1.17.0/GNU-tools-for-STM32/bin/../lib/gcc/arm-none-eabi/12.3.1/../../../../arm-none-eabi/lib/thumb/v7e-m+fp/hard/libc_nano.a(libc_a-impure.o)
                              /opt/ST/STM32CubeCLT_1.17.0/GNU-tools-for-STM32/bin/../lib/gcc/arm-none-eabi/12.3.1/../../../../arm-none-eabi/lib/thumb/v7e-m+fp/hard/libc_nano.a(libc_a-findfp.o) (_impure_data)
/opt/ST/STM32CubeCLT_1.17.0/GNU-tools-for-STM32/bin/../lib/gcc/arm-none-eabi/12.3.1/../../../../arm-none-eabi/lib/thumb/v7e-m+fp/hard/libc_nano.a(libc_a-init.o)
                              /opt/ST/STM32CubeCLT_1.17.0/GNU-tools-for-STM32/bin/../lib/gcc/arm-none-eabi/12.3.1/../../../../arm-none-eabi/lib/thumb/v7e-m+fp/hard/crt0.o (__libc_init_array)
/opt/ST/STM32CubeCLT_1.17.0/GNU-tools-for-STM32/bin/../lib/gcc/arm-none-eabi/12.3.1/../../../../arm-none-eabi/lib/thumb/v7e-m+fp/hard/libc_nano.a(libc_a-lock.o)
                              /opt/ST/STM32CubeCLT_1.17.0/GNU-tools-for-STM32/bin/../lib/gcc/arm-none-eabi/12.3.1/../../../../arm-none-eabi/lib/thumb/v7e-m+fp/hard/libc_nano.a(libc_a-findfp.o) (__retarget_lock_init_recursive)
/opt/ST/STM32CubeCLT_1.17.0/GNU-tools-for-STM32/bin/../lib/gcc/arm-none-eabi/12.3.1/../../../../arm-none-eabi/lib/thumb/v7e-m+fp/hard/libc_nano.a(libc_a-mallocr.o)
                              /opt/ST/STM32CubeCLT_1.17.0/GNU-tools-for-STM32/bin/../lib/gcc/arm-none-eabi/12.3.1/../../../../arm-none-eabi/lib/thumb/v7e-m+fp/hard/libc_nano.a(libc_a-findfp.o) (_malloc_r)
/opt/ST/STM32CubeCLT_1.17.0/GNU-tools-for-STM32/bin/../lib/gcc/arm-none-eabi/12.3.1/../../../../arm-none-eabi/lib/thumb/v7e-m+fp/hard/libc_nano.a(libc_a-fflush.o)
                              /opt/ST/STM32CubeCLT_1.17.0/GNU-tools-for-STM32/bin/../lib/gcc/arm-none-eabi/12.3.1/../../../../arm-none-eabi/lib/thumb/v7e-m+fp/hard/libc_nano.a(libc_a-findfp.o) (_fflush_r)
/opt/ST/STM32CubeCLT_1.17.0/GNU-tools-for-STM32/bin/../lib/gcc/arm-none-eabi/12.3.1/../../../../arm-none-eabi/lib/thumb/v7e-m+fp/hard/libc_nano.a(libc_a-mlock.o)
                              /opt/ST/STM32CubeCLT_1.17.0/GNU-tools-for-STM32/bin/../lib/gcc/arm-none-eabi/12.3.1/../../../../arm-none-eabi/lib/thumb/v7e-m+fp/hard/libc_nano.a(libc_a-mallocr.o) (__malloc_lock)
/opt/ST/STM32CubeCLT_1.17.0/GNU-tools-for-STM32/bin/../lib/gcc/arm-none-eabi/12.3.1/../../../../arm-none-eabi/lib/thumb/v7e-m+fp/hard/libc_nano.a(libc_a-stdio.o)
                              /opt/ST/STM32CubeCLT_1.17.0/GNU-tools-for-STM32/bin/../lib/gcc/arm-none-eabi/12.3.1/../../../../arm-none-eabi/lib/thumb/v7e-m+fp/hard/libc_nano.a(libc_a-findfp.o) (__sread)
/opt/ST/STM32CubeCLT_1.17.0/GNU-tools-for-STM32/bin/../lib/gcc/arm-none-eabi/12.3.1/../../../../arm-none-eabi/lib/thumb/v7e-m+fp/hard/libc_nano.a(libc_a-closer.o)
                              /opt/ST/STM32CubeCLT_1.17.0/GNU-tools-for-STM32/bin/../lib/gcc/arm-none-eabi/12.3.1/../../../../arm-none-eabi/lib/thumb/v7e-m+fp/hard/libc_nano.a(libc_a-stdio.o) (_close_r)
/opt/ST/STM32CubeCLT_1.17.0/GNU-tools-for-STM32/bin/../lib/gcc/arm-none-eabi/12.3.1/../../../../arm-none-eabi/lib/thumb/v7e-m+fp/hard/libc_nano.a(libc_a-reent.o)
                              /opt/ST/STM32CubeCLT_1.17.0/GNU-tools-for-STM32/bin/../lib/gcc/arm-none-eabi/12.3.1/../../../../arm-none-eabi/lib/thumb/v7e-m+fp/hard/libc_nano.a(libc_a-closer.o) (errno)
/opt/ST/STM32CubeCLT_1.17.0/GNU-tools-for-STM32/bin/../lib/gcc/arm-none-eabi/12.3.1/../../../../arm-none-eabi/lib/thumb/v7e-m+fp/hard/libc_nano.a(libc_a-lseekr.o)
[...]
Memory Configuration

Name             Origin             Length             Attributes
RAM              0x20000000         0x00018000         xrw
FLASH            0x08000000         0x00080000         xr
*default*        0x00000000         0xffffffff

Linker script and memory map

LOAD /opt/ST/STM32CubeCLT_1.17.0/GNU-tools-for-STM32/bin/../lib/gcc/arm-none-eabi/12.3.1/thumb/v7e-m+fp/hard/crti.o
LOAD /opt/ST/STM32CubeCLT_1.17.0/GNU-tools-for-STM32/bin/../lib/gcc/arm-none-eabi/12.3.1/thumb/v7e-m+fp/hard/crtbegin.o
LOAD /opt/ST/STM32CubeCLT_1.17.0/GNU-tools-for-STM32/bin/../lib/gcc/arm-none-eabi/12.3.1/../../../../arm-none-eabi/lib/thumb/v7e-m+fp/hard/crt0.o
START GROUP
LOAD /opt/ST/STM32CubeCLT_1.17.0/GNU-tools-for-STM32/bin/../lib/gcc/arm-none-eabi/12.3.1/../../../../arm-none-eabi/lib/thumb/v7e-m+fp/hard/libc_nano.a
LOAD /opt/ST/STM32CubeCLT_1.17.0/GNU-tools-for-STM32/bin/../lib/gcc/arm-none-eabi/12.3.1/../../../../arm-none-eabi/lib/thumb/v7e-m+fp/hard/libm.a
END GROUP
LOAD CMakeFiles/touhou.dir/Core/Src/player.c.obj
LOAD CMakeFiles/touhou.dir/Core/Src/song1.c.obj
LOAD CMakeFiles/touhou.dir/Core/Src/display.c.obj
LOAD CMakeFiles/touhou.dir/Core/Src/frames.c.obj
LOAD CMakeFiles/touhou.dir/Core/Src/playerPosition.c.obj
LOAD CMakeFiles/touhou.dir/Core/Src/enemyBullets.c.obj
LOAD CMakeFiles/touhou.dir/Core/Src/collision.c.obj
LOAD CMakeFiles/touhou.dir/Core/Src/render.c.obj
LOAD CMakeFiles/touhou.dir/Core/Src/main.c.obj
LOAD CMakeFiles/touhou.dir/Core/Src/freertos.c.obj
LOAD CMakeFiles/touhou.dir/Core/Src/stm32f4xx_it.c.obj
LOAD CMakeFiles/touhou.dir/Core/Src/stm32f4xx_hal_msp.c.obj
LOAD CMakeFiles/touhou.dir/Core/Src/stm32f4xx_hal_timebase_tim.c.obj
LOAD CMakeFiles/touhou.dir/Drivers/STM32F4xx_HAL_Driver/Src/stm32f4xx_hal_tim.c.obj
LOAD CMakeFiles/touhou.dir/Drivers/STM32F4xx_HAL_Driver/Src/stm32f4xx_hal_tim_ex.c.obj
LOAD CMakeFiles/touhou.dir/Drivers/STM32F4xx_HAL_Driver/Src/stm32f4xx_hal_adc.c.obj
LOAD CMakeFiles/touhou.dir/Drivers/STM32F4xx_HAL_Driver/Src/stm32f4xx_hal_adc_ex.c.obj
LOAD CMakeFiles/touhou.dir/Drivers/STM32F4xx_HAL_Driver/Src/stm32f4xx_ll_adc.c.obj
LOAD CMakeFiles/touhou.dir/Drivers/STM32F4xx_HAL_Driver/Src/stm32f4xx_hal_rcc.c.obj
LOAD CMakeFiles/touhou.dir/Drivers/STM32F4xx_HAL_Driver/Src/stm32f4xx_hal_rcc_ex.c.obj
LOAD CMakeFiles/touhou.dir/Drivers/STM32F4xx_HAL_Driver/Src/stm32f4xx_hal_flash.c.obj
LOAD CMakeFiles/touhou.dir/Drivers/STM32F4xx_HAL_Driver/Src/stm32f4xx_hal_flash_ex.c.obj
LOAD CMakeFiles/touhou.dir/Drivers/STM32F4xx_HAL_Driver/Src/stm32f4xx_hal_flash_ramfunc.c.obj
LOAD CMakeFiles/touhou.dir/Drivers/STM32F4xx_HAL_Driver/Src/stm32f4xx_hal_gpio.c.obj
LOAD CMakeFiles/touhou.dir/Drivers/STM32F4xx_HAL_Driver/Src/stm32f4xx_hal_dma_ex.c.obj
LOAD CMakeFiles/touhou.dir/Drivers/STM32F4xx_HAL_Driver/Src/stm32f4xx_hal_dma.c.obj
LOAD CMakeFiles/touhou.dir/Drivers/STM32F4xx_HAL_Driver/Src/stm32f4xx_hal_pwr.c.obj
LOAD CMakeFiles/touhou.dir/Drivers/STM32F4xx_HAL_Driver/Src/stm32f4xx_hal_pwr_ex.c.obj
LOAD CMakeFiles/touhou.dir/Drivers/STM32F4xx_HAL_Driver/Src/stm32f4xx_hal_cortex.c.obj
LOAD CMakeFiles/touhou.dir/Drivers/STM32F4xx_HAL_Driver/Src/stm32f4xx_hal.c.obj
LOAD CMakeFiles/touhou.dir/Drivers/STM32F4xx_HAL_Driver/Src/stm32f4xx_hal_exti.c.obj
LOAD CMakeFiles/touhou.dir/Drivers/STM32F4xx_HAL_Driver/Src/stm32f4xx_hal_spi.c.obj
LOAD CMakeFiles/touhou.dir/Drivers/STM32F4xx_HAL_Driver/Src/stm32f4xx_hal_uart.c.obj
LOAD CMakeFiles/touhou.dir/Core/Src/system_stm32f4xx.c.obj
LOAD CMakeFiles/touhou.dir/Middlewares/Third_Party/FreeRTOS/Source/croutine.c.obj
LOAD CMakeFiles/touhou.dir/Middlewares/Third_Party/FreeRTOS/Source/event_groups.c.obj
LOAD CMakeFiles/touhou.dir/Middlewares/Third_Party/FreeRTOS/Source/list.c.obj
LOAD CMakeFiles/touhou.dir/Middlewares/Third_Party/FreeRTOS/Source/queue.c.obj
LOAD CMakeFiles/touhou.dir/Middlewares/Third_Party/FreeRTOS/Source/stream_buffer.c.obj
LOAD CMakeFiles/touhou.dir/Middlewares/Third_Party/FreeRTOS/Source/tasks.c.obj
LOAD CMakeFiles/touhou.dir/Middlewares/Third_Party/FreeRTOS/Source/timers.c.obj
LOAD CMakeFiles/touhou.dir/Middlewares/Third_Party/FreeRTOS/Source/CMSIS_RTOS_V2/cmsis_os2.c.obj
LOAD CMakeFiles/touhou.dir/Middlewares/Third_Party/FreeRTOS/Source/portable/MemMang/heap_4.c.obj
LOAD CMakeFiles/touhou.dir/Middlewares/Third_Party/FreeRTOS/Source/portable/GCC/ARM_CM4F/port.c.obj
LOAD CMakeFiles/touhou.dir/Core/Src/sysmem.c.obj
LOAD CMakeFiles/touhou.dir/Core/Src/syscalls.c.obj
LOAD CMakeFiles/touhou.dir/startup_stm32f401xe.s.obj
START GROUP
LOAD /opt/ST/STM32CubeCLT_1.17.0/GNU-tools-for-STM32/bin/../lib/gcc/arm-none-eabi/12.3.1/thumb/v7e-m+fp/hard/libgcc.a
LOAD /opt/ST/STM32CubeCLT_1.17.0/GNU-tools-for-STM32/bin/../lib/gcc/arm-none-eabi/12.3.1/../../../../arm-none-eabi/lib/thumb/v7e-m+fp/hard/libg_nano.a
LOAD /opt/ST/STM32CubeCLT_1.17.0/GNU-tools-for-STM32/bin/../lib/gcc/arm-none-eabi/12.3.1/../../../../arm-none-eabi/lib/thumb/v7e-m+fp/hard/libc_nano.a
END GROUP
START GROUP
LOAD /opt/ST/STM32CubeCLT_1.17.0/GNU-tools-for-STM32/bin/../lib/gcc/arm-none-eabi/12.3.1/thumb/v7e-m+fp/hard/libgcc.a
LOAD /opt/ST/STM32CubeCLT_1.17.0/GNU-tools-for-STM32/bin/../lib/gcc/arm-none-eabi/12.3.1/../../../../arm-none-eabi/lib/thumb/v7e-m+fp/hard/libc_nano.a
END GROUP
LOAD /opt/ST/STM32CubeCLT_1.17.0/GNU-tools-for-STM32/bin/../lib/gcc/arm-none-eabi/12.3.1/thumb/v7e-m+fp/hard/crtend.o
LOAD /opt/ST/STM32CubeCLT_1.17.0/GNU-tools-for-STM32/bin/../lib/gcc/arm-none-eabi/12.3.1/thumb/v7e-m+fp/hard/crtn.o
                0x20018000                        _estack = (ORIGIN (RAM) + LENGTH (RAM))
                0x00000200                        _Min_Heap_Size = 0x200
                0x00000400                        _Min_Stack_Size = 0x400

.isr_vector     0x08000000      0x194
                0x08000000                        . = ALIGN (0x4)
 *(.isr_vector)
 .isr_vector    0x08000000      0x194 CMakeFiles/touhou.dir/startup_stm32f401xe.s.obj
                0x08000000                g_pfnVectors
                0x08000194                        . = ALIGN (0x4)

.text           0x080001a0     0xb7f4
                0x080001a0                        . = ALIGN (0x4)
 *(.text)
 .text          0x080001a0       0x40 /opt/ST/STM32CubeCLT_1.17.0/GNU-tools-for-STM32/bin/../lib/gcc/arm-none-eabi/12.3.1/thumb/v7e-m+fp/hard/crtbegin.o
 .text          0x080001e0      0x378 /opt/ST/STM32CubeCLT_1.17.0/GNU-tools-for-STM32/bin/../lib/gcc/arm-none-eabi/12.3.1/thumb/v7e-m+fp/hard/libgcc.a(_arm_addsubdf3.o)
                0x080001e0                __aeabi_drsub
                0x080001e8                __subdf3
                0x080001e8                __aeabi_dsub
                0x080001ec                __aeabi_dadd
                0x080001ec                __adddf3
                0x08000464                __aeabi_ui2d
                0x08000464                __floatunsidf
                0x08000484                __floatsidf
                0x08000484                __aeabi_i2d
                0x080004a8                __extendsfdf2
                0x080004a8                __aeabi_f2d
                0x080004ec                __aeabi_ul2d
                0x080004ec                __floatundidf
                0x080004fc                __aeabi_l2d
                0x080004fc                __floatdidf
 .text          0x08000558      0x110 /opt/ST/STM32CubeCLT_1.17.0/GNU-tools-for-STM32/bin/../lib/gcc/arm-none-eabi/12.3.1/thumb/v7e-m+fp/hard/libgcc.a(_arm_cmpdf2.o)
                0x08000558                __gedf2
                0x08000558                __gtdf2
                0x08000560                __ledf2
                0x08000560                __ltdf2
                0x08000568                __cmpdf2
                0x08000568                __eqdf2
                0x08000568                __nedf2
                0x080005e4                __aeabi_cdrcmple
                0x080005f4                __aeabi_cdcmple
                0x080005f4                __aeabi_cdcmpeq
                0x08000604                __aeabi_dcmpeq
                0x08000618                __aeabi_dcmplt
                0x0800062c                __aeabi_dcmple
                0x08000640                __aeabi_dcmpge
                0x08000654                __aeabi_dcmpgt
 .text          0x08000668       0xa0 /opt/ST/STM32CubeCLT_1.17.0/GNU-tools-for-STM32/bin/../lib/gcc/arm-none-eabi/12.3.1/thumb/v7e-m+fp/hard/libgcc.a(_arm_truncdfsf2.o)
                0x08000668                __aeabi_d2f
                0x08000668                __truncdfsf2
 .text          0x08000708       0x30 /opt/ST/STM32CubeCLT_1.17.0/GNU-tools-for-STM32/bin/../lib/gcc/arm-none-eabi/12.3.1/thumb/v7e-m+fp/hard/libgcc.a(_aeabi_uldivmod.o)
                0x08000708                __aeabi_uldivmod
 .text          0x08000738      0x2bc /opt/ST/STM32CubeCLT_1.17.0/GNU-tools-for-STM32/bin/../lib/gcc/arm-none-eabi/12.3.1/thumb/v7e-m+fp/hard/libgcc.a(_udivmoddi4.o)
                0x08000738                __udivmoddi4
 .text          0x080009f4        0x4 /opt/ST/STM32CubeCLT_1.17.0/GNU-tools-for-STM32/bin/../lib/gcc/arm-none-eabi/12.3.1/thumb/v7e-m+fp/hard/libgcc.a(_dvmd_tls.o)
                0x080009f4                __aeabi_ldiv0
                0x080009f4                __aeabi_idiv0
 *fill*         0x080009f8        0x8 
 .text          0x08000a00       0xa0 /opt/ST/STM32CubeCLT_1.17.0/GNU-tools-for-STM32/bin/../lib/gcc/arm-none-eabi/12.3.1/../../../../arm-none-eabi/lib/thumb/v7e-m+fp/hard/libg_nano.a(libc_a-memchr.o)
                0x08000a00                memchr
 .text          0x08000aa0      0x424 /opt/ST/STM32CubeCLT_1.17.0/GNU-tools-for-STM32/bin/../lib/gcc/arm-none-eabi/12.3.1/thumb/v7e-m+fp/hard/libgcc.a(_arm_muldivdf3.o)
                0x08000aa0                __aeabi_dmul
                0x08000aa0                __muldf3
                0x08000cf4                __aeabi_ddiv
                0x08000cf4                __divdf3
 .text          0x08000ec4       0x2c /opt/ST/STM32CubeCLT_1.17.0/GNU-tools-for-STM32/bin/../lib/gcc/arm-none-eabi/12.3.1/thumb/v7e-m+fp/hard/libgcc.a(_arm_unorddf2.o)
                0x08000ec4                __aeabi_dcmpun
                0x08000ec4                __unorddf2
 *(.text*)
 .text.std      0x08000ef0       0x6c /opt/ST/STM32CubeCLT_1.17.0/GNU-tools-for-STM32/bin/../lib/gcc/arm-none-eabi/12.3.1/../../../../arm-none-eabi/lib/thumb/v7e-m+fp/hard/libc_nano.a(libc_a-findfp.o)
 .text.stdio_exit_handler
                0x08000f5c       0x18 /opt/ST/STM32CubeCLT_1.17.0/GNU-tools-for-STM32/bin/../lib/gcc/arm-none-eabi/12.3.1/../../../../arm-none-eabi/lib/thumb/v7e-m+fp/hard/libc_nano.a(libc_a-findfp.o)
 .text.cleanup_stdio
                0x08000f74       0x40 /opt/ST/STM32CubeCLT_1.17.0/GNU-tools-for-STM32/bin/../lib/gcc/arm-none-eabi/12.3.1/../../../../arm-none-eabi/lib/thumb/v7e-m+fp/hard/libc_nano.a(libc_a-findfp.o)
 .text.global_stdio_init.part.0
                0x08000fb4       0x3c /opt/ST/STM32CubeCLT_1.17.0/GNU-tools-for-STM32/bin/../lib/gcc/arm-none-eabi/12.3.1/../../../../arm-none-eabi/lib/thumb/v7e-m+fp/hard/libc_nano.a(libc_a-findfp.o)
 .text.__sfp_lock_acquire
                0x08000ff0        0xc /opt/ST/STM32CubeCLT_1.17.0/GNU-tools-for-STM32/bin/../lib/gcc/arm-none-eabi/12.3.1/../../../../arm-none-eabi/lib/thumb/v7e-m+fp/hard/libc_nano.a(libc_a-findfp.o)
                0x08000ff0                __sfp_lock_acquire
 .text.__sfp_lock_release
                0x08000ffc        0xc /opt/ST/STM32CubeCLT_1.17.0/GNU-tools-for-STM32/bin/../lib/gcc/arm-none-eabi/12.3.1/../../../../arm-none-eabi/lib/thumb/v7e-m+fp/hard/libc_nano.a(libc_a-findfp.o)
                0x08000ffc                __sfp_lock_release
 .text.__sinit  0x08001008       0x30 /opt/ST/STM32CubeCLT_1.17.0/GNU-tools-for-STM32/bin/../lib/gcc/arm-none-eabi/12.3.1/../../../../arm-none-eabi/lib/thumb/v7e-m+fp/hard/libc_nano.a(libc_a-findfp.o)
                0x08001008                __sinit
 .text._fwalk_sglue
                0x08001038       0x3c /opt/ST/STM32CubeCLT_1.17.0/GNU-tools-for-STM32/bin/../lib/gcc/arm-none-eabi/12.3.1/../../../../arm-none-eabi/lib/thumb/v7e-m+fp/hard/libc_nano.a(libc_a-fwalk.o)
                0x08001038                _fwalk_sglue
 .text.memset   0x08001074       0x10 /opt/ST/STM32CubeCLT_1.17.0/GNU-tools-for-STM32/bin/../lib/gcc/arm-none-eabi/12.3.1/../../../../arm-none-eabi/lib/thumb/v7e-m+fp/hard/libc_nano.a(libc_a-memset.o)
                0x08001074                memset
 .text.__libc_init_array
                0x08001084       0x48 /opt/ST/STM32CubeCLT_1.17.0/GNU-tools-for-STM32/bin/../lib/gcc/arm-none-eabi/12.3.1/../../../../arm-none-eabi/lib/thumb/v7e-m+fp/hard/libc_nano.a(libc_a-init.o)
                0x08001084                __libc_init_array
 .text.__retarget_lock_init_recursive
                0x080010cc        0x2 /opt/ST/STM32CubeCLT_1.17.0/GNU-tools-for-STM32/bin/../lib/gcc/arm-none-eabi/12.3.1/../../../../arm-none-eabi/lib/thumb/v7e-m+fp/hard/libc_nano.a(libc_a-lock.o)
                0x080010cc                __retarget_lock_init_recursive
 .text.__retarget_lock_acquire_recursive
                0x080010ce        0x2 /opt/ST/STM32CubeCLT_1.17.0/GNU-tools-for-STM32/bin/../lib/gcc/arm-none-eabi/12.3.1/../../../../arm-none-eabi/lib/thumb/v7e-m+fp/hard/libc_nano.a(libc_a-lock.o)
                0x080010ce                __retarget_lock_acquire_recursive
 .text.__retarget_lock_release_recursive
                0x080010d0        0x2 /opt/ST/STM32CubeCLT_1.17.0/GNU-tools-for-STM32/bin/../lib/gcc/arm-none-eabi/12.3.1/../../../../arm-none-eabi/lib/thumb/v7e-m+fp/hard/libc_nano.a(libc_a-lock.o)
                0x080010d0                __retarget_lock_release_recursive
 *fill*         0x080010d2        0x2 
 .text.sbrk_aligned
                0x080010d4       0x44 /opt/ST/STM32CubeCLT_1.17.0/GNU-tools-for-STM32/bin/../lib/gcc/arm-none-eabi/12.3.1/../../../../arm-none-eabi/lib/thumb/v7e-m+fp/hard/libc_nano.a(libc_a-mallocr.o)
 .text._malloc_r
                0x08001118      0x100 /opt/ST/STM32CubeCLT_1.17.0/GNU-tools-for-STM32/bin/../lib/gcc/arm-none-eabi/12.3.1/../../../../arm-none-eabi/lib/thumb/v7e-m+fp/hard/libc_nano.a(libc_a-mallocr.o)
                0x08001118                _malloc_r
 .text.__sflush_r
                0x08001218      0x108 /opt/ST/STM32CubeCLT_1.17.0/GNU-tools-for-STM32/bin/../lib/gcc/arm-none-eabi/12.3.1/../../../../arm-none-eabi/lib/thumb/v7e-m+fp/hard/libc_nano.a(libc_a-fflush.o)
                0x08001218                __sflush_r
 .text._fflush_r
                0x08001320       0x50 /opt/ST/STM32CubeCLT_1.17.0/GNU-tools-for-STM32/bin/../lib/gcc/arm-none-eabi/12.3.1/../../../../arm-none-eabi/lib/thumb/v7e-m+fp/hard/libc_nano.a(libc_a-fflush.o)
                0x08001320                _fflush_r
 .text.__malloc_lock
                0x08001370        0xc /opt/ST/STM32CubeCLT_1.17.0/GNU-tools-for-STM32/bin/../lib/gcc/arm-none-eabi/12.3.1/../../../../arm-none-eabi/lib/thumb/v7e-m+fp/hard/libc_nano.a(libc_a-mlock.o)
                0x08001370                __malloc_lock
 .text.__malloc_unlock
                0x0800137c        0xc /opt/ST/STM32CubeCLT_1.17.0/GNU-tools-for-STM32/bin/../lib/gcc/arm-none-eabi/12.3.1/../../../../arm-none-eabi/lib/thumb/v7e-m+fp/hard/libc_nano.a(libc_a-mlock.o)
                0x0800137c                __malloc_unlock
 .text.__sread  0x08001388       0x22 /opt/ST/STM32CubeCLT_1.17.0/GNU-tools-for-STM32/bin/../lib/gcc/arm-none-eabi/12.3.1/../../../../arm-none-eabi/lib/thumb/v7e-m+fp/hard/libc_nano.a(libc_a-stdio.o)
                0x08001388                __sread
 .text.__swrite
                0x080013aa       0x38 /opt/ST/STM32CubeCLT_1.17.0/GNU-tools-for-STM32/bin/../lib/gcc/arm-none-eabi/12.3.1/../../../../arm-none-eabi/lib/thumb/v7e-m+fp/hard/libc_nano.a(libc_a-stdio.o)
                0x080013aa                __swrite
 .text.__sseek  0x080013e2       0x24 /opt/ST/STM32CubeCLT_1.17.0/GNU-tools-for-STM32/bin/../lib/gcc/arm-none-eabi/12.3.1/../../../../arm-none-eabi/lib/thumb/v7e-m+fp/hard/libc_nano.a(libc_a-stdio.o)
                0x080013e2                __sseek
 .text.__sclose
                0x08001406        0x8 /opt/ST/STM32CubeCLT_1.17.0/GNU-tools-for-STM32/bin/../lib/gcc/arm-none-eabi/12.3.1/../../../../arm-none-eabi/lib/thumb/v7e-m+fp/hard/libc_nano.a(libc_a-stdio.o)
                0x08001406                __sclose
 *fill*         0x0800140e        0x2 
 .text._close_r
                0x08001410       0x20 /opt/ST/STM32CubeCLT_1.17.0/GNU-tools-for-STM32/bin/../lib/gcc/arm-none-eabi/12.3.1/../../../../arm-none-eabi/lib/thumb/v7e-m+fp/hard/libc_nano.a(libc_a-closer.o)
                0x08001410                _close_r
 .text._lseek_r
                0x08001430       0x24 /opt/ST/STM32CubeCLT_1.17.0/GNU-tools-for-STM32/bin/../lib/gcc/arm-none-eabi/12.3.1/../../../../arm-none-eabi/lib/thumb/v7e-m+fp/hard/libc_nano.a(libc_a-lseekr.o)
                0x08001430                _lseek_r
 .text._read_r  0x08001454       0x24 /opt/ST/STM32CubeCLT_1.17.0/GNU-tools-for-STM32/bin/../lib/gcc/arm-none-eabi/12.3.1/../../../../arm-none-eabi/lib/thumb/v7e-m+fp/hard/libc_nano.a(libc_a-readr.o)
                0x08001454                _read_r
 .text._sbrk_r  0x08001478       0x20 /opt/ST/STM32CubeCLT_1.17.0/GNU-tools-for-STM32/bin/../lib/gcc/arm-none-eabi/12.3.1/../../../../arm-none-eabi/lib/thumb/v7e-m+fp/hard/libc_nano.a(libc_a-sbrkr.o)
                0x08001478                _sbrk_r
 .text._write_r
                0x08001498       0x24 /opt/ST/STM32CubeCLT_1.17.0/GNU-tools-for-STM32/bin/../lib/gcc/arm-none-eabi/12.3.1/../../../../arm-none-eabi/lib/thumb/v7e-m+fp/hard/libc_nano.a(libc_a-writer.o)
                0x08001498                _write_r
 .text._free_r  0x080014bc       0x94 /opt/ST/STM32CubeCLT_1.17.0/GNU-tools-for-STM32/bin/../lib/gcc/arm-none-eabi/12.3.1/../../../../arm-none-eabi/lib/thumb/v7e-m+fp/hard/libc_nano.a(libc_a-freer.o)
                0x080014bc                _free_r
 .text.Tone     0x08001550       0x38 CMakeFiles/touhou.dir/Core/Src/player.c.obj
                0x08001550                Tone
 .text.noTone   0x08001588       0x18 CMakeFiles/touhou.dir/Core/Src/player.c.obj
                0x08001588                noTone
 .text.playSong1
                0x080015a0      0xa58 CMakeFiles/touhou.dir/Core/Src/song1.c.obj
                0x080015a0                playSong1
 .text.LCDReset
                0x08001ff8       0x50 CMakeFiles/touhou.dir/Core/Src/display.c.obj
                0x08001ff8                LCDReset
 .text.LCDWriteCommand
                0x08002048       0x50 CMakeFiles/touhou.dir/Core/Src/display.c.obj
                0x08002048                LCDWriteCommand
 .text.LCDWriteData
                0x08002098       0x5c CMakeFiles/touhou.dir/Core/Src/display.c.obj
                0x08002098                LCDWriteData
 .text.LCDInit  0x080020f4      0x1d0 CMakeFiles/touhou.dir/Core/Src/display.c.obj
                0x080020f4                LCDInit
 .text.LCDSetWindow
                0x080022c4       0xa4 CMakeFiles/touhou.dir/Core/Src/display.c.obj
                0x080022c4                LCDSetWindow
 .text.LCDClear
                0x08002368       0xd4 CMakeFiles/touhou.dir/Core/Src/display.c.obj
                0x08002368                LCDClear
 .text.LCDClearWindow
                0x0800243c       0x84 CMakeFiles/touhou.dir/Core/Src/display.c.obj
                0x0800243c                LCDClearWindow
 .text.updatePlayerPosition
                0x080024c0       0xc8 CMakeFiles/touhou.dir/Core/Src/playerPosition.c.obj
                0x080024c0                updatePlayerPosition
 .text.initBullets
                0x08002588       0x8c CMakeFiles/touhou.dir/Core/Src/enemyBullets.c.obj
                0x08002588                initBullets
 *fill*         0x08002614        0x4 
 .text.generateBullets
                0x08002618      0x208 CMakeFiles/touhou.dir/Core/Src/enemyBullets.c.obj
                0x08002618                generateBullets
 .text.updateBullets
                0x08002820      0x144 CMakeFiles/touhou.dir/Core/Src/enemyBullets.c.obj
                0x08002820                updateBullets
 .text.enemyBullets
                0x08002964       0x58 CMakeFiles/touhou.dir/Core/Src/enemyBullets.c.obj
                0x08002964                enemyBullets
 .text.constrain
                0x080029bc       0x38 CMakeFiles/touhou.dir/Core/Src/render.c.obj
 .text.render   0x080029f4      0x248 CMakeFiles/touhou.dir/Core/Src/render.c.obj
                0x080029f4                render
 .text.main     0x08002c3c       0xcc CMakeFiles/touhou.dir/Core/Src/main.c.obj
                0x08002c3c                main
 .text.SystemClock_Config
                0x08002d08       0xd4 CMakeFiles/touhou.dir/Core/Src/main.c.obj
                0x08002d08                SystemClock_Config
 .text.MX_ADC1_Init
                0x08002ddc       0xc0 CMakeFiles/touhou.dir/Core/Src/main.c.obj
 .text.MX_SPI1_Init
                0x08002e9c       0x6c CMakeFiles/touhou.dir/Core/Src/main.c.obj
 .text.MX_TIM3_Init
                0x08002f08       0xec CMakeFiles/touhou.dir/Core/Src/main.c.obj
 .text.MX_USART2_UART_Init
                0x08002ff4       0x54 CMakeFiles/touhou.dir/Core/Src/main.c.obj
 .text.MX_DMA_Init
                0x08003048       0x50 CMakeFiles/touhou.dir/Core/Src/main.c.obj
 .text.MX_GPIO_Init
                0x08003098       0xc0 CMakeFiles/touhou.dir/Core/Src/main.c.obj
 .text.startADCConversion
                0x08003158       0x24 CMakeFiles/touhou.dir/Core/Src/main.c.obj
 .text.StartDefaultTask
                0x0800317c       0x10 CMakeFiles/touhou.dir/Core/Src/main.c.obj
                0x0800317c                StartDefaultTask
 .text.HAL_TIM_PeriodElapsedCallback
                0x0800318c       0x24 CMakeFiles/touhou.dir/Core/Src/main.c.obj
                0x0800318c                HAL_TIM_PeriodElapsedCallback
 .text.Error_Handler
                0x080031b0        0xc CMakeFiles/touhou.dir/Core/Src/main.c.obj
                0x080031b0                Error_Handler
 .text.NMI_Handler
                0x080031bc        0x8 CMakeFiles/touhou.dir/Core/Src/stm32f4xx_it.c.obj
                0x080031bc                NMI_Handler
 .text.HardFault_Handler
                0x080031c4        0x8 CMakeFiles/touhou.dir/Core/Src/stm32f4xx_it.c.obj
                0x080031c4                HardFault_Handler
 .text.MemManage_Handler
                0x080031cc        0x8 CMakeFiles/touhou.dir/Core/Src/stm32f4xx_it.c.obj
                0x080031cc                MemManage_Handler
 .text.BusFault_Handler
                0x080031d4        0x8 CMakeFiles/touhou.dir/Core/Src/stm32f4xx_it.c.obj
                0x080031d4                BusFault_Handler
 .text.UsageFault_Handler
                0x080031dc        0x8 CMakeFiles/touhou.dir/Core/Src/stm32f4xx_it.c.obj
                0x080031dc                UsageFault_Handler
 .text.DebugMon_Handler
                0x080031e4        0xe CMakeFiles/touhou.dir/Core/Src/stm32f4xx_it.c.obj
                0x080031e4                DebugMon_Handler
 *fill*         0x080031f2        0x2 
 .text.ADC_IRQHandler
                0x080031f4       0x14 CMakeFiles/touhou.dir/Core/Src/stm32f4xx_it.c.obj
                0x080031f4                ADC_IRQHandler
 .text.TIM1_UP_TIM10_IRQHandler
                0x08003208       0x14 CMakeFiles/touhou.dir/Core/Src/stm32f4xx_it.c.obj
                0x08003208                TIM1_UP_TIM10_IRQHandler
 .text.SPI1_IRQHandler
                0x0800321c       0x14 CMakeFiles/touhou.dir/Core/Src/stm32f4xx_it.c.obj
                0x0800321c                SPI1_IRQHandler
 .text.DMA2_Stream0_IRQHandler
                0x08003230       0x14 CMakeFiles/touhou.dir/Core/Src/stm32f4xx_it.c.obj
                0x08003230                DMA2_Stream0_IRQHandler
 .text.DMA2_Stream3_IRQHandler
                0x08003244       0x14 CMakeFiles/touhou.dir/Core/Src/stm32f4xx_it.c.obj
                0x08003244                DMA2_Stream3_IRQHandler
 .text.HAL_MspInit
                0x08003258       0x58 CMakeFiles/touhou.dir/Core/Src/stm32f4xx_hal_msp.c.obj
                0x08003258                HAL_MspInit
 .text.HAL_ADC_MspInit
                0x080032b0      0x100 CMakeFiles/touhou.dir/Core/Src/stm32f4xx_hal_msp.c.obj
                0x080032b0                HAL_ADC_MspInit
 .text.HAL_SPI_MspInit
                0x080033b0      0x144 CMakeFiles/touhou.dir/Core/Src/stm32f4xx_hal_msp.c.obj
                0x080033b0                HAL_SPI_MspInit
 .text.HAL_TIM_Base_MspInit
                0x080034f4       0x44 CMakeFiles/touhou.dir/Core/Src/stm32f4xx_hal_msp.c.obj
                0x080034f4                HAL_TIM_Base_MspInit
 .text.HAL_TIM_MspPostInit
                0x08003538       0x74 CMakeFiles/touhou.dir/Core/Src/stm32f4xx_hal_msp.c.obj
                0x08003538                HAL_TIM_MspPostInit
 .text.HAL_UART_MspInit
                0x080035ac       0x90 CMakeFiles/touhou.dir/Core/Src/stm32f4xx_hal_msp.c.obj
                0x080035ac                HAL_UART_MspInit
 .text.HAL_InitTick
                0x0800363c       0xe4 CMakeFiles/touhou.dir/Core/Src/stm32f4xx_hal_timebase_tim.c.obj
                0x0800363c                HAL_InitTick
 .text.HAL_TIM_Base_Init
                0x08003720       0x9e CMakeFiles/touhou.dir/Drivers/STM32F4xx_HAL_Driver/Src/stm32f4xx_hal_tim.c.obj
                0x08003720                HAL_TIM_Base_Init
 *fill*         0x080037be        0x2 
 .text.HAL_TIM_Base_Start_IT
                0x080037c0       0xc4 CMakeFiles/touhou.dir/Drivers/STM32F4xx_HAL_Driver/Src/stm32f4xx_hal_tim.c.obj
                0x080037c0                HAL_TIM_Base_Start_IT
 .text.HAL_TIM_PWM_Init
                0x08003884       0x9e CMakeFiles/touhou.dir/Drivers/STM32F4xx_HAL_Driver/Src/stm32f4xx_hal_tim.c.obj
                0x08003884                HAL_TIM_PWM_Init
 .text.HAL_TIM_PWM_MspInit
                0x08003922       0x14 CMakeFiles/touhou.dir/Drivers/STM32F4xx_HAL_Driver/Src/stm32f4xx_hal_tim.c.obj
                0x08003922                HAL_TIM_PWM_MspInit
 *fill*         0x08003936        0x2 
 .text.HAL_TIM_PWM_Start
                0x08003938      0x160 CMakeFiles/touhou.dir/Drivers/STM32F4xx_HAL_Driver/Src/stm32f4xx_hal_tim.c.obj
                0x08003938                HAL_TIM_PWM_Start
 .text.HAL_TIM_IRQHandler
                0x08003a98      0x1e0 CMakeFiles/touhou.dir/Drivers/STM32F4xx_HAL_Driver/Src/stm32f4xx_hal_tim.c.obj
                0x08003a98                HAL_TIM_IRQHandler
 .text.HAL_TIM_PWM_ConfigChannel
                0x08003c78      0x184 CMakeFiles/touhou.dir/Drivers/STM32F4xx_HAL_Driver/Src/stm32f4xx_hal_tim.c.obj
                0x08003c78                HAL_TIM_PWM_ConfigChannel
 .text.HAL_TIM_ConfigClockSource
                0x08003dfc      0x18e CMakeFiles/touhou.dir/Drivers/STM32F4xx_HAL_Driver/Src/stm32f4xx_hal_tim.c.obj
                0x08003dfc                HAL_TIM_ConfigClockSource
 .text.HAL_TIM_OC_DelayElapsedCallback
                0x08003f8a       0x14 CMakeFiles/touhou.dir/Drivers/STM32F4xx_HAL_Driver/Src/stm32f4xx_hal_tim.c.obj
                0x08003f8a                HAL_TIM_OC_DelayElapsedCallback
 .text.HAL_TIM_IC_CaptureCallback
                0x08003f9e       0x14 CMakeFiles/touhou.dir/Drivers/STM32F4xx_HAL_Driver/Src/stm32f4xx_hal_tim.c.obj
                0x08003f9e                HAL_TIM_IC_CaptureCallback
 .text.HAL_TIM_PWM_PulseFinishedCallback
                0x08003fb2       0x14 CMakeFiles/touhou.dir/Drivers/STM32F4xx_HAL_Driver/Src/stm32f4xx_hal_tim.c.obj
                0x08003fb2                HAL_TIM_PWM_PulseFinishedCallback
 .text.HAL_TIM_TriggerCallback
                0x08003fc6       0x14 CMakeFiles/touhou.dir/Drivers/STM32F4xx_HAL_Driver/Src/stm32f4xx_hal_tim.c.obj
                0x08003fc6                HAL_TIM_TriggerCallback
 *fill*         0x08003fda        0x2 
 .text.TIM_Base_SetConfig
                0x08003fdc      0x118 CMakeFiles/touhou.dir/Drivers/STM32F4xx_HAL_Driver/Src/stm32f4xx_hal_tim.c.obj
                0x08003fdc                TIM_Base_SetConfig
 .text.TIM_OC1_SetConfig
                0x080040f4       0xcc CMakeFiles/touhou.dir/Drivers/STM32F4xx_HAL_Driver/Src/stm32f4xx_hal_tim.c.obj
 .text.TIM_OC2_SetConfig
                0x080041c0       0xd8 CMakeFiles/touhou.dir/Drivers/STM32F4xx_HAL_Driver/Src/stm32f4xx_hal_tim.c.obj
                0x080041c0                TIM_OC2_SetConfig
 .text.TIM_OC3_SetConfig
                0x08004298       0xd4 CMakeFiles/touhou.dir/Drivers/STM32F4xx_HAL_Driver/Src/stm32f4xx_hal_tim.c.obj
 .text.TIM_OC4_SetConfig
                0x0800436c       0xa0 CMakeFiles/touhou.dir/Drivers/STM32F4xx_HAL_Driver/Src/stm32f4xx_hal_tim.c.obj
 .text.TIM_TI1_ConfigInputStage
                0x0800440c       0x5e CMakeFiles/touhou.dir/Drivers/STM32F4xx_HAL_Driver/Src/stm32f4xx_hal_tim.c.obj
 .text.TIM_TI2_ConfigInputStage
                0x0800446a       0x60 CMakeFiles/touhou.dir/Drivers/STM32F4xx_HAL_Driver/Src/stm32f4xx_hal_tim.c.obj
 .text.TIM_ITRx_SetConfig
                0x080044ca       0x36 CMakeFiles/touhou.dir/Drivers/STM32F4xx_HAL_Driver/Src/stm32f4xx_hal_tim.c.obj
 .text.TIM_ETR_SetConfig
                0x08004500       0x40 CMakeFiles/touhou.dir/Drivers/STM32F4xx_HAL_Driver/Src/stm32f4xx_hal_tim.c.obj
                0x08004500                TIM_ETR_SetConfig
 .text.TIM_CCxChannelCmd
                0x08004540       0x4a CMakeFiles/touhou.dir/Drivers/STM32F4xx_HAL_Driver/Src/stm32f4xx_hal_tim.c.obj
                0x08004540                TIM_CCxChannelCmd
 *fill*         0x0800458a        0x2 
 .text.HAL_TIMEx_MasterConfigSynchronization
                0x0800458c       0xdc CMakeFiles/touhou.dir/Drivers/STM32F4xx_HAL_Driver/Src/stm32f4xx_hal_tim_ex.c.obj
                0x0800458c                HAL_TIMEx_MasterConfigSynchronization
 .text.HAL_TIMEx_CommutCallback
                0x08004668       0x14 CMakeFiles/touhou.dir/Drivers/STM32F4xx_HAL_Driver/Src/stm32f4xx_hal_tim_ex.c.obj
                0x08004668                HAL_TIMEx_CommutCallback
 .text.HAL_TIMEx_BreakCallback
                0x0800467c       0x14 CMakeFiles/touhou.dir/Drivers/STM32F4xx_HAL_Driver/Src/stm32f4xx_hal_tim_ex.c.obj
                0x0800467c                HAL_TIMEx_BreakCallback
 .text.HAL_ADC_Init
                0x08004690       0x86 CMakeFiles/touhou.dir/Drivers/STM32F4xx_HAL_Driver/Src/stm32f4xx_hal_adc.c.obj
                0x08004690                HAL_ADC_Init
 *fill*         0x08004716        0x2 
 .text.HAL_ADC_Start
                0x08004718      0x168 CMakeFiles/touhou.dir/Drivers/STM32F4xx_HAL_Driver/Src/stm32f4xx_hal_adc.c.obj
                0x08004718                HAL_ADC_Start
 .text.HAL_ADC_IRQHandler
                0x08004880      0x220 CMakeFiles/touhou.dir/Drivers/STM32F4xx_HAL_Driver/Src/stm32f4xx_hal_adc.c.obj
                0x08004880                HAL_ADC_IRQHandler
 .text.HAL_ADC_Start_DMA
                0x08004aa0      0x1e0 CMakeFiles/touhou.dir/Drivers/STM32F4xx_HAL_Driver/Src/stm32f4xx_hal_adc.c.obj
                0x08004aa0                HAL_ADC_Start_DMA
 .text.HAL_ADC_ConvCpltCallback
                0x08004c80       0x14 CMakeFiles/touhou.dir/Drivers/STM32F4xx_HAL_Driver/Src/stm32f4xx_hal_adc.c.obj
                0x08004c80                HAL_ADC_ConvCpltCallback
 .text.HAL_ADC_ConvHalfCpltCallback
                0x08004c94       0x14 CMakeFiles/touhou.dir/Drivers/STM32F4xx_HAL_Driver/Src/stm32f4xx_hal_adc.c.obj
                0x08004c94                HAL_ADC_ConvHalfCpltCallback
 .text.HAL_ADC_LevelOutOfWindowCallback
                0x08004ca8       0x14 CMakeFiles/touhou.dir/Drivers/STM32F4xx_HAL_Driver/Src/stm32f4xx_hal_adc.c.obj
                0x08004ca8                HAL_ADC_LevelOutOfWindowCallback
 .text.HAL_ADC_ErrorCallback
                0x08004cbc       0x14 CMakeFiles/touhou.dir/Drivers/STM32F4xx_HAL_Driver/Src/stm32f4xx_hal_adc.c.obj
                0x08004cbc                HAL_ADC_ErrorCallback
 .text.HAL_ADC_ConfigChannel
                0x08004cd0      0x244 CMakeFiles/touhou.dir/Drivers/STM32F4xx_HAL_Driver/Src/stm32f4xx_hal_adc.c.obj
                0x08004cd0                HAL_ADC_ConfigChannel
 .text.ADC_Init
                0x08004f14      0x1f8 CMakeFiles/touhou.dir/Drivers/STM32F4xx_HAL_Driver/Src/stm32f4xx_hal_adc.c.obj
 .text.ADC_DMAConvCplt
                0x0800510c       0xba CMakeFiles/touhou.dir/Drivers/STM32F4xx_HAL_Driver/Src/stm32f4xx_hal_adc.c.obj
 .text.ADC_DMAHalfConvCplt
                0x080051c6       0x1c CMakeFiles/touhou.dir/Drivers/STM32F4xx_HAL_Driver/Src/stm32f4xx_hal_adc.c.obj
 .text.ADC_DMAError
                0x080051e2       0x2e CMakeFiles/touhou.dir/Drivers/STM32F4xx_HAL_Driver/Src/stm32f4xx_hal_adc.c.obj
 .text.HAL_ADCEx_InjectedConvCpltCallback
                0x08005210       0x14 CMakeFiles/touhou.dir/Drivers/STM32F4xx_HAL_Driver/Src/stm32f4xx_hal_adc_ex.c.obj
                0x08005210                HAL_ADCEx_InjectedConvCpltCallback
 .text.HAL_RCC_OscConfig
                0x08005224      0x4f0 CMakeFiles/touhou.dir/Drivers/STM32F4xx_HAL_Driver/Src/stm32f4xx_hal_rcc.c.obj
                0x08005224                HAL_RCC_OscConfig
 .text.HAL_RCC_ClockConfig
                0x08005714      0x1cc CMakeFiles/touhou.dir/Drivers/STM32F4xx_HAL_Driver/Src/stm32f4xx_hal_rcc.c.obj
                0x08005714                HAL_RCC_ClockConfig
 .text.HAL_RCC_GetSysClockFreq
                0x080058e0      0x20c CMakeFiles/touhou.dir/Drivers/STM32F4xx_HAL_Driver/Src/stm32f4xx_hal_rcc.c.obj
                0x080058e0                HAL_RCC_GetSysClockFreq
 .text.HAL_RCC_GetHCLKFreq
                0x08005aec       0x18 CMakeFiles/touhou.dir/Drivers/STM32F4xx_HAL_Driver/Src/stm32f4xx_hal_rcc.c.obj
                0x08005aec                HAL_RCC_GetHCLKFreq
 .text.HAL_RCC_GetPCLK1Freq
                0x08005b04       0x28 CMakeFiles/touhou.dir/Drivers/STM32F4xx_HAL_Driver/Src/stm32f4xx_hal_rcc.c.obj
                0x08005b04                HAL_RCC_GetPCLK1Freq
 .text.HAL_RCC_GetPCLK2Freq
                0x08005b2c       0x28 CMakeFiles/touhou.dir/Drivers/STM32F4xx_HAL_Driver/Src/stm32f4xx_hal_rcc.c.obj
                0x08005b2c                HAL_RCC_GetPCLK2Freq
 .text.HAL_RCC_GetClockConfig
                0x08005b54       0x64 CMakeFiles/touhou.dir/Drivers/STM32F4xx_HAL_Driver/Src/stm32f4xx_hal_rcc.c.obj
                0x08005b54                HAL_RCC_GetClockConfig
 .text.HAL_GPIO_Init
                0x08005bb8      0x308 CMakeFiles/touhou.dir/Drivers/STM32F4xx_HAL_Driver/Src/stm32f4xx_hal_gpio.c.obj
                0x08005bb8                HAL_GPIO_Init
 .text.HAL_GPIO_WritePin
                0x08005ec0       0x32 CMakeFiles/touhou.dir/Drivers/STM32F4xx_HAL_Driver/Src/stm32f4xx_hal_gpio.c.obj
                0x08005ec0                HAL_GPIO_WritePin
 *fill*         0x08005ef2        0x2 
 .text.HAL_DMA_Init
                0x08005ef4      0x15c CMakeFiles/touhou.dir/Drivers/STM32F4xx_HAL_Driver/Src/stm32f4xx_hal_dma.c.obj
                0x08005ef4                HAL_DMA_Init
 .text.HAL_DMA_Start_IT
                0x08006050       0xb0 CMakeFiles/touhou.dir/Drivers/STM32F4xx_HAL_Driver/Src/stm32f4xx_hal_dma.c.obj
                0x08006050                HAL_DMA_Start_IT
 .text.HAL_DMA_Abort_IT
                0x08006100       0x44 CMakeFiles/touhou.dir/Drivers/STM32F4xx_HAL_Driver/Src/stm32f4xx_hal_dma.c.obj
                0x08006100                HAL_DMA_Abort_IT
 .text.HAL_DMA_IRQHandler
                0x08006144      0x314 CMakeFiles/touhou.dir/Drivers/STM32F4xx_HAL_Driver/Src/stm32f4xx_hal_dma.c.obj
                0x08006144                HAL_DMA_IRQHandler
 .text.DMA_SetConfig
                0x08006458       0x5c CMakeFiles/touhou.dir/Drivers/STM32F4xx_HAL_Driver/Src/stm32f4xx_hal_dma.c.obj
 .text.DMA_CalcBaseAndBitshift
                0x080064b4       0x6c CMakeFiles/touhou.dir/Drivers/STM32F4xx_HAL_Driver/Src/stm32f4xx_hal_dma.c.obj
 .text.DMA_CheckFifoParam
                0x08006520       0xf8 CMakeFiles/touhou.dir/Drivers/STM32F4xx_HAL_Driver/Src/stm32f4xx_hal_dma.c.obj
 .text.__NVIC_SetPriorityGrouping
                0x08006618       0x48 CMakeFiles/touhou.dir/Drivers/STM32F4xx_HAL_Driver/Src/stm32f4xx_hal_cortex.c.obj
 .text.__NVIC_GetPriorityGrouping
                0x08006660       0x1c CMakeFiles/touhou.dir/Drivers/STM32F4xx_HAL_Driver/Src/stm32f4xx_hal_cortex.c.obj
 .text.__NVIC_EnableIRQ
                0x0800667c       0x3c CMakeFiles/touhou.dir/Drivers/STM32F4xx_HAL_Driver/Src/stm32f4xx_hal_cortex.c.obj
 .text.__NVIC_SetPriority
                0x080066b8       0x54 CMakeFiles/touhou.dir/Drivers/STM32F4xx_HAL_Driver/Src/stm32f4xx_hal_cortex.c.obj
 .text.NVIC_EncodePriority
                0x0800670c       0x66 CMakeFiles/touhou.dir/Drivers/STM32F4xx_HAL_Driver/Src/stm32f4xx_hal_cortex.c.obj
 .text.HAL_NVIC_SetPriorityGrouping
                0x08006772       0x16 CMakeFiles/touhou.dir/Drivers/STM32F4xx_HAL_Driver/Src/stm32f4xx_hal_cortex.c.obj
                0x08006772                HAL_NVIC_SetPriorityGrouping
 .text.HAL_NVIC_SetPriority
                0x08006788       0x38 CMakeFiles/touhou.dir/Drivers/STM32F4xx_HAL_Driver/Src/stm32f4xx_hal_cortex.c.obj
                0x08006788                HAL_NVIC_SetPriority
 .text.HAL_NVIC_EnableIRQ
                0x080067c0       0x1c CMakeFiles/touhou.dir/Drivers/STM32F4xx_HAL_Driver/Src/stm32f4xx_hal_cortex.c.obj
                0x080067c0                HAL_NVIC_EnableIRQ
 .text.HAL_Init
                0x080067dc       0x44 CMakeFiles/touhou.dir/Drivers/STM32F4xx_HAL_Driver/Src/stm32f4xx_hal.c.obj
                0x080067dc                HAL_Init
 .text.HAL_IncTick
                0x08006820       0x28 CMakeFiles/touhou.dir/Drivers/STM32F4xx_HAL_Driver/Src/stm32f4xx_hal.c.obj
                0x08006820                HAL_IncTick
 .text.HAL_GetTick
                0x08006848       0x18 CMakeFiles/touhou.dir/Drivers/STM32F4xx_HAL_Driver/Src/stm32f4xx_hal.c.obj
                0x08006848                HAL_GetTick
 .text.HAL_Delay
                0x08006860       0x48 CMakeFiles/touhou.dir/Drivers/STM32F4xx_HAL_Driver/Src/stm32f4xx_hal.c.obj
                0x08006860                HAL_Delay
 .text.HAL_SPI_Init
                0x080068a8      0x112 CMakeFiles/touhou.dir/Drivers/STM32F4xx_HAL_Driver/Src/stm32f4xx_hal_spi.c.obj
                0x080068a8                HAL_SPI_Init
 .text.HAL_SPI_Transmit
                0x080069ba      0x288 CMakeFiles/touhou.dir/Drivers/STM32F4xx_HAL_Driver/Src/stm32f4xx_hal_spi.c.obj
                0x080069ba                HAL_SPI_Transmit
 *fill*         0x08006c42        0x2 
 .text.HAL_SPI_Transmit_DMA
                0x08006c44      0x164 CMakeFiles/touhou.dir/Drivers/STM32F4xx_HAL_Driver/Src/stm32f4xx_hal_spi.c.obj
                0x08006c44                HAL_SPI_Transmit_DMA
 .text.HAL_SPI_IRQHandler
                0x08006da8      0x1e8 CMakeFiles/touhou.dir/Drivers/STM32F4xx_HAL_Driver/Src/stm32f4xx_hal_spi.c.obj
                0x08006da8                HAL_SPI_IRQHandler
 .text.HAL_SPI_TxCpltCallback
                0x08006f90       0x14 CMakeFiles/touhou.dir/Drivers/STM32F4xx_HAL_Driver/Src/stm32f4xx_hal_spi.c.obj
                0x08006f90                HAL_SPI_TxCpltCallback
 .text.HAL_SPI_TxHalfCpltCallback
                0x08006fa4       0x14 CMakeFiles/touhou.dir/Drivers/STM32F4xx_HAL_Driver/Src/stm32f4xx_hal_spi.c.obj
                0x08006fa4                HAL_SPI_TxHalfCpltCallback
 .text.HAL_SPI_ErrorCallback
                0x08006fb8       0x14 CMakeFiles/touhou.dir/Drivers/STM32F4xx_HAL_Driver/Src/stm32f4xx_hal_spi.c.obj
                0x08006fb8                HAL_SPI_ErrorCallback
 .text.HAL_SPI_GetState
                0x08006fcc       0x1c CMakeFiles/touhou.dir/Drivers/STM32F4xx_HAL_Driver/Src/stm32f4xx_hal_spi.c.obj
                0x08006fcc                HAL_SPI_GetState
 .text.SPI_DMATransmitCplt
                0x08006fe8       0xa8 CMakeFiles/touhou.dir/Drivers/STM32F4xx_HAL_Driver/Src/stm32f4xx_hal_spi.c.obj
 .text.SPI_DMAHalfTransmitCplt
                0x08007090       0x1c CMakeFiles/touhou.dir/Drivers/STM32F4xx_HAL_Driver/Src/stm32f4xx_hal_spi.c.obj
 .text.SPI_DMAError
                0x080070ac       0x40 CMakeFiles/touhou.dir/Drivers/STM32F4xx_HAL_Driver/Src/stm32f4xx_hal_spi.c.obj
 .text.SPI_DMAAbortOnError
                0x080070ec       0x28 CMakeFiles/touhou.dir/Drivers/STM32F4xx_HAL_Driver/Src/stm32f4xx_hal_spi.c.obj
 .text.SPI_WaitFlagStateUntilTimeout
                0x08007114      0x110 CMakeFiles/touhou.dir/Drivers/STM32F4xx_HAL_Driver/Src/stm32f4xx_hal_spi.c.obj
 .text.SPI_EndRxTxTransaction
                0x08007224       0xa8 CMakeFiles/touhou.dir/Drivers/STM32F4xx_HAL_Driver/Src/stm32f4xx_hal_spi.c.obj
 .text.HAL_UART_Init
                0x080072cc       0xa0 CMakeFiles/touhou.dir/Drivers/STM32F4xx_HAL_Driver/Src/stm32f4xx_hal_uart.c.obj
                0x080072cc                HAL_UART_Init
 .text.HAL_UART_Transmit
                0x0800736c      0x116 CMakeFiles/touhou.dir/Drivers/STM32F4xx_HAL_Driver/Src/stm32f4xx_hal_uart.c.obj
                0x0800736c                HAL_UART_Transmit
 .text.UART_WaitOnFlagUntilTimeout
                0x08007482       0xb2 CMakeFiles/touhou.dir/Drivers/STM32F4xx_HAL_Driver/Src/stm32f4xx_hal_uart.c.obj
 .text.UART_EndRxTransfer
                0x08007534       0xc6 CMakeFiles/touhou.dir/Drivers/STM32F4xx_HAL_Driver/Src/stm32f4xx_hal_uart.c.obj
 *fill*         0x080075fa        0x2 
 .text.UART_SetConfig
                0x080075fc      0x4e8 CMakeFiles/touhou.dir/Drivers/STM32F4xx_HAL_Driver/Src/stm32f4xx_hal_uart.c.obj
 .text.SystemInit
                0x08007ae4       0x24 CMakeFiles/touhou.dir/Core/Src/system_stm32f4xx.c.obj
                0x08007ae4                SystemInit
 .text.vListInitialise
                0x08007b08       0x40 CMakeFiles/touhou.dir/Middlewares/Third_Party/FreeRTOS/Source/list.c.obj
                0x08007b08                vListInitialise
 .text.vListInitialiseItem
                0x08007b48       0x1a CMakeFiles/touhou.dir/Middlewares/Third_Party/FreeRTOS/Source/list.c.obj
                0x08007b48                vListInitialiseItem
 .text.vListInsertEnd
                0x08007b62       0x48 CMakeFiles/touhou.dir/Middlewares/Third_Party/FreeRTOS/Source/list.c.obj
                0x08007b62                vListInsertEnd
 .text.vListInsert
                0x08007baa       0x72 CMakeFiles/touhou.dir/Middlewares/Third_Party/FreeRTOS/Source/list.c.obj
                0x08007baa                vListInsert
 .text.uxListRemove
                0x08007c1c       0x54 CMakeFiles/touhou.dir/Middlewares/Third_Party/FreeRTOS/Source/list.c.obj
                0x08007c1c                uxListRemove
 .text.xQueueGenericReset
                0x08007c70       0xd4 CMakeFiles/touhou.dir/Middlewares/Third_Party/FreeRTOS/Source/queue.c.obj
                0x08007c70                xQueueGenericReset
 .text.xQueueGenericCreateStatic
                0x08007d44       0xfa CMakeFiles/touhou.dir/Middlewares/Third_Party/FreeRTOS/Source/queue.c.obj
                0x08007d44                xQueueGenericCreateStatic
 .text.xQueueGenericCreate
                0x08007e3e       0x76 CMakeFiles/touhou.dir/Middlewares/Third_Party/FreeRTOS/Source/queue.c.obj
                0x08007e3e                xQueueGenericCreate
 .text.prvInitialiseNewQueue
                0x08007eb4       0x46 CMakeFiles/touhou.dir/Middlewares/Third_Party/FreeRTOS/Source/queue.c.obj
 .text.prvInitialiseMutex
                0x08007efa       0x34 CMakeFiles/touhou.dir/Middlewares/Third_Party/FreeRTOS/Source/queue.c.obj
 .text.xQueueCreateMutex
                0x08007f2e       0x30 CMakeFiles/touhou.dir/Middlewares/Third_Party/FreeRTOS/Source/queue.c.obj
                0x08007f2e                xQueueCreateMutex
 *fill*         0x08007f5e        0x2 
 .text.xQueueGenericSend
                0x08007f60      0x204 CMakeFiles/touhou.dir/Middlewares/Third_Party/FreeRTOS/Source/queue.c.obj
                0x08007f60                xQueueGenericSend
 .text.xQueueGenericSendFromISR
                0x08008164      0x13c CMakeFiles/touhou.dir/Middlewares/Third_Party/FreeRTOS/Source/queue.c.obj
                0x08008164                xQueueGenericSendFromISR
 .text.xQueueReceive
                0x080082a0      0x1c4 CMakeFiles/touhou.dir/Middlewares/Third_Party/FreeRTOS/Source/queue.c.obj
                0x080082a0                xQueueReceive
 .text.xQueueSemaphoreTake
                0x08008464      0x220 CMakeFiles/touhou.dir/Middlewares/Third_Party/FreeRTOS/Source/queue.c.obj
                0x08008464                xQueueSemaphoreTake
 .text.prvGetDisinheritPriorityAfterTimeout
                0x08008684       0x30 CMakeFiles/touhou.dir/Middlewares/Third_Party/FreeRTOS/Source/queue.c.obj
 .text.prvCopyDataToQueue
                0x080086b4       0xd4 CMakeFiles/touhou.dir/Middlewares/Third_Party/FreeRTOS/Source/queue.c.obj
 .text.prvCopyDataFromQueue
                0x08008788       0x4c CMakeFiles/touhou.dir/Middlewares/Third_Party/FreeRTOS/Source/queue.c.obj
 .text.prvUnlockQueue
                0x080087d4       0xa4 CMakeFiles/touhou.dir/Middlewares/Third_Party/FreeRTOS/Source/queue.c.obj
 .text.prvIsQueueEmpty
                0x08008878       0x2c CMakeFiles/touhou.dir/Middlewares/Third_Party/FreeRTOS/Source/queue.c.obj
 .text.prvIsQueueFull
                0x080088a4       0x30 CMakeFiles/touhou.dir/Middlewares/Third_Party/FreeRTOS/Source/queue.c.obj
 .text.vQueueAddToRegistry
                0x080088d4       0x54 CMakeFiles/touhou.dir/Middlewares/Third_Party/FreeRTOS/Source/queue.c.obj
                0x080088d4                vQueueAddToRegistry
 .text.vQueueWaitForMessageRestricted
                0x08008928       0x68 CMakeFiles/touhou.dir/Middlewares/Third_Party/FreeRTOS/Source/queue.c.obj
                0x08008928                vQueueWaitForMessageRestricted
 .text.xTaskCreateStatic
                0x08008990       0xc0 CMakeFiles/touhou.dir/Middlewares/Third_Party/FreeRTOS/Source/tasks.c.obj
                0x08008990                xTaskCreateStatic
 .text.xTaskCreate
                0x08008a50       0x8a CMakeFiles/touhou.dir/Middlewares/Third_Party/FreeRTOS/Source/tasks.c.obj
                0x08008a50                xTaskCreate
 .text.prvInitialiseNewTask
                0x08008ada      0x120 CMakeFiles/touhou.dir/Middlewares/Third_Party/FreeRTOS/Source/tasks.c.obj
 *fill*         0x08008bfa        0x2 
 .text.prvAddNewTaskToReadyList
                0x08008bfc       0xe0 CMakeFiles/touhou.dir/Middlewares/Third_Party/FreeRTOS/Source/tasks.c.obj
 .text.vTaskDelay
                0x08008cdc       0x6c CMakeFiles/touhou.dir/Middlewares/Third_Party/FreeRTOS/Source/tasks.c.obj
                0x08008cdc                vTaskDelay
 .text.vTaskStartScheduler
                0x08008d48       0xd0 CMakeFiles/touhou.dir/Middlewares/Third_Party/FreeRTOS/Source/tasks.c.obj
                0x08008d48                vTaskStartScheduler
 .text.vTaskSuspendAll
                0x08008e18       0x1c CMakeFiles/touhou.dir/Middlewares/Third_Party/FreeRTOS/Source/tasks.c.obj
                0x08008e18                vTaskSuspendAll
 .text.xTaskResumeAll
                0x08008e34      0x13c CMakeFiles/touhou.dir/Middlewares/Third_Party/FreeRTOS/Source/tasks.c.obj
                0x08008e34                xTaskResumeAll
 .text.xTaskGetTickCount
                0x08008f70       0x20 CMakeFiles/touhou.dir/Middlewares/Third_Party/FreeRTOS/Source/tasks.c.obj
                0x08008f70                xTaskGetTickCount
 .text.xTaskIncrementTick
                0x08008f90      0x174 CMakeFiles/touhou.dir/Middlewares/Third_Party/FreeRTOS/Source/tasks.c.obj
                0x08008f90                xTaskIncrementTick
 .text.vTaskSwitchContext
                0x08009104       0xbc CMakeFiles/touhou.dir/Middlewares/Third_Party/FreeRTOS/Source/tasks.c.obj
                0x08009104                vTaskSwitchContext
 .text.vTaskPlaceOnEventList
                0x080091c0       0x4c CMakeFiles/touhou.dir/Middlewares/Third_Party/FreeRTOS/Source/tasks.c.obj
                0x080091c0                vTaskPlaceOnEventList
 .text.vTaskPlaceOnEventListRestricted
                0x0800920c       0x58 CMakeFiles/touhou.dir/Middlewares/Third_Party/FreeRTOS/Source/tasks.c.obj
                0x0800920c                vTaskPlaceOnEventListRestricted
 .text.xTaskRemoveFromEventList
                0x08009264       0xc8 CMakeFiles/touhou.dir/Middlewares/Third_Party/FreeRTOS/Source/tasks.c.obj
                0x08009264                xTaskRemoveFromEventList
 .text.vTaskInternalSetTimeOutState
                0x0800932c       0x2c CMakeFiles/touhou.dir/Middlewares/Third_Party/FreeRTOS/Source/tasks.c.obj
                0x0800932c                vTaskInternalSetTimeOutState
 .text.xTaskCheckForTimeOut
                0x08009358       0xc8 CMakeFiles/touhou.dir/Middlewares/Third_Party/FreeRTOS/Source/tasks.c.obj
                0x08009358                xTaskCheckForTimeOut
 .text.vTaskMissedYield
                0x08009420       0x18 CMakeFiles/touhou.dir/Middlewares/Third_Party/FreeRTOS/Source/tasks.c.obj
                0x08009420                vTaskMissedYield
 .text.prvIdleTask
                0x08009438       0x30 CMakeFiles/touhou.dir/Middlewares/Third_Party/FreeRTOS/Source/tasks.c.obj
 .text.prvInitialiseTaskLists
                0x08009468       0x80 CMakeFiles/touhou.dir/Middlewares/Third_Party/FreeRTOS/Source/tasks.c.obj
 .text.prvCheckTasksWaitingTermination
                0x080094e8       0x5c CMakeFiles/touhou.dir/Middlewares/Third_Party/FreeRTOS/Source/tasks.c.obj
 .text.prvDeleteTCB
                0x08009544       0x60 CMakeFiles/touhou.dir/Middlewares/Third_Party/FreeRTOS/Source/tasks.c.obj
 .text.prvResetNextTaskUnblockTime
                0x080095a4       0x40 CMakeFiles/touhou.dir/Middlewares/Third_Party/FreeRTOS/Source/tasks.c.obj
 .text.xTaskGetSchedulerState
                0x080095e4       0x3c CMakeFiles/touhou.dir/Middlewares/Third_Party/FreeRTOS/Source/tasks.c.obj
                0x080095e4                xTaskGetSchedulerState
 .text.xTaskPriorityInherit
                0x08009620       0xd0 CMakeFiles/touhou.dir/Middlewares/Third_Party/FreeRTOS/Source/tasks.c.obj
                0x08009620                xTaskPriorityInherit
 .text.xTaskPriorityDisinherit
                0x080096f0       0xe0 CMakeFiles/touhou.dir/Middlewares/Third_Party/FreeRTOS/Source/tasks.c.obj
                0x080096f0                xTaskPriorityDisinherit
 .text.vTaskPriorityDisinheritAfterTimeout
                0x080097d0      0x108 CMakeFiles/touhou.dir/Middlewares/Third_Party/FreeRTOS/Source/tasks.c.obj
                0x080097d0                vTaskPriorityDisinheritAfterTimeout
 .text.pvTaskIncrementMutexHeldCount
                0x080098d8       0x28 CMakeFiles/touhou.dir/Middlewares/Third_Party/FreeRTOS/Source/tasks.c.obj
                0x080098d8                pvTaskIncrementMutexHeldCount
 .text.prvAddCurrentTaskToDelayedList
                0x08009900       0xa8 CMakeFiles/touhou.dir/Middlewares/Third_Party/FreeRTOS/Source/tasks.c.obj
 .text.xTimerCreateTimerTask
                0x080099a8       0x94 CMakeFiles/touhou.dir/Middlewares/Third_Party/FreeRTOS/Source/timers.c.obj
                0x080099a8                xTimerCreateTimerTask
 .text.xTimerGenericCommand
                0x08009a3c       0x9c CMakeFiles/touhou.dir/Middlewares/Third_Party/FreeRTOS/Source/timers.c.obj
                0x08009a3c                xTimerGenericCommand
 .text.prvProcessExpiredTimer
                0x08009ad8       0x9c CMakeFiles/touhou.dir/Middlewares/Third_Party/FreeRTOS/Source/timers.c.obj
 .text.prvTimerTask
                0x08009b74       0x26 CMakeFiles/touhou.dir/Middlewares/Third_Party/FreeRTOS/Source/timers.c.obj
 *fill*         0x08009b9a        0x2 
 .text.prvProcessTimerOrBlockTask
                0x08009b9c       0x9c CMakeFiles/touhou.dir/Middlewares/Third_Party/FreeRTOS/Source/timers.c.obj
 .text.prvGetNextExpireTime
                0x08009c38       0x48 CMakeFiles/touhou.dir/Middlewares/Third_Party/FreeRTOS/Source/timers.c.obj
 .text.prvSampleTimeNow
                0x08009c80       0x40 CMakeFiles/touhou.dir/Middlewares/Third_Party/FreeRTOS/Source/timers.c.obj
 .text.prvInsertTimerInActiveList
                0x08009cc0       0x84 CMakeFiles/touhou.dir/Middlewares/Third_Party/FreeRTOS/Source/timers.c.obj
 .text.prvProcessReceivedCommands
                0x08009d44      0x1cc CMakeFiles/touhou.dir/Middlewares/Third_Party/FreeRTOS/Source/timers.c.obj
 .text.prvSwitchTimerLists
                0x08009f10       0xcc CMakeFiles/touhou.dir/Middlewares/Third_Party/FreeRTOS/Source/timers.c.obj
 .text.prvCheckForValidListAndQueue
                0x08009fdc       0x80 CMakeFiles/touhou.dir/Middlewares/Third_Party/FreeRTOS/Source/timers.c.obj
 .text.__NVIC_SetPriority
                0x0800a05c       0x54 CMakeFiles/touhou.dir/Middlewares/Third_Party/FreeRTOS/Source/CMSIS_RTOS_V2/cmsis_os2.c.obj
 .text.SysTick_Handler
                0x0800a0b0       0x20 CMakeFiles/touhou.dir/Middlewares/Third_Party/FreeRTOS/Source/CMSIS_RTOS_V2/cmsis_os2.c.obj
                0x0800a0b0                SysTick_Handler
 .text.SVC_Setup
                0x0800a0d0       0x12 CMakeFiles/touhou.dir/Middlewares/Third_Party/FreeRTOS/Source/CMSIS_RTOS_V2/cmsis_os2.c.obj
 *fill*         0x0800a0e2        0x2 
 .text.osKernelInitialize
                0x0800a0e4       0x48 CMakeFiles/touhou.dir/Middlewares/Third_Party/FreeRTOS/Source/CMSIS_RTOS_V2/cmsis_os2.c.obj
                0x0800a0e4                osKernelInitialize
 .text.osKernelStart
                0x0800a12c       0x4c CMakeFiles/touhou.dir/Middlewares/Third_Party/FreeRTOS/Source/CMSIS_RTOS_V2/cmsis_os2.c.obj
                0x0800a12c                osKernelStart
 .text.osThreadNew
                0x0800a178      0x124 CMakeFiles/touhou.dir/Middlewares/Third_Party/FreeRTOS/Source/CMSIS_RTOS_V2/cmsis_os2.c.obj
                0x0800a178                osThreadNew
 .text.osDelay  0x0800a29c       0x36 CMakeFiles/touhou.dir/Middlewares/Third_Party/FreeRTOS/Source/CMSIS_RTOS_V2/cmsis_os2.c.obj
                0x0800a29c                osDelay
 *fill*         0x0800a2d2        0x2 
 .text.vApplicationGetIdleTaskMemory
                0x0800a2d4       0x34 CMakeFiles/touhou.dir/Middlewares/Third_Party/FreeRTOS/Source/CMSIS_RTOS_V2/cmsis_os2.c.obj
                0x0800a2d4                vApplicationGetIdleTaskMemory
 .text.vApplicationGetTimerTaskMemory
                0x0800a308       0x34 CMakeFiles/touhou.dir/Middlewares/Third_Party/FreeRTOS/Source/CMSIS_RTOS_V2/cmsis_os2.c.obj
                0x0800a308                vApplicationGetTimerTaskMemory
 .text.pvPortMalloc
                0x0800a33c      0x19c CMakeFiles/touhou.dir/Middlewares/Third_Party/FreeRTOS/Source/portable/MemMang/heap_4.c.obj
                0x0800a33c                pvPortMalloc
 .text.vPortFree
                0x0800a4d8       0xc8 CMakeFiles/touhou.dir/Middlewares/Third_Party/FreeRTOS/Source/portable/MemMang/heap_4.c.obj
                0x0800a4d8                vPortFree
 .text.prvHeapInit
                0x0800a5a0       0xc4 CMakeFiles/touhou.dir/Middlewares/Third_Party/FreeRTOS/Source/portable/MemMang/heap_4.c.obj
 .text.prvInsertBlockIntoFreeList
                0x0800a664       0xb4 CMakeFiles/touhou.dir/Middlewares/Third_Party/FreeRTOS/Source/portable/MemMang/heap_4.c.obj
 .text.pxPortInitialiseStack
                0x0800a718       0x68 CMakeFiles/touhou.dir/Middlewares/Third_Party/FreeRTOS/Source/portable/GCC/ARM_CM4F/port.c.obj
                0x0800a718                pxPortInitialiseStack
 .text.prvTaskExitError
                0x0800a780       0x5c CMakeFiles/touhou.dir/Middlewares/Third_Party/FreeRTOS/Source/portable/GCC/ARM_CM4F/port.c.obj
 *fill*         0x0800a7dc        0x4 
 .text.SVC_Handler
                0x0800a7e0       0x28 CMakeFiles/touhou.dir/Middlewares/Third_Party/FreeRTOS/Source/portable/GCC/ARM_CM4F/port.c.obj
                0x0800a7e0                SVC_Handler
 .text.prvPortStartFirstTask
                0x0800a808       0x28 CMakeFiles/touhou.dir/Middlewares/Third_Party/FreeRTOS/Source/portable/GCC/ARM_CM4F/port.c.obj
 .text.xPortStartScheduler
                0x0800a830      0x148 CMakeFiles/touhou.dir/Middlewares/Third_Party/FreeRTOS/Source/portable/GCC/ARM_CM4F/port.c.obj
                0x0800a830                xPortStartScheduler
 .text.vPortEnterCritical
                0x0800a978       0x64 CMakeFiles/touhou.dir/Middlewares/Third_Party/FreeRTOS/Source/portable/GCC/ARM_CM4F/port.c.obj
                0x0800a978                vPortEnterCritical
 .text.vPortExitCritical
                0x0800a9dc       0x54 CMakeFiles/touhou.dir/Middlewares/Third_Party/FreeRTOS/Source/portable/GCC/ARM_CM4F/port.c.obj
                0x0800a9dc                vPortExitCritical
 .text.PendSV_Handler
                0x0800aa30       0x68 CMakeFiles/touhou.dir/Middlewares/Third_Party/FreeRTOS/Source/portable/GCC/ARM_CM4F/port.c.obj
                0x0800aa30                PendSV_Handler
 .text.xPortSysTickHandler
                0x0800aa98       0x44 CMakeFiles/touhou.dir/Middlewares/Third_Party/FreeRTOS/Source/portable/GCC/ARM_CM4F/port.c.obj
                0x0800aa98                xPortSysTickHandler
 .text.vPortSetupTimerInterrupt
                0x0800aadc       0x48 CMakeFiles/touhou.dir/Middlewares/Third_Party/FreeRTOS/Source/portable/GCC/ARM_CM4F/port.c.obj
                0x0800aadc                vPortSetupTimerInterrupt
 .text.vPortEnableVFP
                0x0800ab24       0x14 CMakeFiles/touhou.dir/Middlewares/Third_Party/FreeRTOS/Source/portable/GCC/ARM_CM4F/port.c.obj
 .text.vPortValidateInterruptPriority
                0x0800ab38       0x84 CMakeFiles/touhou.dir/Middlewares/Third_Party/FreeRTOS/Source/portable/GCC/ARM_CM4F/port.c.obj
                0x0800ab38                vPortValidateInterruptPriority
 .text._sbrk    0x0800abbc       0x6c CMakeFiles/touhou.dir/Core/Src/sysmem.c.obj
                0x0800abbc                _sbrk
 .text._getpid  0x0800ac28       0x10 CMakeFiles/touhou.dir/Core/Src/syscalls.c.obj
                0x0800ac28                _getpid
 .text._kill    0x0800ac38       0x20 CMakeFiles/touhou.dir/Core/Src/syscalls.c.obj
                0x0800ac38                _kill
 .text._exit    0x0800ac58       0x16 CMakeFiles/touhou.dir/Core/Src/syscalls.c.obj
                0x0800ac58                _exit
 .text._read    0x0800ac6e       0x3a CMakeFiles/touhou.dir/Core/Src/syscalls.c.obj
                0x0800ac6e                _read
 .text._write   0x0800aca8       0x38 CMakeFiles/touhou.dir/Core/Src/syscalls.c.obj
                0x0800aca8                _write
 .text._close   0x0800ace0       0x18 CMakeFiles/touhou.dir/Core/Src/syscalls.c.obj
                0x0800ace0                _close
 .text._fstat   0x0800acf8       0x20 CMakeFiles/touhou.dir/Core/Src/syscalls.c.obj
                0x0800acf8                _fstat
 .text._isatty  0x0800ad18       0x16 CMakeFiles/touhou.dir/Core/Src/syscalls.c.obj
                0x0800ad18                _isatty
 .text._lseek   0x0800ad2e       0x1a CMakeFiles/touhou.dir/Core/Src/syscalls.c.obj
                0x0800ad2e                _lseek
 .text.Reset_Handler
                0x0800ad48       0x50 CMakeFiles/touhou.dir/startup_stm32f401xe.s.obj
                0x0800ad48                Reset_Handler
 .text.Default_Handler
                0x0800ad98        0x2 CMakeFiles/touhou.dir/startup_stm32f401xe.s.obj
                0x0800ad98                DMA1_Stream3_IRQHandler
                0x0800ad98                EXTI2_IRQHandler
                0x0800ad98                SPI4_IRQHandler
                0x0800ad98                TIM1_CC_IRQHandler
                0x0800ad98                DMA2_Stream5_IRQHandler
                0x0800ad98                DMA1_Stream5_IRQHandler
                0x0800ad98                PVD_IRQHandler
                0x0800ad98                SDIO_IRQHandler
                0x0800ad98                TAMP_STAMP_IRQHandler
                0x0800ad98                EXTI3_IRQHandler
                0x0800ad98                I2C3_ER_IRQHandler
                0x0800ad98                EXTI0_IRQHandler
                0x0800ad98                I2C2_EV_IRQHandler
                0x0800ad98                DMA1_Stream2_IRQHandler
                0x0800ad98                FPU_IRQHandler
                0x0800ad98                DMA2_Stream2_IRQHandler
                0x0800ad98                TIM1_BRK_TIM9_IRQHandler
                0x0800ad98                USART6_IRQHandler
                0x0800ad98                TIM4_IRQHandler
                0x0800ad98                I2C1_EV_IRQHandler
                0x0800ad98                DMA1_Stream6_IRQHandler
                0x0800ad98                DMA1_Stream1_IRQHandler
                0x0800ad98                TIM3_IRQHandler
                0x0800ad98                RCC_IRQHandler
                0x0800ad98                Default_Handler
                0x0800ad98                EXTI15_10_IRQHandler
                0x0800ad98                DMA1_Stream7_IRQHandler
                0x0800ad98                TIM5_IRQHandler
                0x0800ad98                DMA2_Stream7_IRQHandler
                0x0800ad98                I2C3_EV_IRQHandler
                0x0800ad98                EXTI9_5_IRQHandler
                0x0800ad98                RTC_WKUP_IRQHandler
                0x0800ad98                SPI2_IRQHandler
                0x0800ad98                DMA1_Stream0_IRQHandler
                0x0800ad98                EXTI4_IRQHandler
                0x0800ad98                WWDG_IRQHandler
                0x0800ad98                TIM2_IRQHandler
                0x0800ad98                OTG_FS_WKUP_IRQHandler
                0x0800ad98                TIM1_TRG_COM_TIM11_IRQHandler
                0x0800ad98                EXTI1_IRQHandler
                0x0800ad98                USART2_IRQHandler
                0x0800ad98                I2C2_ER_IRQHandler
                0x0800ad98                DMA2_Stream1_IRQHandler
                0x0800ad98                FLASH_IRQHandler
                0x0800ad98                DMA2_Stream4_IRQHandler
                0x0800ad98                USART1_IRQHandler
                0x0800ad98                OTG_FS_IRQHandler
                0x0800ad98                SPI3_IRQHandler
                0x0800ad98                DMA1_Stream4_IRQHandler
                0x0800ad98                I2C1_ER_IRQHandler
                0x0800ad98                DMA2_Stream6_IRQHandler
                0x0800ad98                RTC_Alarm_IRQHandler
 *fill*         0x0800ad9a        0x2 
 .text.srand    0x0800ad9c       0x5c /opt/ST/STM32CubeCLT_1.17.0/GNU-tools-for-STM32/bin/../lib/gcc/arm-none-eabi/12.3.1/../../../../arm-none-eabi/lib/thumb/v7e-m+fp/hard/libg_nano.a(libc_a-rand.o)
                0x0800ad9c                srand
 .text.rand     0x0800adf8       0x7c /opt/ST/STM32CubeCLT_1.17.0/GNU-tools-for-STM32/bin/../lib/gcc/arm-none-eabi/12.3.1/../../../../arm-none-eabi/lib/thumb/v7e-m+fp/hard/libg_nano.a(libc_a-rand.o)
                0x0800adf8                rand
 .text.__errno  0x0800ae74        0xc /opt/ST/STM32CubeCLT_1.17.0/GNU-tools-for-STM32/bin/../lib/gcc/arm-none-eabi/12.3.1/../../../../arm-none-eabi/lib/thumb/v7e-m+fp/hard/libg_nano.a(libc_a-errno.o)
                0x0800ae74                __errno
 .text.memcpy   0x0800ae80       0x1c /opt/ST/STM32CubeCLT_1.17.0/GNU-tools-for-STM32/bin/../lib/gcc/arm-none-eabi/12.3.1/../../../../arm-none-eabi/lib/thumb/v7e-m+fp/hard/libg_nano.a(libc_a-memcpy-stub.o)
                0x0800ae80                memcpy
 .text.__assert_func
                0x0800ae9c       0x3c /opt/ST/STM32CubeCLT_1.17.0/GNU-tools-for-STM32/bin/../lib/gcc/arm-none-eabi/12.3.1/../../../../arm-none-eabi/lib/thumb/v7e-m+fp/hard/libg_nano.a(libc_a-assert.o)
                0x0800ae9c                __assert_func
 .text.malloc   0x0800aed8       0x10 /opt/ST/STM32CubeCLT_1.17.0/GNU-tools-for-STM32/bin/../lib/gcc/arm-none-eabi/12.3.1/../../../../arm-none-eabi/lib/thumb/v7e-m+fp/hard/libg_nano.a(libc_a-malloc.o)
                0x0800aed8                malloc
 .text.fprintf  0x0800aee8       0x24 /opt/ST/STM32CubeCLT_1.17.0/GNU-tools-for-STM32/bin/../lib/gcc/arm-none-eabi/12.3.1/../../../../arm-none-eabi/lib/thumb/v7e-m+fp/hard/libg_nano.a(libc_a-fprintf.o)
                0x0800aee8                fprintf
                0x0800aee8                fiprintf
 .text.abort    0x0800af0c        0xe /opt/ST/STM32CubeCLT_1.17.0/GNU-tools-for-STM32/bin/../lib/gcc/arm-none-eabi/12.3.1/../../../../arm-none-eabi/lib/thumb/v7e-m+fp/hard/libg_nano.a(libc_a-abort.o)
                0x0800af0c                abort
 .text.__sfputc_r
                0x0800af1a       0x2e /opt/ST/STM32CubeCLT_1.17.0/GNU-tools-for-STM32/bin/../lib/gcc/arm-none-eabi/12.3.1/../../../../arm-none-eabi/lib/thumb/v7e-m+fp/hard/libg_nano.a(libc_a-nano-vfprintf.o)
 .text.__sfputs_r
                0x0800af48       0x24 /opt/ST/STM32CubeCLT_1.17.0/GNU-tools-for-STM32/bin/../lib/gcc/arm-none-eabi/12.3.1/../../../../arm-none-eabi/lib/thumb/v7e-m+fp/hard/libg_nano.a(libc_a-nano-vfprintf.o)
                0x0800af48                __sfputs_r
 .text._vfprintf_r
                0x0800af6c      0x230 /opt/ST/STM32CubeCLT_1.17.0/GNU-tools-for-STM32/bin/../lib/gcc/arm-none-eabi/12.3.1/../../../../arm-none-eabi/lib/thumb/v7e-m+fp/hard/libg_nano.a(libc_a-nano-vfprintf.o)
                0x0800af6c                _vfiprintf_r
                0x0800af6c                _vfprintf_r
 .text._printf_common
                0x0800b19c       0xda /opt/ST/STM32CubeCLT_1.17.0/GNU-tools-for-STM32/bin/../lib/gcc/arm-none-eabi/12.3.1/../../../../arm-none-eabi/lib/thumb/v7e-m+fp/hard/libg_nano.a(libc_a-nano-vfprintf_i.o)
                0x0800b19c                _printf_common
 *fill*         0x0800b276        0x2 
 .text._printf_i
                0x0800b278      0x240 /opt/ST/STM32CubeCLT_1.17.0/GNU-tools-for-STM32/bin/../lib/gcc/arm-none-eabi/12.3.1/../../../../arm-none-eabi/lib/thumb/v7e-m+fp/hard/libg_nano.a(libc_a-nano-vfprintf_i.o)
                0x0800b278                _printf_i
 .text.__swbuf_r
                0x0800b4b8       0x7c /opt/ST/STM32CubeCLT_1.17.0/GNU-tools-for-STM32/bin/../lib/gcc/arm-none-eabi/12.3.1/../../../../arm-none-eabi/lib/thumb/v7e-m+fp/hard/libg_nano.a(libc_a-wbuf.o)
                0x0800b4b8                __swbuf_r
 .text.__swsetup_r
                0x0800b534       0xac /opt/ST/STM32CubeCLT_1.17.0/GNU-tools-for-STM32/bin/../lib/gcc/arm-none-eabi/12.3.1/../../../../arm-none-eabi/lib/thumb/v7e-m+fp/hard/libg_nano.a(libc_a-wsetup.o)
                0x0800b534                __swsetup_r
 .text.__swhatbuf_r
                0x0800b5e0       0x4c /opt/ST/STM32CubeCLT_1.17.0/GNU-tools-for-STM32/bin/../lib/gcc/arm-none-eabi/12.3.1/../../../../arm-none-eabi/lib/thumb/v7e-m+fp/hard/libg_nano.a(libc_a-makebuf.o)
                0x0800b5e0                __swhatbuf_r
 .text.__smakebuf_r
                0x0800b62c       0x78 /opt/ST/STM32CubeCLT_1.17.0/GNU-tools-for-STM32/bin/../lib/gcc/arm-none-eabi/12.3.1/../../../../arm-none-eabi/lib/thumb/v7e-m+fp/hard/libg_nano.a(libc_a-makebuf.o)
                0x0800b62c                __smakebuf_r
 .text._fstat_r
                0x0800b6a4       0x24 /opt/ST/STM32CubeCLT_1.17.0/GNU-tools-for-STM32/bin/../lib/gcc/arm-none-eabi/12.3.1/../../../../arm-none-eabi/lib/thumb/v7e-m+fp/hard/libg_nano.a(libc_a-fstatr.o)
                0x0800b6a4                _fstat_r
 .text._isatty_r
                0x0800b6c8       0x20 /opt/ST/STM32CubeCLT_1.17.0/GNU-tools-for-STM32/bin/../lib/gcc/arm-none-eabi/12.3.1/../../../../arm-none-eabi/lib/thumb/v7e-m+fp/hard/libg_nano.a(libc_a-isattyr.o)
                0x0800b6c8                _isatty_r
 .text._raise_r
                0x0800b6e8       0x50 /opt/ST/STM32CubeCLT_1.17.0/GNU-tools-for-STM32/bin/../lib/gcc/arm-none-eabi/12.3.1/../../../../arm-none-eabi/lib/thumb/v7e-m+fp/hard/libg_nano.a(libc_a-signal.o)
                0x0800b6e8                _raise_r
 .text.raise    0x0800b738       0x10 /opt/ST/STM32CubeCLT_1.17.0/GNU-tools-for-STM32/bin/../lib/gcc/arm-none-eabi/12.3.1/../../../../arm-none-eabi/lib/thumb/v7e-m+fp/hard/libg_nano.a(libc_a-signal.o)
                0x0800b738                raise
 .text._kill_r  0x0800b748       0x24 /opt/ST/STM32CubeCLT_1.17.0/GNU-tools-for-STM32/bin/../lib/gcc/arm-none-eabi/12.3.1/../../../../arm-none-eabi/lib/thumb/v7e-m+fp/hard/libg_nano.a(libc_a-signalr.o)
                0x0800b748                _kill_r
 .text._getpid_r
                0x0800b76c        0x4 /opt/ST/STM32CubeCLT_1.17.0/GNU-tools-for-STM32/bin/../lib/gcc/arm-none-eabi/12.3.1/../../../../arm-none-eabi/lib/thumb/v7e-m+fp/hard/libg_nano.a(libc_a-signalr.o)
                0x0800b76c                _getpid_r
 .text.sqrt     0x0800b770       0x58 /opt/ST/STM32CubeCLT_1.17.0/GNU-tools-for-STM32/bin/../lib/gcc/arm-none-eabi/12.3.1/../../../../arm-none-eabi/lib/thumb/v7e-m+fp/hard/libm.a(libm_a-w_sqrt.o)
                0x0800b770                sqrt
 .text.__ieee754_sqrt
                0x0800b7c8      0x1b4 /opt/ST/STM32CubeCLT_1.17.0/GNU-tools-for-STM32/bin/../lib/gcc/arm-none-eabi/12.3.1/../../../../arm-none-eabi/lib/thumb/v7e-m+fp/hard/libm.a(libm_a-e_sqrt.o)
                0x0800b7c8                __ieee754_sqrt
 *(.glue_7)
 .glue_7        0x0800b97c        0x0 linker stubs
 *(.glue_7t)
 .glue_7t       0x0800b97c        0x0 linker stubs
 *(.eh_frame)
 .eh_frame      0x0800b97c        0x0 /opt/ST/STM32CubeCLT_1.17.0/GNU-tools-for-STM32/bin/../lib/gcc/arm-none-eabi/12.3.1/thumb/v7e-m+fp/hard/crtbegin.o
 *(.init)
 .init          0x0800b97c        0x4 /opt/ST/STM32CubeCLT_1.17.0/GNU-tools-for-STM32/bin/../lib/gcc/arm-none-eabi/12.3.1/thumb/v7e-m+fp/hard/crti.o
                0x0800b97c                _init
 .init          0x0800b980        0x8 /opt/ST/STM32CubeCLT_1.17.0/GNU-tools-for-STM32/bin/../lib/gcc/arm-none-eabi/12.3.1/thumb/v7e-m+fp/hard/crtn.o
 *(.fini)
 .fini          0x0800b988        0x4 /opt/ST/STM32CubeCLT_1.17.0/GNU-tools-for-STM32/bin/../lib/gcc/arm-none-eabi/12.3.1/thumb/v7e-m+fp/hard/crti.o
                0x0800b988                _fini
 .fini          0x0800b98c        0x8 /opt/ST/STM32CubeCLT_1.17.0/GNU-tools-for-STM32/bin/../lib/gcc/arm-none-eabi/12.3.1/thumb/v7e-m+fp/hard/crtn.o
                0x0800b994                        . = ALIGN (0x4)
                0x0800b994                        _etext = .

.vfp11_veneer   0x0800b994        0x0
 .vfp11_veneer  0x0800b994        0x0 linker stubs

.v4_bx          0x0800b994        0x0
 .v4_bx         0x0800b994        0x0 linker stubs

.iplt           0x0800b994        0x0
 .iplt          0x0800b994        0x0 /opt/ST/STM32CubeCLT_1.17.0/GNU-tools-for-STM32/bin/../lib/gcc/arm-none-eabi/12.3.1/thumb/v7e-m+fp/hard/crtbegin.o

.rodata         0x0800b994      0x160
                0x0800b994                        . = ALIGN (0x4)
 *(.rodata)
 .rodata        0x0800b994        0x4 CMakeFiles/touhou.dir/Core/Src/playerPosition.c.obj
 .rodata        0x0800b998        0x4 CMakeFiles/touhou.dir/Core/Src/enemyBullets.c.obj
 .rodata        0x0800b99c       0x10 CMakeFiles/touhou.dir/Core/Src/render.c.obj
 .rodata        0x0800b9ac        0xc CMakeFiles/touhou.dir/Core/Src/main.c.obj
 .rodata        0x0800b9b8        0x5 CMakeFiles/touhou.dir/Middlewares/Third_Party/FreeRTOS/Source/tasks.c.obj
 *fill*         0x0800b9bd        0x3 
 .rodata        0x0800b9c0        0xd CMakeFiles/touhou.dir/Middlewares/Third_Party/FreeRTOS/Source/timers.c.obj
 *(.rodata*)
 *fill*         0x0800b9cd        0x3 
 .rodata.defaultTask_attributes
                0x0800b9d0       0x24 CMakeFiles/touhou.dir/Core/Src/main.c.obj
                0x0800b9d0                defaultTask_attributes
 .rodata.flagBitshiftOffset.0
                0x0800b9f4        0x8 CMakeFiles/touhou.dir/Drivers/STM32F4xx_HAL_Driver/Src/stm32f4xx_hal_dma.c.obj
 .rodata.AHBPrescTable
                0x0800b9fc       0x10 CMakeFiles/touhou.dir/Core/Src/system_stm32f4xx.c.obj
                0x0800b9fc                AHBPrescTable
 .rodata.APBPrescTable
                0x0800ba0c        0x8 CMakeFiles/touhou.dir/Core/Src/system_stm32f4xx.c.obj
                0x0800ba0c                APBPrescTable
 .rodata.srand.str1.1
                0x0800ba14       0x6f /opt/ST/STM32CubeCLT_1.17.0/GNU-tools-for-STM32/bin/../lib/gcc/arm-none-eabi/12.3.1/../../../../arm-none-eabi/lib/thumb/v7e-m+fp/hard/libg_nano.a(libc_a-rand.o)
 .rodata.__assert_func.str1.1
                0x0800ba83       0x3c /opt/ST/STM32CubeCLT_1.17.0/GNU-tools-for-STM32/bin/../lib/gcc/arm-none-eabi/12.3.1/../../../../arm-none-eabi/lib/thumb/v7e-m+fp/hard/libg_nano.a(libc_a-assert.o)
                                 0x3d (size before relaxing)
 .rodata._vfprintf_r.str1.1
                0x0800babf       0x11 /opt/ST/STM32CubeCLT_1.17.0/GNU-tools-for-STM32/bin/../lib/gcc/arm-none-eabi/12.3.1/../../../../arm-none-eabi/lib/thumb/v7e-m+fp/hard/libg_nano.a(libc_a-nano-vfprintf.o)
 .rodata._printf_i.str1.1
                0x0800bad0       0x22 /opt/ST/STM32CubeCLT_1.17.0/GNU-tools-for-STM32/bin/../lib/gcc/arm-none-eabi/12.3.1/../../../../arm-none-eabi/lib/thumb/v7e-m+fp/hard/libg_nano.a(libc_a-nano-vfprintf_i.o)
                0x0800baf4                        . = ALIGN (0x4)
 *fill*         0x0800baf2        0x2 

.ARM.extab
 *(.ARM.extab* .gnu.linkonce.armextab.*)

.ARM            0x0800baf4        0x8
                0x0800baf4                        __exidx_start = .
 *(.ARM.exidx*)
 .ARM.exidx     0x0800baf4        0x8 /opt/ST/STM32CubeCLT_1.17.0/GNU-tools-for-STM32/bin/../lib/gcc/arm-none-eabi/12.3.1/thumb/v7e-m+fp/hard/libgcc.a(_udivmoddi4.o)
 .ARM.exidx     0x0800bafc        0x0 /opt/ST/STM32CubeCLT_1.17.0/GNU-tools-for-STM32/bin/../lib/gcc/arm-none-eabi/12.3.1/../../../../arm-none-eabi/lib/thumb/v7e-m+fp/hard/libg_nano.a(libc_a-memchr.o)
                                  0x8 (size before relaxing)
                0x0800bafc                        __exidx_end = .

.rel.dyn        0x0800bafc        0x0
 .rel.iplt      0x0800bafc        0x0 /opt/ST/STM32CubeCLT_1.17.0/GNU-tools-for-STM32/bin/../lib/gcc/arm-none-eabi/12.3.1/thumb/v7e-m+fp/hard/crtbegin.o

.preinit_array  0x0800bafc        0x0
                0x0800bafc                        PROVIDE (__preinit_array_start = .)
 *(.preinit_array*)
                0x0800bafc                        PROVIDE (__preinit_array_end = .)

.init_array     0x0800bafc        0x4
                0x0800bafc                        PROVIDE (__init_array_start = .)
 *(SORT_BY_NAME(.init_array.*))
 *(.init_array*)
 .init_array    0x0800bafc        0x4 /opt/ST/STM32CubeCLT_1.17.0/GNU-tools-for-STM32/bin/../lib/gcc/arm-none-eabi/12.3.1/thumb/v7e-m+fp/hard/crtbegin.o
                0x0800bb00                        PROVIDE (__init_array_end = .)

.fini_array     0x0800bb00        0x4
                [!provide]                        PROVIDE (__fini_array_start = .)
 *(SORT_BY_NAME(.fini_array.*))
 *(.fini_array*)
 .fini_array    0x0800bb00        0x4 /opt/ST/STM32CubeCLT_1.17.0/GNU-tools-for-STM32/bin/../lib/gcc/arm-none-eabi/12.3.1/thumb/v7e-m+fp/hard/crtbegin.o
                [!provide]                        PROVIDE (__fini_array_end = .)
                0x0800bb04                        _sidata = LOADADDR (.data)

.data           0x20000000       0x80 load address 0x0800bb04
                0x20000000                        . = ALIGN (0x4)
                0x20000000                        _sdata = .
 *(.data)
 *(.data*)
 .data.__sglue  0x20000000        0xc /opt/ST/STM32CubeCLT_1.17.0/GNU-tools-for-STM32/bin/../lib/gcc/arm-none-eabi/12.3.1/../../../../arm-none-eabi/lib/thumb/v7e-m+fp/hard/libc_nano.a(libc_a-findfp.o)
                0x20000000                __sglue
 .data._impure_ptr
                0x2000000c        0x4 /opt/ST/STM32CubeCLT_1.17.0/GNU-tools-for-STM32/bin/../lib/gcc/arm-none-eabi/12.3.1/../../../../arm-none-eabi/lib/thumb/v7e-m+fp/hard/libc_nano.a(libc_a-impure.o)
                0x2000000c                _impure_ptr
 .data._impure_data
                0x20000010       0x4c /opt/ST/STM32CubeCLT_1.17.0/GNU-tools-for-STM32/bin/../lib/gcc/arm-none-eabi/12.3.1/../../../../arm-none-eabi/lib/thumb/v7e-m+fp/hard/libc_nano.a(libc_a-impure.o)
                0x20000010                _impure_data
 .data.playerPosition
                0x2000005c        0x4 CMakeFiles/touhou.dir/Core/Src/main.c.obj
                0x2000005c                playerPosition
 .data.uwTickPrio
                0x20000060        0x4 CMakeFiles/touhou.dir/Drivers/STM32F4xx_HAL_Driver/Src/stm32f4xx_hal.c.obj
                0x20000060                uwTickPrio
 .data.uwTickFreq
                0x20000064        0x1 CMakeFiles/touhou.dir/Drivers/STM32F4xx_HAL_Driver/Src/stm32f4xx_hal.c.obj
                0x20000064                uwTickFreq
 *fill*         0x20000065        0x3 
 .data.SystemCoreClock
                0x20000068        0x4 CMakeFiles/touhou.dir/Core/Src/system_stm32f4xx.c.obj
                0x20000068                SystemCoreClock
 .data.uxCriticalNesting
                0x2000006c        0x4 CMakeFiles/touhou.dir/Middlewares/Third_Party/FreeRTOS/Source/portable/GCC/ARM_CM4F/port.c.obj
 .data.tiny     0x20000070        0x8 /opt/ST/STM32CubeCLT_1.17.0/GNU-tools-for-STM32/bin/../lib/gcc/arm-none-eabi/12.3.1/../../../../arm-none-eabi/lib/thumb/v7e-m+fp/hard/libm.a(libm_a-e_sqrt.o)
 .data.one      0x20000078        0x8 /opt/ST/STM32CubeCLT_1.17.0/GNU-tools-for-STM32/bin/../lib/gcc/arm-none-eabi/12.3.1/../../../../arm-none-eabi/lib/thumb/v7e-m+fp/hard/libm.a(libm_a-e_sqrt.o)
                0x20000080                        . = ALIGN (0x4)
                0x20000080                        _edata = .

.igot.plt       0x20000080        0x0 load address 0x0800bb84
 .igot.plt      0x20000080        0x0 /opt/ST/STM32CubeCLT_1.17.0/GNU-tools-for-STM32/bin/../lib/gcc/arm-none-eabi/12.3.1/thumb/v7e-m+fp/hard/crtbegin.o
                0x20000080                        . = ALIGN (0x4)

.bss            0x20000080    0x113c0 load address 0x0800bb84
                0x20000080                        _sbss = .
                0x20000080                        __bss_start__ = _sbss
 *(.bss)
 .bss           0x20000080       0x1c /opt/ST/STM32CubeCLT_1.17.0/GNU-tools-for-STM32/bin/../lib/gcc/arm-none-eabi/12.3.1/thumb/v7e-m+fp/hard/crtbegin.o
 *(.bss*)
 .bss.__sf      0x2000009c      0x138 /opt/ST/STM32CubeCLT_1.17.0/GNU-tools-for-STM32/bin/../lib/gcc/arm-none-eabi/12.3.1/../../../../arm-none-eabi/lib/thumb/v7e-m+fp/hard/libc_nano.a(libc_a-findfp.o)
                0x2000009c                __sf
 .bss.__stdio_exit_handler
                0x200001d4        0x4 /opt/ST/STM32CubeCLT_1.17.0/GNU-tools-for-STM32/bin/../lib/gcc/arm-none-eabi/12.3.1/../../../../arm-none-eabi/lib/thumb/v7e-m+fp/hard/libc_nano.a(libc_a-findfp.o)
                0x200001d4                __stdio_exit_handler
 .bss.__lock___malloc_recursive_mutex
                0x200001d8        0x1 /opt/ST/STM32CubeCLT_1.17.0/GNU-tools-for-STM32/bin/../lib/gcc/arm-none-eabi/12.3.1/../../../../arm-none-eabi/lib/thumb/v7e-m+fp/hard/libc_nano.a(libc_a-lock.o)
                0x200001d8                __lock___malloc_recursive_mutex
 .bss.__lock___sfp_recursive_mutex
                0x200001d9        0x1 /opt/ST/STM32CubeCLT_1.17.0/GNU-tools-for-STM32/bin/../lib/gcc/arm-none-eabi/12.3.1/../../../../arm-none-eabi/lib/thumb/v7e-m+fp/hard/libc_nano.a(libc_a-lock.o)
                0x200001d9                __lock___sfp_recursive_mutex
 *fill*         0x200001da        0x2 
 .bss.__malloc_sbrk_start
                0x200001dc        0x4 /opt/ST/STM32CubeCLT_1.17.0/GNU-tools-for-STM32/bin/../lib/gcc/arm-none-eabi/12.3.1/../../../../arm-none-eabi/lib/thumb/v7e-m+fp/hard/libc_nano.a(libc_a-mallocr.o)
                0x200001dc                __malloc_sbrk_start
 .bss.__malloc_free_list
                0x200001e0        0x4 /opt/ST/STM32CubeCLT_1.17.0/GNU-tools-for-STM32/bin/../lib/gcc/arm-none-eabi/12.3.1/../../../../arm-none-eabi/lib/thumb/v7e-m+fp/hard/libc_nano.a(libc_a-mallocr.o)
                0x200001e0                __malloc_free_list
 .bss.errno     0x200001e4        0x4 /opt/ST/STM32CubeCLT_1.17.0/GNU-tools-for-STM32/bin/../lib/gcc/arm-none-eabi/12.3.1/../../../../arm-none-eabi/lib/thumb/v7e-m+fp/hard/libc_nano.a(libc_a-reent.o)
                0x200001e4                errno
 .bss.hadc1     0x200001e8       0x48 CMakeFiles/touhou.dir/Core/Src/main.c.obj
                0x200001e8                hadc1
 .bss.hdma_adc1
                0x20000230       0x60 CMakeFiles/touhou.dir/Core/Src/main.c.obj
                0x20000230                hdma_adc1
 .bss.hspi1     0x20000290       0x58 CMakeFiles/touhou.dir/Core/Src/main.c.obj
                0x20000290                hspi1
 .bss.hdma_spi1_tx
                0x200002e8       0x60 CMakeFiles/touhou.dir/Core/Src/main.c.obj
                0x200002e8                hdma_spi1_tx
 .bss.htim3     0x20000348       0x48 CMakeFiles/touhou.dir/Core/Src/main.c.obj
                0x20000348                htim3
 .bss.huart2    0x20000390       0x48 CMakeFiles/touhou.dir/Core/Src/main.c.obj
                0x20000390                huart2
 .bss.defaultTaskHandle
                0x200003d8        0x4 CMakeFiles/touhou.dir/Core/Src/main.c.obj
                0x200003d8                defaultTaskHandle
 .bss.adcBuff   0x200003dc        0x4 CMakeFiles/touhou.dir/Core/Src/main.c.obj
                0x200003dc                adcBuff
 .bss.bullets   0x200003e0      0x2bc CMakeFiles/touhou.dir/Core/Src/main.c.obj
                0x200003e0                bullets
 .bss.renderFlag
                0x2000069c        0x4 CMakeFiles/touhou.dir/Core/Src/main.c.obj
                0x2000069c                renderFlag
 .bss.htim1     0x200006a0       0x48 CMakeFiles/touhou.dir/Core/Src/stm32f4xx_hal_timebase_tim.c.obj
                0x200006a0                htim1
 .bss.uwTick    0x200006e8        0x4 CMakeFiles/touhou.dir/Drivers/STM32F4xx_HAL_Driver/Src/stm32f4xx_hal.c.obj
                0x200006e8                uwTick
 .bss.xQueueRegistry
                0x200006ec       0x40 CMakeFiles/touhou.dir/Middlewares/Third_Party/FreeRTOS/Source/queue.c.obj
                0x200006ec                xQueueRegistry
 .bss.pxCurrentTCB
                0x2000072c        0x4 CMakeFiles/touhou.dir/Middlewares/Third_Party/FreeRTOS/Source/tasks.c.obj
                0x2000072c                pxCurrentTCB
 .bss.pxReadyTasksLists
                0x20000730      0x460 CMakeFiles/touhou.dir/Middlewares/Third_Party/FreeRTOS/Source/tasks.c.obj
 .bss.xDelayedTaskList1
                0x20000b90       0x14 CMakeFiles/touhou.dir/Middlewares/Third_Party/FreeRTOS/Source/tasks.c.obj
 .bss.xDelayedTaskList2
                0x20000ba4       0x14 CMakeFiles/touhou.dir/Middlewares/Third_Party/FreeRTOS/Source/tasks.c.obj
 .bss.pxDelayedTaskList
                0x20000bb8        0x4 CMakeFiles/touhou.dir/Middlewares/Third_Party/FreeRTOS/Source/tasks.c.obj
 .bss.pxOverflowDelayedTaskList
                0x20000bbc        0x4 CMakeFiles/touhou.dir/Middlewares/Third_Party/FreeRTOS/Source/tasks.c.obj
 .bss.xPendingReadyList
                0x20000bc0       0x14 CMakeFiles/touhou.dir/Middlewares/Third_Party/FreeRTOS/Source/tasks.c.obj
 .bss.xTasksWaitingTermination
                0x20000bd4       0x14 CMakeFiles/touhou.dir/Middlewares/Third_Party/FreeRTOS/Source/tasks.c.obj
 .bss.uxDeletedTasksWaitingCleanUp
                0x20000be8        0x4 CMakeFiles/touhou.dir/Middlewares/Third_Party/FreeRTOS/Source/tasks.c.obj
 .bss.xSuspendedTaskList
                0x20000bec       0x14 CMakeFiles/touhou.dir/Middlewares/Third_Party/FreeRTOS/Source/tasks.c.obj
 .bss.uxCurrentNumberOfTasks
                0x20000c00        0x4 CMakeFiles/touhou.dir/Middlewares/Third_Party/FreeRTOS/Source/tasks.c.obj
 .bss.xTickCount
                0x20000c04        0x4 CMakeFiles/touhou.dir/Middlewares/Third_Party/FreeRTOS/Source/tasks.c.obj
 .bss.uxTopReadyPriority
                0x20000c08        0x4 CMakeFiles/touhou.dir/Middlewares/Third_Party/FreeRTOS/Source/tasks.c.obj
 .bss.xSchedulerRunning
                0x20000c0c        0x4 CMakeFiles/touhou.dir/Middlewares/Third_Party/FreeRTOS/Source/tasks.c.obj
 .bss.xPendedTicks
                0x20000c10        0x4 CMakeFiles/touhou.dir/Middlewares/Third_Party/FreeRTOS/Source/tasks.c.obj
 .bss.xYieldPending
                0x20000c14        0x4 CMakeFiles/touhou.dir/Middlewares/Third_Party/FreeRTOS/Source/tasks.c.obj
 .bss.xNumOfOverflows
                0x20000c18        0x4 CMakeFiles/touhou.dir/Middlewares/Third_Party/FreeRTOS/Source/tasks.c.obj
 .bss.uxTaskNumber
                0x20000c1c        0x4 CMakeFiles/touhou.dir/Middlewares/Third_Party/FreeRTOS/Source/tasks.c.obj
 .bss.xNextTaskUnblockTime
                0x20000c20        0x4 CMakeFiles/touhou.dir/Middlewares/Third_Party/FreeRTOS/Source/tasks.c.obj
 .bss.xIdleTaskHandle
                0x20000c24        0x4 CMakeFiles/touhou.dir/Middlewares/Third_Party/FreeRTOS/Source/tasks.c.obj
 .bss.uxSchedulerSuspended
                0x20000c28        0x4 CMakeFiles/touhou.dir/Middlewares/Third_Party/FreeRTOS/Source/tasks.c.obj
 .bss.xActiveTimerList1
                0x20000c2c       0x14 CMakeFiles/touhou.dir/Middlewares/Third_Party/FreeRTOS/Source/timers.c.obj
 .bss.xActiveTimerList2
                0x20000c40       0x14 CMakeFiles/touhou.dir/Middlewares/Third_Party/FreeRTOS/Source/timers.c.obj
 .bss.pxCurrentTimerList
                0x20000c54        0x4 CMakeFiles/touhou.dir/Middlewares/Third_Party/FreeRTOS/Source/timers.c.obj
 .bss.pxOverflowTimerList
                0x20000c58        0x4 CMakeFiles/touhou.dir/Middlewares/Third_Party/FreeRTOS/Source/timers.c.obj
 .bss.xTimerQueue
                0x20000c5c        0x4 CMakeFiles/touhou.dir/Middlewares/Third_Party/FreeRTOS/Source/timers.c.obj
 .bss.xTimerTaskHandle
                0x20000c60        0x4 CMakeFiles/touhou.dir/Middlewares/Third_Party/FreeRTOS/Source/timers.c.obj
 .bss.xLastTime.2
                0x20000c64        0x4 CMakeFiles/touhou.dir/Middlewares/Third_Party/FreeRTOS/Source/timers.c.obj
 .bss.ucStaticTimerQueueStorage.1
                0x20000c68       0xa0 CMakeFiles/touhou.dir/Middlewares/Third_Party/FreeRTOS/Source/timers.c.obj
 .bss.xStaticTimerQueue.0
                0x20000d08       0x50 CMakeFiles/touhou.dir/Middlewares/Third_Party/FreeRTOS/Source/timers.c.obj
 .bss.KernelState
                0x20000d58        0x4 CMakeFiles/touhou.dir/Middlewares/Third_Party/FreeRTOS/Source/CMSIS_RTOS_V2/cmsis_os2.c.obj
 .bss.Idle_TCB.3
                0x20000d5c       0x5c CMakeFiles/touhou.dir/Middlewares/Third_Party/FreeRTOS/Source/CMSIS_RTOS_V2/cmsis_os2.c.obj
 .bss.Idle_Stack.2
                0x20000db8      0x200 CMakeFiles/touhou.dir/Middlewares/Third_Party/FreeRTOS/Source/CMSIS_RTOS_V2/cmsis_os2.c.obj
 .bss.Timer_TCB.1
                0x20000fb8       0x5c CMakeFiles/touhou.dir/Middlewares/Third_Party/FreeRTOS/Source/CMSIS_RTOS_V2/cmsis_os2.c.obj
 .bss.Timer_Stack.0
                0x20001014      0x400 CMakeFiles/touhou.dir/Middlewares/Third_Party/FreeRTOS/Source/CMSIS_RTOS_V2/cmsis_os2.c.obj
 .bss.ucHeap    0x20001414     0xffff CMakeFiles/touhou.dir/Middlewares/Third_Party/FreeRTOS/Source/portable/MemMang/heap_4.c.obj
 *fill*         0x20011413        0x1 
 .bss.xStart    0x20011414        0x8 CMakeFiles/touhou.dir/Middlewares/Third_Party/FreeRTOS/Source/portable/MemMang/heap_4.c.obj
 .bss.pxEnd     0x2001141c        0x4 CMakeFiles/touhou.dir/Middlewares/Third_Party/FreeRTOS/Source/portable/MemMang/heap_4.c.obj
 .bss.xFreeBytesRemaining
                0x20011420        0x4 CMakeFiles/touhou.dir/Middlewares/Third_Party/FreeRTOS/Source/portable/MemMang/heap_4.c.obj
 .bss.xMinimumEverFreeBytesRemaining
                0x20011424        0x4 CMakeFiles/touhou.dir/Middlewares/Third_Party/FreeRTOS/Source/portable/MemMang/heap_4.c.obj
 .bss.xNumberOfSuccessfulAllocations
                0x20011428        0x4 CMakeFiles/touhou.dir/Middlewares/Third_Party/FreeRTOS/Source/portable/MemMang/heap_4.c.obj
 .bss.xNumberOfSuccessfulFrees
                0x2001142c        0x4 CMakeFiles/touhou.dir/Middlewares/Third_Party/FreeRTOS/Source/portable/MemMang/heap_4.c.obj
 .bss.xBlockAllocatedBit
                0x20011430        0x4 CMakeFiles/touhou.dir/Middlewares/Third_Party/FreeRTOS/Source/portable/MemMang/heap_4.c.obj
 .bss.ucMaxSysCallPriority
                0x20011434        0x1 CMakeFiles/touhou.dir/Middlewares/Third_Party/FreeRTOS/Source/portable/GCC/ARM_CM4F/port.c.obj
 *fill*         0x20011435        0x3 
 .bss.ulMaxPRIGROUPValue
                0x20011438        0x4 CMakeFiles/touhou.dir/Middlewares/Third_Party/FreeRTOS/Source/portable/GCC/ARM_CM4F/port.c.obj
 .bss.__sbrk_heap_end
                0x2001143c        0x4 CMakeFiles/touhou.dir/Core/Src/sysmem.c.obj
 *(COMMON)
                0x20011440                        . = ALIGN (0x4)
                0x20011440                        _ebss = .
                0x20011440                        __bss_end__ = _ebss

._user_heap_stack
                0x20011440      0x600 load address 0x0800bb84
                0x20011440                        . = ALIGN (0x8)
                [!provide]                        PROVIDE (end = .)
                0x20011440                        PROVIDE (_end = .)
                0x20011640                        . = (. + _Min_Heap_Size)
 *fill*         0x20011440      0x200 
                0x20011a40                        . = (. + _Min_Stack_Size)
 *fill*         0x20011640      0x400 
                0x20011a40                        . = ALIGN (0x8)

/DISCARD/
 libc.a(*)
 libm.a(*)
 libgcc.a(*)
OUTPUT(touhou.elf elf32-littlearm)
LOAD linker stubs
LOAD /opt/ST/STM32CubeCLT_1.17.0/GNU-tools-for-STM32/bin/../lib/gcc/arm-none-eabi/12.3.1/../../../../arm-none-eabi/lib/thumb/v7e-m+fp/hard/libc.a
LOAD /opt/ST/STM32CubeCLT_1.17.0/GNU-tools-for-STM32/bin/../lib/gcc/arm-none-eabi/12.3.1/../../../../arm-none-eabi/lib/thumb/v7e-m+fp/hard/libm.a
LOAD /opt/ST/STM32CubeCLT_1.17.0/GNU-tools-for-STM32/bin/../lib/gcc/arm-none-eabi/12.3.1/thumb/v7e-m+fp/hard/libgcc.a

.ARM.attributes
                0x00000000       0x30
 .ARM.attributes
                0x00000000       0x22 /opt/ST/STM32CubeCLT_1.17.0/GNU-tools-for-STM32/bin/../lib/gcc/arm-none-eabi/12.3.1/thumb/v7e-m+fp/hard/crti.o
 .ARM.attributes
                0x00000022       0x34 /opt/ST/STM32CubeCLT_1.17.0/GNU-tools-for-STM32/bin/../lib/gcc/arm-none-eabi/12.3.1/thumb/v7e-m+fp/hard/crtbegin.o
 .ARM.attributes
                0x00000056       0x34 /opt/ST/STM32CubeCLT_1.17.0/GNU-tools-for-STM32/bin/../lib/gcc/arm-none-eabi/12.3.1/../../../../arm-none-eabi/lib/thumb/v7e-m+fp/hard/libc_nano.a(libc_a-findfp.o)
 .ARM.attributes
                0x0000008a       0x34 /opt/ST/STM32CubeCLT_1.17.0/GNU-tools-for-STM32/bin/../lib/gcc/arm-none-eabi/12.3.1/../../../../arm-none-eabi/lib/thumb/v7e-m+fp/hard/libc_nano.a(libc_a-fwalk.o)
 .ARM.attributes
                0x000000be       0x34 /opt/ST/STM32CubeCLT_1.17.0/GNU-tools-for-STM32/bin/../lib/gcc/arm-none-eabi/12.3.1/../../../../arm-none-eabi/lib/thumb/v7e-m+fp/hard/libc_nano.a(libc_a-memset.o)
 .ARM.attributes
                0x000000f2       0x34 /opt/ST/STM32CubeCLT_1.17.0/GNU-tools-for-STM32/bin/../lib/gcc/arm-none-eabi/12.3.1/../../../../arm-none-eabi/lib/thumb/v7e-m+fp/hard/libc_nano.a(libc_a-impure.o)
 .ARM.attributes
                0x00000126       0x34 /opt/ST/STM32CubeCLT_1.17.0/GNU-tools-for-STM32/bin/../lib/gcc/arm-none-eabi/12.3.1/../../../../arm-none-eabi/lib/thumb/v7e-m+fp/hard/libc_nano.a(libc_a-init.o)
 .ARM.attributes
                0x0000015a       0x34 /opt/ST/STM32CubeCLT_1.17.0/GNU-tools-for-STM32/bin/../lib/gcc/arm-none-eabi/12.3.1/../../../../arm-none-eabi/lib/thumb/v7e-m+fp/hard/libc_nano.a(libc_a-lock.o)
 .ARM.attributes
                0x0000018e       0x34 /opt/ST/STM32CubeCLT_1.17.0/GNU-tools-for-STM32/bin/../lib/gcc/arm-none-eabi/12.3.1/../../../../arm-none-eabi/lib/thumb/v7e-m+fp/hard/libc_nano.a(libc_a-mallocr.o)
 .ARM.attributes
                0x000001c2       0x34 /opt/ST/STM32CubeCLT_1.17.0/GNU-tools-for-STM32/bin/../lib/gcc/arm-none-eabi/12.3.1/../../../../arm-none-eabi/lib/thumb/v7e-m+fp/hard/libc_nano.a(libc_a-fflush.o)
 .ARM.attributes
                0x000001f6       0x34 /opt/ST/STM32CubeCLT_1.17.0/GNU-tools-for-STM32/bin/../lib/gcc/arm-none-eabi/12.3.1/../../../../arm-none-eabi/lib/thumb/v7e-m+fp/hard/libc_nano.a(libc_a-mlock.o)
 .ARM.attributes
                0x0000022a       0x34 /opt/ST/STM32CubeCLT_1.17.0/GNU-tools-for-STM32/bin/../lib/gcc/arm-none-eabi/12.3.1/../../../../arm-none-eabi/lib/thumb/v7e-m+fp/hard/libc_nano.a(libc_a-stdio.o)
 .ARM.attributes
                0x0000025e       0x34 /opt/ST/STM32CubeCLT_1.17.0/GNU-tools-for-STM32/bin/../lib/gcc/arm-none-eabi/12.3.1/../../../../arm-none-eabi/lib/thumb/v7e-m+fp/hard/libc_nano.a(libc_a-closer.o)
 .ARM.attributes
                0x00000292       0x34 /opt/ST/STM32CubeCLT_1.17.0/GNU-tools-for-STM32/bin/../lib/gcc/arm-none-eabi/12.3.1/../../../../arm-none-eabi/lib/thumb/v7e-m+fp/hard/libc_nano.a(libc_a-reent.o)
 .ARM.attributes
                0x000002c6       0x34 /opt/ST/STM32CubeCLT_1.17.0/GNU-tools-for-STM32/bin/../lib/gcc/arm-none-eabi/12.3.1/../../../../arm-none-eabi/lib/thumb/v7e-m+fp/hard/libc_nano.a(libc_a-lseekr.o)
 .ARM.attributes
                0x000002fa       0x34 /opt/ST/STM32CubeCLT_1.17.0/GNU-tools-for-STM32/bin/../lib/gcc/arm-none-eabi/12.3.1/../../../../arm-none-eabi/lib/thumb/v7e-m+fp/hard/libc_nano.a(libc_a-readr.o)
 .ARM.attributes
                0x0000032e       0x34 /opt/ST/STM32CubeCLT_1.17.0/GNU-tools-for-STM32/bin/../lib/gcc/arm-none-eabi/12.3.1/../../../../arm-none-eabi/lib/thumb/v7e-m+fp/hard/libc_nano.a(libc_a-sbrkr.o)
 .ARM.attributes
                0x00000362       0x34 /opt/ST/STM32CubeCLT_1.17.0/GNU-tools-for-STM32/bin/../lib/gcc/arm-none-eabi/12.3.1/../../../../arm-none-eabi/lib/thumb/v7e-m+fp/hard/libc_nano.a(libc_a-writer.o)
 .ARM.attributes
                0x00000396       0x34 /opt/ST/STM32CubeCLT_1.17.0/GNU-tools-for-STM32/bin/../lib/gcc/arm-none-eabi/12.3.1/../../../../arm-none-eabi/lib/thumb/v7e-m+fp/hard/libc_nano.a(libc_a-freer.o)
 .ARM.attributes
                0x000003ca       0x34 CMakeFiles/touhou.dir/Core/Src/player.c.obj
 .ARM.attributes
                0x000003fe       0x34 CMakeFiles/touhou.dir/Core/Src/song1.c.obj
 .ARM.attributes
                0x00000432       0x34 CMakeFiles/touhou.dir/Core/Src/display.c.obj
 .ARM.attributes