Archive member included to satisfy reference by file (symbol)

/opt/ST/STM32CubeCLT_1.17.0/GNU-tools-for-STM32/bin/../lib/gcc/arm-none-eabi/12.3.1/../../../../arm-none-eabi/lib/thumb/v7e-m+fp/hard/libc_nano.a(libc_a-exit.o)
                              /opt/ST/STM32CubeCLT_1.17.0/GNU-tools-for-STM32/bin/../lib/gcc/arm-none-eabi/12.3.1/../../../../arm-none-eabi/lib/thumb/v7e-m+fp/hard/crt0.o (exit)
/opt/ST/STM32CubeCLT_1.17.0/GNU-tools-for-STM32/bin/../lib/gcc/arm-none-eabi/12.3.1/../../../../arm-none-eabi/lib/thumb/v7e-m+fp/hard/libc_nano.a(libc_a-findfp.o)
                              /opt/ST/STM32CubeCLT_1.17.0/GNU-tools-for-STM32/bin/../lib/gcc/arm-none-eabi/12.3.1/../../../../arm-none-eabi/lib/thumb/v7e-m+fp/hard/libc_nano.a(libc_a-exit.o) (__stdio_exit_handler)
/opt/ST/STM32CubeCLT_1.17.0/GNU-tools-for-STM32/bin/../lib/gcc/arm-none-eabi/12.3.1/../../../../arm-none-eabi/lib/thumb/v7e-m+fp/hard/libc_nano.a(libc_a-fwalk.o)
                              /opt/ST/STM32CubeCLT_1.17.0/GNU-tools-for-STM32/bin/../lib/gcc/arm-none-eabi/12.3.1/../../../../arm-none-eabi/lib/thumb/v7e-m+fp/hard/libc_nano.a(libc_a-findfp.o) (_fwalk_sglue)
/opt/ST/STM32CubeCLT_1.17.0/GNU-tools-for-STM32/bin/../lib/gcc/arm-none-eabi/12.3.1/../../../../arm-none-eabi/lib/thumb/v7e-m+fp/hard/libc_nano.a(libc_a-memset.o)
                              /opt/ST/STM32CubeCLT_1.17.0/GNU-tools-for-STM32/bin/../lib/gcc/arm-none-eabi/12.3.1/../../../../arm-none-eabi/lib/thumb/v7e-m+fp/hard/crt0.o (memset)
/opt/ST/STM32CubeCLT_1.17.0/GNU-tools-for-STM32/bin/../lib/gcc/arm-none-eabi/12.3.1/../../../../arm-none-eabi/lib/thumb/v7e-m+fp/hard/libc_nano.a(libc_a-impure.o)
                              /opt/ST/STM32CubeCLT_1.17.0/GNU-tools-for-STM32/bin/../lib/gcc/arm-none-eabi/12.3.1/../../../../arm-none-eabi/lib/thumb/v7e-m+fp/hard/libc_nano.a(libc_a-findfp.o) (_impure_data)
/opt/ST/STM32CubeCLT_1.17.0/GNU-tools-for-STM32/bin/../lib/gcc/arm-none-eabi/12.3.1/../../../../arm-none-eabi/lib/thumb/v7e-m+fp/hard/libc_nano.a(libc_a-init.o)
                              /opt/ST/STM32CubeCLT_1.17.0/GNU-tools-for-STM32/bin/../lib/gcc/arm-none-eabi/12.3.1/../../../../arm-none-eabi/lib/thumb/v7e-m+fp/hard/crt0.o (__libc_init_array)
/opt/ST/STM32CubeCLT_1.17.0/GNU-tools-for-STM32/bin/../lib/gcc/arm-none-eabi/12.3.1/../../../../arm-none-eabi/lib/thumb/v7e-m+fp/hard/libc_nano.a(libc_a-lock.o)
                              /opt/ST/STM32CubeCLT_1.17.0/GNU-tools-for-STM32/bin/../lib/gcc/arm-none-eabi/12.3.1/../../../../arm-none-eabi/lib/thumb/v7e-m+fp/hard/libc_nano.a(libc_a-findfp.o) (__retarget_lock_init_recursive)
/opt/ST/STM32CubeCLT_1.17.0/GNU-tools-for-STM32/bin/../lib/gcc/arm-none-eabi/12.3.1/../../../../arm-none-eabi/lib/thumb/v7e-m+fp/hard/libc_nano.a(libc_a-mallocr.o)
                              /opt/ST/STM32CubeCLT_1.17.0/GNU-tools-for-STM32/bin/../lib/gcc/arm-none-eabi/12.3.1/../../../../arm-none-eabi/lib/thumb/v7e-m+fp/hard/libc_nano.a(libc_a-findfp.o) (_malloc_r)
/opt/ST/STM32CubeCLT_1.17.0/GNU-tools-for-STM32/bin/../lib/gcc/arm-none-eabi/12.3.1/../../../../arm-none-eabi/lib/thumb/v7e-m+fp/hard/libc_nano.a(libc_a-fflush.o)
                              /opt/ST/STM32CubeCLT_1.17.0/GNU-tools-for-STM32/bin/../lib/gcc/arm-none-eabi/12.3.1/../../../../arm-none-eabi/lib/thumb/v7e-m+fp/hard/libc_nano.a(libc_a-findfp.o) (_fflush_r)
/opt/ST/STM32CubeCLT_1.17.0/GNU-tools-for-STM32/bin/../lib/gcc/arm-none-eabi/12.3.1/../../../../arm-none-eabi/lib/thumb/v7e-m+fp/hard/libc_nano.a(libc_a-mlock.o)
                              /opt/ST/STM32CubeCLT_1.17.0/GNU-tools-for-STM32/bin/../lib/gcc/arm-none-eabi/12.3.1/../../../../arm-none-eabi/lib/thumb/v7e-m+fp/hard/libc_nano.a(libc_a-mallocr.o) (__malloc_lock)
/opt/ST/STM32CubeCLT_1.17.0/GNU-tools-for-STM32/bin/../lib/gcc/arm-none-eabi/12.3.1/../../../../arm-none-eabi/lib/thumb/v7e-m+fp/hard/libc_nano.a(libc_a-stdio.o)
                              /opt/ST/STM32CubeCLT_1.17.0/GNU-tools-for-STM32/bin/../lib/gcc/arm-none-eabi/12.3.1/../../../../arm-none-eabi/lib/thumb/v7e-m+fp/hard/libc_nano.a(libc_a-findfp.o) (__sread)
/opt/ST/STM32CubeCLT_1.17.0/GNU-tools-for-STM32/bin/../lib/gcc/arm-none-eabi/12.3.1/../../../../arm-none-eabi/lib/thumb/v7e-m+fp/hard/libc_nano.a(libc_a-closer.o)
                              /opt/ST/STM32CubeCLT_1.17.0/GNU-tools-for-STM32/bin/../lib/gcc/arm-none-eabi/12.3.1/../../../../arm-none-eabi/lib/thumb/v7e-m+fp/hard/libc_nano.a(libc_a-stdio.o) (_close_r)
/opt/ST/STM32CubeCLT_1.17.0/GNU-tools-for-STM32/bin/../lib/gcc/arm-none-eabi/12.3.1/../../../../arm-none-eabi/lib/thumb/v7e-m+fp/hard/libc_nano.a(libc_a-reent.o)
                              /opt/ST/STM32CubeCLT_1.17.0/GNU-tools-for-STM32/bin/../lib/gcc/arm-none-eabi/12.3.1/../../../../arm-none-eabi/lib/thumb/v7e-m+fp/hard/libc_nano.a(libc_a-closer.o) (errno)
/opt/ST/STM32CubeCLT_1.17.0/GNU-tools-for-STM32/bin/../lib/gcc/arm-none-eabi/12.3.1/../../../../arm-none-eabi/lib/thumb/v7e-m+fp/hard/libc_nano.a(libc_a-lseekr.o)
[...]
Memory Configuration

Name             Origin             Length             Attributes
RAM              0x20000000         0x00018000         xrw
FLASH            0x08000000         0x00080000         xr
*default*        0x00000000         0xffffffff

Linker script and memory map

LOAD /opt/ST/STM32CubeCLT_1.17.0/GNU-tools-for-STM32/bin/../lib/gcc/arm-none-eabi/12.3.1/thumb/v7e-m+fp/hard/crti.o
LOAD /opt/ST/STM32CubeCLT_1.17.0/GNU-tools-for-STM32/bin/../lib/gcc/arm-none-eabi/12.3.1/thumb/v7e-m+fp/hard/crtbegin.o
LOAD /opt/ST/STM32CubeCLT_1.17.0/GNU-tools-for-STM32/bin/../lib/gcc/arm-none-eabi/12.3.1/../../../../arm-none-eabi/lib/thumb/v7e-m+fp/hard/crt0.o
START GROUP
LOAD /opt/ST/STM32CubeCLT_1.17.0/GNU-tools-for-STM32/bin/../lib/gcc/arm-none-eabi/12.3.1/../../../../arm-none-eabi/lib/thumb/v7e-m+fp/hard/libc_nano.a
LOAD /opt/ST/STM32CubeCLT_1.17.0/GNU-tools-for-STM32/bin/../lib/gcc/arm-none-eabi/12.3.1/../../../../arm-none-eabi/lib/thumb/v7e-m+fp/hard/libm.a
END GROUP
LOAD CMakeFiles/touhou.dir/Core/Src/player.c.obj
LOAD CMakeFiles/touhou.dir/Core/Src/song1.c.obj
LOAD CMakeFiles/touhou.dir/Core/Src/display.c.obj
LOAD CMakeFiles/touhou.dir/Core/Src/frames.c.obj
LOAD CMakeFiles/touhou.dir/Core/Src/playerPosition.c.obj
LOAD CMakeFiles/touhou.dir/Core/Src/enemyBullets.c.obj
LOAD CMakeFiles/touhou.dir/Core/Src/collision.c.obj
LOAD CMakeFiles/touhou.dir/Core/Src/render.c.obj
LOAD CMakeFiles/touhou.dir/Core/Src/main.c.obj
LOAD CMakeFiles/touhou.dir/Core/Src/freertos.c.obj
LOAD CMakeFiles/touhou.dir/Core/Src/stm32f4xx_it.c.obj
LOAD CMakeFiles/touhou.dir/Core/Src/stm32f4xx_hal_msp.c.obj
LOAD CMakeFiles/touhou.dir/Core/Src/stm32f4xx_hal_timebase_tim.c.obj
LOAD CMakeFiles/touhou.dir/Drivers/STM32F4xx_HAL_Driver/Src/stm32f4xx_hal_tim.c.obj
LOAD CMakeFiles/touhou.dir/Drivers/STM32F4xx_HAL_Driver/Src/stm32f4xx_hal_tim_ex.c.obj
LOAD CMakeFiles/touhou.dir/Drivers/STM32F4xx_HAL_Driver/Src/stm32f4xx_hal_adc.c.obj
LOAD CMakeFiles/touhou.dir/Drivers/STM32F4xx_HAL_Driver/Src/stm32f4xx_hal_adc_ex.c.obj
LOAD CMakeFiles/touhou.dir/Drivers/STM32F4xx_HAL_Driver/Src/stm32f4xx_ll_adc.c.obj
LOAD CMakeFiles/touhou.dir/Drivers/STM32F4xx_HAL_Driver/Src/stm32f4xx_hal_rcc.c.obj
LOAD CMakeFiles/touhou.dir/Drivers/STM32F4xx_HAL_Driver/Src/stm32f4xx_hal_rcc_ex.c.obj
LOAD CMakeFiles/touhou.dir/Drivers/STM32F4xx_HAL_Driver/Src/stm32f4xx_hal_flash.c.obj
LOAD CMakeFiles/touhou.dir/Drivers/STM32F4xx_HAL_Driver/Src/stm32f4xx_hal_flash_ex.c.obj
LOAD CMakeFiles/touhou.dir/Drivers/STM32F4xx_HAL_Driver/Src/stm32f4xx_hal_flash_ramfunc.c.obj
LOAD CMakeFiles/touhou.dir/Drivers/STM32F4xx_HAL_Driver/Src/stm32f4xx_hal_gpio.c.obj
LOAD CMakeFiles/touhou.dir/Drivers/STM32F4xx_HAL_Driver/Src/stm32f4xx_hal_dma_ex.c.obj
LOAD CMakeFiles/touhou.dir/Drivers/STM32F4xx_HAL_Driver/Src/stm32f4xx_hal_dma.c.obj
LOAD CMakeFiles/touhou.dir/Drivers/STM32F4xx_HAL_Driver/Src/stm32f4xx_hal_pwr.c.obj
LOAD CMakeFiles/touhou.dir/Drivers/STM32F4xx_HAL_Driver/Src/stm32f4xx_hal_pwr_ex.c.obj
LOAD CMakeFiles/touhou.dir/Drivers/STM32F4xx_HAL_Driver/Src/stm32f4xx_hal_cortex.c.obj
LOAD CMakeFiles/touhou.dir/Drivers/STM32F4xx_HAL_Driver/Src/stm32f4xx_hal.c.obj
LOAD CMakeFiles/touhou.dir/Drivers/STM32F4xx_HAL_Driver/Src/stm32f4xx_hal_exti.c.obj
LOAD CMakeFiles/touhou.dir/Drivers/STM32F4xx_HAL_Driver/Src/stm32f4xx_hal_spi.c.obj
LOAD CMakeFiles/touhou.dir/Drivers/STM32F4xx_HAL_Driver/Src/stm32f4xx_hal_uart.c.obj
LOAD CMakeFiles/touhou.dir/Core/Src/system_stm32f4xx.c.obj
LOAD CMakeFiles/touhou.dir/Middlewares/Third_Party/FreeRTOS/Source/croutine.c.obj
LOAD CMakeFiles/touhou.dir/Middlewares/Third_Party/FreeRTOS/Source/event_groups.c.obj
LOAD CMakeFiles/touhou.dir/Middlewares/Third_Party/FreeRTOS/Source/list.c.obj
LOAD CMakeFiles/touhou.dir/Middlewares/Third_Party/FreeRTOS/Source/queue.c.obj
LOAD CMakeFiles/touhou.dir/Middlewares/Third_Party/FreeRTOS/Source/stream_buffer.c.obj
LOAD CMakeFiles/touhou.dir/Middlewares/Third_Party/FreeRTOS/Source/tasks.c.obj
LOAD CMakeFiles/touhou.dir/Middlewares/Third_Party/FreeRTOS/Source/timers.c.obj
LOAD CMakeFiles/touhou.dir/Middlewares/Third_Party/FreeRTOS/Source/CMSIS_RTOS_V2/cmsis_os2.c.obj
LOAD CMakeFiles/touhou.dir/Middlewares/Third_Party/FreeRTOS/Source/portable/MemMang/heap_4.c.obj
LOAD CMakeFiles/touhou.dir/Middlewares/Third_Party/FreeRTOS/Source/portable/GCC/ARM_CM4F/port.c.obj
LOAD CMakeFiles/touhou.dir/Core/Src/sysmem.c.obj
LOAD CMakeFiles/touhou.dir/Core/Src/syscalls.c.obj
LOAD CMakeFiles/touhou.dir/startup_stm32f401xe.s.obj
START GROUP
LOAD /opt/ST/STM32CubeCLT_1.17.0/GNU-tools-for-STM32/bin/../lib/gcc/arm-none-eabi/12.3.1/thumb/v7e-m+fp/hard/libgcc.a
LOAD /opt/ST/STM32CubeCLT_1.17.0/GNU-tools-for-STM32/bin/../lib/gcc/arm-none-eabi/12.3.1/../../../../arm-none-eabi/lib/thumb/v7e-m+fp/hard/libg_nano.a
LOAD /opt/ST/STM32CubeCLT_1.17.0/GNU-tools-for-STM32/bin/../lib/gcc/arm-none-eabi/12.3.1/../../../../arm-none-eabi/lib/thumb/v7e-m+fp/hard/libc_nano.a
END GROUP
START GROUP
LOAD /opt/ST/STM32CubeCLT_1.17.0/GNU-tools-for-STM32/bin/../lib/gcc/arm-none-eabi/12.3.1/thumb/v7e-m+fp/hard/libgcc.a
LOAD /opt/ST/STM32CubeCLT_1.17.0/GNU-tools-for-STM32/bin/../lib/gcc/arm-none-eabi/12.3.1/../../../../arm-none-eabi/lib/thumb/v7e-m+fp/hard/libc_nano.a
END GROUP
LOAD /opt/ST/STM32CubeCLT_1.17.0/GNU-tools-for-STM32/bin/../lib/gcc/arm-none-eabi/12.3.1/thumb/v7e-m+fp/hard/crtend.o
LOAD /opt/ST/STM32CubeCLT_1.17.0/GNU-tools-for-STM32/bin/../lib/gcc/arm-none-eabi/12.3.1/thumb/v7e-m+fp/hard/crtn.o
                0x20018000                        _estack = (ORIGIN (RAM) + LENGTH (RAM))
                0x00000200                        _Min_Heap_Size = 0x200
                0x00000400                        _Min_Stack_Size = 0x400

.isr_vector     0x08000000      0x194
                0x08000000                        . = ALIGN (0x4)
 *(.isr_vector)
 .isr_vector    0x08000000      0x194 CMakeFiles/touhou.dir/startup_stm32f401xe.s.obj
                0x08000000                g_pfnVectors
                0x08000194                        . = ALIGN (0x4)

.text           0x080001a0     0xa630
                0x080001a0                        . = ALIGN (0x4)
 *(.text)
 .text          0x080001a0       0x40 /opt/ST/STM32CubeCLT_1.17.0/GNU-tools-for-STM32/bin/../lib/gcc/arm-none-eabi/12.3.1/thumb/v7e-m+fp/hard/crtbegin.o
 .text          0x080001e0      0x378 /opt/ST/STM32CubeCLT_1.17.0/GNU-tools-for-STM32/bin/../lib/gcc/arm-none-eabi/12.3.1/thumb/v7e-m+fp/hard/libgcc.a(_arm_addsubdf3.o)
                0x080001e0                __aeabi_drsub
                0x080001e8                __subdf3
                0x080001e8                __aeabi_dsub
                0x080001ec                __aeabi_dadd
                0x080001ec                __adddf3
                0x08000464                __aeabi_ui2d
                0x08000464                __floatunsidf
                0x08000484                __floatsidf
                0x08000484                __aeabi_i2d
                0x080004a8                __extendsfdf2
                0x080004a8                __aeabi_f2d
                0x080004ec                __aeabi_ul2d
                0x080004ec                __floatundidf
                0x080004fc                __aeabi_l2d
                0x080004fc                __floatdidf
 .text          0x08000558       0xa0 /opt/ST/STM32CubeCLT_1.17.0/GNU-tools-for-STM32/bin/../lib/gcc/arm-none-eabi/12.3.1/thumb/v7e-m+fp/hard/libgcc.a(_arm_truncdfsf2.o)
                0x08000558                __aeabi_d2f
                0x08000558                __truncdfsf2
 .text          0x080005f8       0x30 /opt/ST/STM32CubeCLT_1.17.0/GNU-tools-for-STM32/bin/../lib/gcc/arm-none-eabi/12.3.1/thumb/v7e-m+fp/hard/libgcc.a(_aeabi_uldivmod.o)
                0x080005f8                __aeabi_uldivmod
 .text          0x08000628      0x2bc /opt/ST/STM32CubeCLT_1.17.0/GNU-tools-for-STM32/bin/../lib/gcc/arm-none-eabi/12.3.1/thumb/v7e-m+fp/hard/libgcc.a(_udivmoddi4.o)
                0x08000628                __udivmoddi4
 .text          0x080008e4        0x4 /opt/ST/STM32CubeCLT_1.17.0/GNU-tools-for-STM32/bin/../lib/gcc/arm-none-eabi/12.3.1/thumb/v7e-m+fp/hard/libgcc.a(_dvmd_tls.o)
                0x080008e4                __aeabi_ldiv0
                0x080008e4                __aeabi_idiv0
 *fill*         0x080008e8        0x8 
 .text          0x080008f0       0xa0 /opt/ST/STM32CubeCLT_1.17.0/GNU-tools-for-STM32/bin/../lib/gcc/arm-none-eabi/12.3.1/../../../../arm-none-eabi/lib/thumb/v7e-m+fp/hard/libg_nano.a(libc_a-memchr.o)
                0x080008f0                memchr
 .text          0x08000990      0x424 /opt/ST/STM32CubeCLT_1.17.0/GNU-tools-for-STM32/bin/../lib/gcc/arm-none-eabi/12.3.1/thumb/v7e-m+fp/hard/libgcc.a(_arm_muldivdf3.o)
                0x08000990                __aeabi_dmul
                0x08000990                __muldf3
                0x08000be4                __aeabi_ddiv
                0x08000be4                __divdf3
 .text          0x08000db4      0x110 /opt/ST/STM32CubeCLT_1.17.0/GNU-tools-for-STM32/bin/../lib/gcc/arm-none-eabi/12.3.1/thumb/v7e-m+fp/hard/libgcc.a(_arm_cmpdf2.o)
                0x08000db4                __gedf2
                0x08000db4                __gtdf2
                0x08000dbc                __ledf2
                0x08000dbc                __ltdf2
                0x08000dc4                __cmpdf2
                0x08000dc4                __eqdf2
                0x08000dc4                __nedf2
                0x08000e40                __aeabi_cdrcmple
                0x08000e50                __aeabi_cdcmple
                0x08000e50                __aeabi_cdcmpeq
                0x08000e60                __aeabi_dcmpeq
                0x08000e74                __aeabi_dcmplt
                0x08000e88                __aeabi_dcmple
                0x08000e9c                __aeabi_dcmpge
                0x08000eb0                __aeabi_dcmpgt
 .text          0x08000ec4       0x2c /opt/ST/STM32CubeCLT_1.17.0/GNU-tools-for-STM32/bin/../lib/gcc/arm-none-eabi/12.3.1/thumb/v7e-m+fp/hard/libgcc.a(_arm_unorddf2.o)
                0x08000ec4                __aeabi_dcmpun
                0x08000ec4                __unorddf2
 *(.text*)
 .text.std      0x08000ef0       0x6c /opt/ST/STM32CubeCLT_1.17.0/GNU-tools-for-STM32/bin/../lib/gcc/arm-none-eabi/12.3.1/../../../../arm-none-eabi/lib/thumb/v7e-m+fp/hard/libc_nano.a(libc_a-findfp.o)
 .text.stdio_exit_handler
                0x08000f5c       0x18 /opt/ST/STM32CubeCLT_1.17.0/GNU-tools-for-STM32/bin/../lib/gcc/arm-none-eabi/12.3.1/../../../../arm-none-eabi/lib/thumb/v7e-m+fp/hard/libc_nano.a(libc_a-findfp.o)
 .text.cleanup_stdio
                0x08000f74       0x40 /opt/ST/STM32CubeCLT_1.17.0/GNU-tools-for-STM32/bin/../lib/gcc/arm-none-eabi/12.3.1/../../../../arm-none-eabi/lib/thumb/v7e-m+fp/hard/libc_nano.a(libc_a-findfp.o)
 .text.global_stdio_init.part.0
                0x08000fb4       0x3c /opt/ST/STM32CubeCLT_1.17.0/GNU-tools-for-STM32/bin/../lib/gcc/arm-none-eabi/12.3.1/../../../../arm-none-eabi/lib/thumb/v7e-m+fp/hard/libc_nano.a(libc_a-findfp.o)
 .text.__sfp_lock_acquire
                0x08000ff0        0xc /opt/ST/STM32CubeCLT_1.17.0/GNU-tools-for-STM32/bin/../lib/gcc/arm-none-eabi/12.3.1/../../../../arm-none-eabi/lib/thumb/v7e-m+fp/hard/libc_nano.a(libc_a-findfp.o)
                0x08000ff0                __sfp_lock_acquire
 .text.__sfp_lock_release
                0x08000ffc        0xc /opt/ST/STM32CubeCLT_1.17.0/GNU-tools-for-STM32/bin/../lib/gcc/arm-none-eabi/12.3.1/../../../../arm-none-eabi/lib/thumb/v7e-m+fp/hard/libc_nano.a(libc_a-findfp.o)
                0x08000ffc                __sfp_lock_release
 .text.__sinit  0x08001008       0x30 /opt/ST/STM32CubeCLT_1.17.0/GNU-tools-for-STM32/bin/../lib/gcc/arm-none-eabi/12.3.1/../../../../arm-none-eabi/lib/thumb/v7e-m+fp/hard/libc_nano.a(libc_a-findfp.o)
                0x08001008                __sinit
 .text._fwalk_sglue
                0x08001038       0x3c /opt/ST/STM32CubeCLT_1.17.0/GNU-tools-for-STM32/bin/../lib/gcc/arm-none-eabi/12.3.1/../../../../arm-none-eabi/lib/thumb/v7e-m+fp/hard/libc_nano.a(libc_a-fwalk.o)
                0x08001038                _fwalk_sglue
 .text.memset   0x08001074       0x10 /opt/ST/STM32CubeCLT_1.17.0/GNU-tools-for-STM32/bin/../lib/gcc/arm-none-eabi/12.3.1/../../../../arm-none-eabi/lib/thumb/v7e-m+fp/hard/libc_nano.a(libc_a-memset.o)
                0x08001074                memset
 .text.__libc_init_array
                0x08001084       0x48 /opt/ST/STM32CubeCLT_1.17.0/GNU-tools-for-STM32/bin/../lib/gcc/arm-none-eabi/12.3.1/../../../../arm-none-eabi/lib/thumb/v7e-m+fp/hard/libc_nano.a(libc_a-init.o)
                0x08001084                __libc_init_array
 .text.__retarget_lock_init_recursive
                0x080010cc        0x2 /opt/ST/STM32CubeCLT_1.17.0/GNU-tools-for-STM32/bin/../lib/gcc/arm-none-eabi/12.3.1/../../../../arm-none-eabi/lib/thumb/v7e-m+fp/hard/libc_nano.a(libc_a-lock.o)
                0x080010cc                __retarget_lock_init_recursive
 .text.__retarget_lock_acquire_recursive
                0x080010ce        0x2 /opt/ST/STM32CubeCLT_1.17.0/GNU-tools-for-STM32/bin/../lib/gcc/arm-none-eabi/12.3.1/../../../../arm-none-eabi/lib/thumb/v7e-m+fp/hard/libc_nano.a(libc_a-lock.o)
                0x080010ce                __retarget_lock_acquire_recursive
 .text.__retarget_lock_release_recursive
                0x080010d0        0x2 /opt/ST/STM32CubeCLT_1.17.0/GNU-tools-for-STM32/bin/../lib/gcc/arm-none-eabi/12.3.1/../../../../arm-none-eabi/lib/thumb/v7e-m+fp/hard/libc_nano.a(libc_a-lock.o)
                0x080010d0                __retarget_lock_release_recursive
 *fill*         0x080010d2        0x2 
 .text.sbrk_aligned
                0x080010d4       0x44 /opt/ST/STM32CubeCLT_1.17.0/GNU-tools-for-STM32/bin/../lib/gcc/arm-none-eabi/12.3.1/../../../../arm-none-eabi/lib/thumb/v7e-m+fp/hard/libc_nano.a(libc_a-mallocr.o)
 .text._malloc_r
                0x08001118      0x100 /opt/ST/STM32CubeCLT_1.17.0/GNU-tools-for-STM32/bin/../lib/gcc/arm-none-eabi/12.3.1/../../../../arm-none-eabi/lib/thumb/v7e-m+fp/hard/libc_nano.a(libc_a-mallocr.o)
                0x08001118                _malloc_r
 .text.__sflush_r
                0x08001218      0x108 /opt/ST/STM32CubeCLT_1.17.0/GNU-tools-for-STM32/bin/../lib/gcc/arm-none-eabi/12.3.1/../../../../arm-none-eabi/lib/thumb/v7e-m+fp/hard/libc_nano.a(libc_a-fflush.o)
                0x08001218                __sflush_r
 .text._fflush_r
                0x08001320       0x50 /opt/ST/STM32CubeCLT_1.17.0/GNU-tools-for-STM32/bin/../lib/gcc/arm-none-eabi/12.3.1/../../../../arm-none-eabi/lib/thumb/v7e-m+fp/hard/libc_nano.a(libc_a-fflush.o)
                0x08001320                _fflush_r
 .text.__malloc_lock
                0x08001370        0xc /opt/ST/STM32CubeCLT_1.17.0/GNU-tools-for-STM32/bin/../lib/gcc/arm-none-eabi/12.3.1/../../../../arm-none-eabi/lib/thumb/v7e-m+fp/hard/libc_nano.a(libc_a-mlock.o)
                0x08001370                __malloc_lock
 .text.__malloc_unlock
                0x0800137c        0xc /opt/ST/STM32CubeCLT_1.17.0/GNU-tools-for-STM32/bin/../lib/gcc/arm-none-eabi/12.3.1/../../../../arm-none-eabi/lib/thumb/v7e-m+fp/hard/libc_nano.a(libc_a-mlock.o)
                0x0800137c                __malloc_unlock
 .text.__sread  0x08001388       0x22 /opt/ST/STM32CubeCLT_1.17.0/GNU-tools-for-STM32/bin/../lib/gcc/arm-none-eabi/12.3.1/../../../../arm-none-eabi/lib/thumb/v7e-m+fp/hard/libc_nano.a(libc_a-stdio.o)
                0x08001388                __sread
 .text.__swrite
                0x080013aa       0x38 /opt/ST/STM32CubeCLT_1.17.0/GNU-tools-for-STM32/bin/../lib/gcc/arm-none-eabi/12.3.1/../../../../arm-none-eabi/lib/thumb/v7e-m+fp/hard/libc_nano.a(libc_a-stdio.o)
                0x080013aa                __swrite
 .text.__sseek  0x080013e2       0x24 /opt/ST/STM32CubeCLT_1.17.0/GNU-tools-for-STM32/bin/../lib/gcc/arm-none-eabi/12.3.1/../../../../arm-none-eabi/lib/thumb/v7e-m+fp/hard/libc_nano.a(libc_a-stdio.o)
                0x080013e2                __sseek
 .text.__sclose
                0x08001406        0x8 /opt/ST/STM32CubeCLT_1.17.0/GNU-tools-for-STM32/bin/../lib/gcc/arm-none-eabi/12.3.1/../../../../arm-none-eabi/lib/thumb/v7e-m+fp/hard/libc_nano.a(libc_a-stdio.o)
                0x08001406                __sclose
 *fill*         0x0800140e        0x2 
 .text._close_r
                0x08001410       0x20 /opt/ST/STM32CubeCLT_1.17.0/GNU-tools-for-STM32/bin/../lib/gcc/arm-none-eabi/12.3.1/../../../../arm-none-eabi/lib/thumb/v7e-m+fp/hard/libc_nano.a(libc_a-closer.o)
                0x08001410                _close_r
 .text._lseek_r
                0x08001430       0x24 /opt/ST/STM32CubeCLT_1.17.0/GNU-tools-for-STM32/bin/../lib/gcc/arm-none-eabi/12.3.1/../../../../arm-none-eabi/lib/thumb/v7e-m+fp/hard/libc_nano.a(libc_a-lseekr.o)
                0x08001430                _lseek_r
 .text._read_r  0x08001454       0x24 /opt/ST/STM32CubeCLT_1.17.0/GNU-tools-for-STM32/bin/../lib/gcc/arm-none-eabi/12.3.1/../../../../arm-none-eabi/lib/thumb/v7e-m+fp/hard/libc_nano.a(libc_a-readr.o)
                0x08001454                _read_r
 .text._sbrk_r  0x08001478       0x20 /opt/ST/STM32CubeCLT_1.17.0/GNU-tools-for-STM32/bin/../lib/gcc/arm-none-eabi/12.3.1/../../../../arm-none-eabi/lib/thumb/v7e-m+fp/hard/libc_nano.a(libc_a-sbrkr.o)
                0x08001478                _sbrk_r
 .text._write_r
                0x08001498       0x24 /opt/ST/STM32CubeCLT_1.17.0/GNU-tools-for-STM32/bin/../lib/gcc/arm-none-eabi/12.3.1/../../../../arm-none-eabi/lib/thumb/v7e-m+fp/hard/libc_nano.a(libc_a-writer.o)
                0x08001498                _write_r
 .text._free_r  0x080014bc       0x94 /opt/ST/STM32CubeCLT_1.17.0/GNU-tools-for-STM32/bin/../lib/gcc/arm-none-eabi/12.3.1/../../../../arm-none-eabi/lib/thumb/v7e-m+fp/hard/libc_nano.a(libc_a-freer.o)
                0x080014bc                _free_r
 .text.Tone     0x08001550       0x20 CMakeFiles/touhou.dir/Core/Src/player.c.obj
                0x08001550                Tone
 .text.noTone   0x08001570        0xc CMakeFiles/touhou.dir/Core/Src/player.c.obj
                0x08001570                noTone
 .text.playSong1
                0x0800157c      0xa54 CMakeFiles/touhou.dir/Core/Src/song1.c.obj
                0x0800157c                playSong1
 .text.LCDInit  0x08001fd0     0x1328 CMakeFiles/touhou.dir/Core/Src/display.c.obj
                0x08001fd0                LCDInit
 .text.LCDClear
                0x080032f8      0x33c CMakeFiles/touhou.dir/Core/Src/display.c.obj
                0x080032f8                LCDClear
 .text.LCDClearWindow
                0x08003634      0x3cc CMakeFiles/touhou.dir/Core/Src/display.c.obj
                0x08003634                LCDClearWindow
 .text.LCDDisplayImage
                0x08003a00      0x34c CMakeFiles/touhou.dir/Core/Src/display.c.obj
                0x08003a00                LCDDisplayImage
 .text.updatePlayerPosition
                0x08003d4c       0xb4 CMakeFiles/touhou.dir/Core/Src/playerPosition.c.obj
                0x08003d4c                updatePlayerPosition
 .text.initBullets
                0x08003e00       0x44 CMakeFiles/touhou.dir/Core/Src/enemyBullets.c.obj
                0x08003e00                initBullets
 .text.generateBullets
                0x08003e44      0x108 CMakeFiles/touhou.dir/Core/Src/enemyBullets.c.obj
                0x08003e44                generateBullets
 .text.updateBullets
                0x08003f4c       0x5c CMakeFiles/touhou.dir/Core/Src/enemyBullets.c.obj
                0x08003f4c                updateBullets
 .text.enemyBullets
                0x08003fa8       0x34 CMakeFiles/touhou.dir/Core/Src/enemyBullets.c.obj
                0x08003fa8                enemyBullets
 .text.collisionDetect
                0x08003fdc      0x4a4 CMakeFiles/touhou.dir/Core/Src/collision.c.obj
                0x08003fdc                collisionDetect
 .text.render   0x08004480      0x624 CMakeFiles/touhou.dir/Core/Src/render.c.obj
                0x08004480                render
 .text.jsCalibration
                0x08004aa4       0x1c CMakeFiles/touhou.dir/Core/Src/main.c.obj
 .text.startADCConversion
                0x08004ac0       0x20 CMakeFiles/touhou.dir/Core/Src/main.c.obj
 .text.StartDefaultTask
                0x08004ae0        0xc CMakeFiles/touhou.dir/Core/Src/main.c.obj
                0x08004ae0                StartDefaultTask
 .text.SystemClock_Config
                0x08004aec       0xa4 CMakeFiles/touhou.dir/Core/Src/main.c.obj
                0x08004aec                SystemClock_Config
 .text.startup.main
                0x08004b90      0x310 CMakeFiles/touhou.dir/Core/Src/main.c.obj
                0x08004b90                main
 .text.HAL_TIM_PeriodElapsedCallback
                0x08004ea0       0x14 CMakeFiles/touhou.dir/Core/Src/main.c.obj
                0x08004ea0                HAL_TIM_PeriodElapsedCallback
 .text.Error_Handler
                0x08004eb4        0x4 CMakeFiles/touhou.dir/Core/Src/main.c.obj
                0x08004eb4                Error_Handler
 .text.NMI_Handler
                0x08004eb8        0x4 CMakeFiles/touhou.dir/Core/Src/stm32f4xx_it.c.obj
                0x08004eb8                NMI_Handler
 .text.HardFault_Handler
                0x08004ebc        0x4 CMakeFiles/touhou.dir/Core/Src/stm32f4xx_it.c.obj
                0x08004ebc                HardFault_Handler
 .text.MemManage_Handler
                0x08004ec0        0x4 CMakeFiles/touhou.dir/Core/Src/stm32f4xx_it.c.obj
                0x08004ec0                MemManage_Handler
 .text.BusFault_Handler
                0x08004ec4        0x4 CMakeFiles/touhou.dir/Core/Src/stm32f4xx_it.c.obj
                0x08004ec4                BusFault_Handler
 .text.UsageFault_Handler
                0x08004ec8        0x4 CMakeFiles/touhou.dir/Core/Src/stm32f4xx_it.c.obj
                0x08004ec8                UsageFault_Handler
 .text.DebugMon_Handler
                0x08004ecc        0x4 CMakeFiles/touhou.dir/Core/Src/stm32f4xx_it.c.obj
                0x08004ecc                DebugMon_Handler
 .text.ADC_IRQHandler
                0x08004ed0        0xc CMakeFiles/touhou.dir/Core/Src/stm32f4xx_it.c.obj
                0x08004ed0                ADC_IRQHandler
 .text.TIM1_UP_TIM10_IRQHandler
                0x08004edc        0xc CMakeFiles/touhou.dir/Core/Src/stm32f4xx_it.c.obj
                0x08004edc                TIM1_UP_TIM10_IRQHandler
 .text.SPI1_IRQHandler
                0x08004ee8        0xc CMakeFiles/touhou.dir/Core/Src/stm32f4xx_it.c.obj
                0x08004ee8                SPI1_IRQHandler
 .text.DMA2_Stream0_IRQHandler
                0x08004ef4        0xc CMakeFiles/touhou.dir/Core/Src/stm32f4xx_it.c.obj
                0x08004ef4                DMA2_Stream0_IRQHandler
 .text.DMA2_Stream3_IRQHandler
                0x08004f00        0xc CMakeFiles/touhou.dir/Core/Src/stm32f4xx_it.c.obj
                0x08004f00                DMA2_Stream3_IRQHandler
 .text.HAL_MspInit
                0x08004f0c       0x40 CMakeFiles/touhou.dir/Core/Src/stm32f4xx_hal_msp.c.obj
                0x08004f0c                HAL_MspInit
 .text.HAL_ADC_MspInit
                0x08004f4c       0xbc CMakeFiles/touhou.dir/Core/Src/stm32f4xx_hal_msp.c.obj
                0x08004f4c                HAL_ADC_MspInit
 .text.HAL_SPI_MspInit
                0x08005008       0xf4 CMakeFiles/touhou.dir/Core/Src/stm32f4xx_hal_msp.c.obj
                0x08005008                HAL_SPI_MspInit
 .text.HAL_TIM_Base_MspInit
                0x080050fc       0x30 CMakeFiles/touhou.dir/Core/Src/stm32f4xx_hal_msp.c.obj
                0x080050fc                HAL_TIM_Base_MspInit
 *fill*         0x0800512c        0x4 
 .text.HAL_TIM_MspPostInit
                0x08005130       0x60 CMakeFiles/touhou.dir/Core/Src/stm32f4xx_hal_msp.c.obj
                0x08005130                HAL_TIM_MspPostInit
 .text.HAL_UART_MspInit
                0x08005190       0x78 CMakeFiles/touhou.dir/Core/Src/stm32f4xx_hal_msp.c.obj
                0x08005190                HAL_UART_MspInit
 .text.HAL_InitTick
                0x08005208       0x98 CMakeFiles/touhou.dir/Core/Src/stm32f4xx_hal_timebase_tim.c.obj
                0x08005208                HAL_InitTick
 .text.HAL_TIM_Base_Init
                0x080052a0       0xf4 CMakeFiles/touhou.dir/Drivers/STM32F4xx_HAL_Driver/Src/stm32f4xx_hal_tim.c.obj
                0x080052a0                HAL_TIM_Base_Init
 .text.HAL_TIM_Base_Start_IT
                0x08005394       0x64 CMakeFiles/touhou.dir/Drivers/STM32F4xx_HAL_Driver/Src/stm32f4xx_hal_tim.c.obj
                0x08005394                HAL_TIM_Base_Start_IT
 .text.HAL_TIM_PWM_MspInit
                0x080053f8        0x4 CMakeFiles/touhou.dir/Drivers/STM32F4xx_HAL_Driver/Src/stm32f4xx_hal_tim.c.obj
                0x080053f8                HAL_TIM_PWM_MspInit
 .text.HAL_TIM_PWM_Init
                0x080053fc       0xf4 CMakeFiles/touhou.dir/Drivers/STM32F4xx_HAL_Driver/Src/stm32f4xx_hal_tim.c.obj
                0x080053fc                HAL_TIM_PWM_Init
 .text.HAL_TIM_PWM_Start
                0x080054f0       0xb8 CMakeFiles/touhou.dir/Drivers/STM32F4xx_HAL_Driver/Src/stm32f4xx_hal_tim.c.obj
                0x080054f0                HAL_TIM_PWM_Start
 .text.HAL_TIM_PWM_ConfigChannel
                0x080055a8      0x1e4 CMakeFiles/touhou.dir/Drivers/STM32F4xx_HAL_Driver/Src/stm32f4xx_hal_tim.c.obj
                0x080055a8                HAL_TIM_PWM_ConfigChannel
 .text.HAL_TIM_ConfigClockSource
                0x0800578c      0x154 CMakeFiles/touhou.dir/Drivers/STM32F4xx_HAL_Driver/Src/stm32f4xx_hal_tim.c.obj
                0x0800578c                HAL_TIM_ConfigClockSource
 .text.HAL_TIM_OC_DelayElapsedCallback
                0x080058e0        0x4 CMakeFiles/touhou.dir/Drivers/STM32F4xx_HAL_Driver/Src/stm32f4xx_hal_tim.c.obj
                0x080058e0                HAL_TIM_OC_DelayElapsedCallback
 .text.HAL_TIM_IC_CaptureCallback
                0x080058e4        0x4 CMakeFiles/touhou.dir/Drivers/STM32F4xx_HAL_Driver/Src/stm32f4xx_hal_tim.c.obj
                0x080058e4                HAL_TIM_IC_CaptureCallback
 .text.HAL_TIM_PWM_PulseFinishedCallback
                0x080058e8        0x4 CMakeFiles/touhou.dir/Drivers/STM32F4xx_HAL_Driver/Src/stm32f4xx_hal_tim.c.obj
                0x080058e8                HAL_TIM_PWM_PulseFinishedCallback
 .text.HAL_TIM_TriggerCallback
                0x080058ec        0x4 CMakeFiles/touhou.dir/Drivers/STM32F4xx_HAL_Driver/Src/stm32f4xx_hal_tim.c.obj
                0x080058ec                HAL_TIM_TriggerCallback
 .text.HAL_TIM_IRQHandler
                0x080058f0      0x138 CMakeFiles/touhou.dir/Drivers/STM32F4xx_HAL_Driver/Src/stm32f4xx_hal_tim.c.obj
                0x080058f0                HAL_TIM_IRQHandler
 .text.HAL_TIMEx_MasterConfigSynchronization
                0x08005a28       0x70 CMakeFiles/touhou.dir/Drivers/STM32F4xx_HAL_Driver/Src/stm32f4xx_hal_tim_ex.c.obj
                0x08005a28                HAL_TIMEx_MasterConfigSynchronization
 .text.HAL_TIMEx_CommutCallback
                0x08005a98        0x4 CMakeFiles/touhou.dir/Drivers/STM32F4xx_HAL_Driver/Src/stm32f4xx_hal_tim_ex.c.obj
                0x08005a98                HAL_TIMEx_CommutCallback
 .text.HAL_TIMEx_BreakCallback
                0x08005a9c        0x4 CMakeFiles/touhou.dir/Drivers/STM32F4xx_HAL_Driver/Src/stm32f4xx_hal_tim_ex.c.obj
                0x08005a9c                HAL_TIMEx_BreakCallback
 .text.HAL_ADC_Init
                0x08005aa0      0x158 CMakeFiles/touhou.dir/Drivers/STM32F4xx_HAL_Driver/Src/stm32f4xx_hal_adc.c.obj
                0x08005aa0                HAL_ADC_Init
 .text.HAL_ADC_Start_DMA
                0x08005bf8      0x12c CMakeFiles/touhou.dir/Drivers/STM32F4xx_HAL_Driver/Src/stm32f4xx_hal_adc.c.obj
                0x08005bf8                HAL_ADC_Start_DMA
 .text.HAL_ADC_ConvCpltCallback
                0x08005d24        0x4 CMakeFiles/touhou.dir/Drivers/STM32F4xx_HAL_Driver/Src/stm32f4xx_hal_adc.c.obj
                0x08005d24                HAL_ADC_ConvCpltCallback
 .text.HAL_ADC_ConvHalfCpltCallback
                0x08005d28        0x4 CMakeFiles/touhou.dir/Drivers/STM32F4xx_HAL_Driver/Src/stm32f4xx_hal_adc.c.obj
                0x08005d28                HAL_ADC_ConvHalfCpltCallback
 .text.ADC_DMAHalfConvCplt
                0x08005d2c        0xc CMakeFiles/touhou.dir/Drivers/STM32F4xx_HAL_Driver/Src/stm32f4xx_hal_adc.c.obj
 .text.HAL_ADC_LevelOutOfWindowCallback
                0x08005d38        0x4 CMakeFiles/touhou.dir/Drivers/STM32F4xx_HAL_Driver/Src/stm32f4xx_hal_adc.c.obj
                0x08005d38                HAL_ADC_LevelOutOfWindowCallback
 .text.HAL_ADC_ErrorCallback
                0x08005d3c        0x4 CMakeFiles/touhou.dir/Drivers/STM32F4xx_HAL_Driver/Src/stm32f4xx_hal_adc.c.obj
                0x08005d3c                HAL_ADC_ErrorCallback
 .text.HAL_ADC_IRQHandler
                0x08005d40      0x120 CMakeFiles/touhou.dir/Drivers/STM32F4xx_HAL_Driver/Src/stm32f4xx_hal_adc.c.obj
                0x08005d40                HAL_ADC_IRQHandler
 .text.ADC_DMAError
                0x08005e60       0x18 CMakeFiles/touhou.dir/Drivers/STM32F4xx_HAL_Driver/Src/stm32f4xx_hal_adc.c.obj
 .text.ADC_DMAConvCplt
                0x08005e78       0x6c CMakeFiles/touhou.dir/Drivers/STM32F4xx_HAL_Driver/Src/stm32f4xx_hal_adc.c.obj
 .text.HAL_ADC_ConfigChannel
                0x08005ee4      0x150 CMakeFiles/touhou.dir/Drivers/STM32F4xx_HAL_Driver/Src/stm32f4xx_hal_adc.c.obj
                0x08005ee4                HAL_ADC_ConfigChannel
 .text.HAL_ADCEx_InjectedConvCpltCallback
                0x08006034        0x4 CMakeFiles/touhou.dir/Drivers/STM32F4xx_HAL_Driver/Src/stm32f4xx_hal_adc_ex.c.obj
                0x08006034                HAL_ADCEx_InjectedConvCpltCallback
 .text.HAL_RCC_OscConfig
                0x08006038      0x3c4 CMakeFiles/touhou.dir/Drivers/STM32F4xx_HAL_Driver/Src/stm32f4xx_hal_rcc.c.obj
                0x08006038                HAL_RCC_OscConfig
 .text.HAL_RCC_GetSysClockFreq
                0x080063fc       0x68 CMakeFiles/touhou.dir/Drivers/STM32F4xx_HAL_Driver/Src/stm32f4xx_hal_rcc.c.obj
                0x080063fc                HAL_RCC_GetSysClockFreq
 .text.HAL_RCC_ClockConfig
                0x08006464      0x13c CMakeFiles/touhou.dir/Drivers/STM32F4xx_HAL_Driver/Src/stm32f4xx_hal_rcc.c.obj
                0x08006464                HAL_RCC_ClockConfig
 .text.HAL_RCC_GetPCLK1Freq
                0x080065a0       0x20 CMakeFiles/touhou.dir/Drivers/STM32F4xx_HAL_Driver/Src/stm32f4xx_hal_rcc.c.obj
                0x080065a0                HAL_RCC_GetPCLK1Freq
 .text.HAL_RCC_GetPCLK2Freq
                0x080065c0       0x20 CMakeFiles/touhou.dir/Drivers/STM32F4xx_HAL_Driver/Src/stm32f4xx_hal_rcc.c.obj
                0x080065c0                HAL_RCC_GetPCLK2Freq
 .text.HAL_RCC_GetClockConfig
                0x080065e0       0x44 CMakeFiles/touhou.dir/Drivers/STM32F4xx_HAL_Driver/Src/stm32f4xx_hal_rcc.c.obj
                0x080065e0                HAL_RCC_GetClockConfig
 .text.HAL_GPIO_Init
                0x08006624      0x1ec CMakeFiles/touhou.dir/Drivers/STM32F4xx_HAL_Driver/Src/stm32f4xx_hal_gpio.c.obj
                0x08006624                HAL_GPIO_Init
 .text.HAL_GPIO_WritePin
                0x08006810        0x8 CMakeFiles/touhou.dir/Drivers/STM32F4xx_HAL_Driver/Src/stm32f4xx_hal_gpio.c.obj
                0x08006810                HAL_GPIO_WritePin
 .text.HAL_DMA_Init
                0x08006818      0x12c CMakeFiles/touhou.dir/Drivers/STM32F4xx_HAL_Driver/Src/stm32f4xx_hal_dma.c.obj
                0x08006818                HAL_DMA_Init
 .text.HAL_DMA_Start_IT
                0x08006944       0x78 CMakeFiles/touhou.dir/Drivers/STM32F4xx_HAL_Driver/Src/stm32f4xx_hal_dma.c.obj
                0x08006944                HAL_DMA_Start_IT
 .text.HAL_DMA_Abort_IT
                0x080069bc       0x24 CMakeFiles/touhou.dir/Drivers/STM32F4xx_HAL_Driver/Src/stm32f4xx_hal_dma.c.obj
                0x080069bc                HAL_DMA_Abort_IT
 .text.HAL_DMA_IRQHandler
                0x080069e0      0x1ac CMakeFiles/touhou.dir/Drivers/STM32F4xx_HAL_Driver/Src/stm32f4xx_hal_dma.c.obj
                0x080069e0                HAL_DMA_IRQHandler
 .text.HAL_NVIC_SetPriorityGrouping
                0x08006b8c       0x24 CMakeFiles/touhou.dir/Drivers/STM32F4xx_HAL_Driver/Src/stm32f4xx_hal_cortex.c.obj
                0x08006b8c                HAL_NVIC_SetPriorityGrouping
 .text.HAL_NVIC_SetPriority
                0x08006bb0       0x78 CMakeFiles/touhou.dir/Drivers/STM32F4xx_HAL_Driver/Src/stm32f4xx_hal_cortex.c.obj
                0x08006bb0                HAL_NVIC_SetPriority
 .text.HAL_NVIC_EnableIRQ
                0x08006c28       0x1c CMakeFiles/touhou.dir/Drivers/STM32F4xx_HAL_Driver/Src/stm32f4xx_hal_cortex.c.obj
                0x08006c28                HAL_NVIC_EnableIRQ
 .text.HAL_Init
                0x08006c44       0x34 CMakeFiles/touhou.dir/Drivers/STM32F4xx_HAL_Driver/Src/stm32f4xx_hal.c.obj
                0x08006c44                HAL_Init
 .text.HAL_IncTick
                0x08006c78       0x18 CMakeFiles/touhou.dir/Drivers/STM32F4xx_HAL_Driver/Src/stm32f4xx_hal.c.obj
                0x08006c78                HAL_IncTick
 .text.HAL_GetTick
                0x08006c90        0xc CMakeFiles/touhou.dir/Drivers/STM32F4xx_HAL_Driver/Src/stm32f4xx_hal.c.obj
                0x08006c90                HAL_GetTick
 .text.HAL_Delay
                0x08006c9c       0x24 CMakeFiles/touhou.dir/Drivers/STM32F4xx_HAL_Driver/Src/stm32f4xx_hal.c.obj
                0x08006c9c                HAL_Delay
 .text.SPI_WaitFlagStateUntilTimeout
                0x08006cc0       0xd4 CMakeFiles/touhou.dir/Drivers/STM32F4xx_HAL_Driver/Src/stm32f4xx_hal_spi.c.obj
 .text.SPI_EndRxTxTransaction
                0x08006d94       0x88 CMakeFiles/touhou.dir/Drivers/STM32F4xx_HAL_Driver/Src/stm32f4xx_hal_spi.c.obj
 .text.SPI_WaitFlagStateUntilTimeout.constprop.0
                0x08006e1c       0xd4 CMakeFiles/touhou.dir/Drivers/STM32F4xx_HAL_Driver/Src/stm32f4xx_hal_spi.c.obj
 .text.SPI_EndRxTxTransaction.constprop.0
                0x08006ef0       0x78 CMakeFiles/touhou.dir/Drivers/STM32F4xx_HAL_Driver/Src/stm32f4xx_hal_spi.c.obj
 .text.HAL_SPI_Init
                0x08006f68       0xc4 CMakeFiles/touhou.dir/Drivers/STM32F4xx_HAL_Driver/Src/stm32f4xx_hal_spi.c.obj
                0x08006f68                HAL_SPI_Init
 .text.HAL_SPI_Transmit
                0x0800702c      0x20c CMakeFiles/touhou.dir/Drivers/STM32F4xx_HAL_Driver/Src/stm32f4xx_hal_spi.c.obj
                0x0800702c                HAL_SPI_Transmit
 .text.HAL_SPI_Transmit_DMA
                0x08007238       0xbc CMakeFiles/touhou.dir/Drivers/STM32F4xx_HAL_Driver/Src/stm32f4xx_hal_spi.c.obj
                0x08007238                HAL_SPI_Transmit_DMA
 .text.HAL_SPI_TxCpltCallback
                0x080072f4        0x4 CMakeFiles/touhou.dir/Drivers/STM32F4xx_HAL_Driver/Src/stm32f4xx_hal_spi.c.obj
                0x080072f4                HAL_SPI_TxCpltCallback
 .text.HAL_SPI_TxHalfCpltCallback
                0x080072f8        0x4 CMakeFiles/touhou.dir/Drivers/STM32F4xx_HAL_Driver/Src/stm32f4xx_hal_spi.c.obj
                0x080072f8                HAL_SPI_TxHalfCpltCallback
 .text.SPI_DMAHalfTransmitCplt
                0x080072fc        0xc CMakeFiles/touhou.dir/Drivers/STM32F4xx_HAL_Driver/Src/stm32f4xx_hal_spi.c.obj
 .text.HAL_SPI_ErrorCallback
                0x08007308        0x4 CMakeFiles/touhou.dir/Drivers/STM32F4xx_HAL_Driver/Src/stm32f4xx_hal_spi.c.obj
                0x08007308                HAL_SPI_ErrorCallback
 .text.SPI_DMAError
                0x0800730c       0x24 CMakeFiles/touhou.dir/Drivers/STM32F4xx_HAL_Driver/Src/stm32f4xx_hal_spi.c.obj
 .text.SPI_DMATransmitCplt
                0x08007330       0x6c CMakeFiles/touhou.dir/Drivers/STM32F4xx_HAL_Driver/Src/stm32f4xx_hal_spi.c.obj
 .text.HAL_SPI_IRQHandler
                0x0800739c      0x104 CMakeFiles/touhou.dir/Drivers/STM32F4xx_HAL_Driver/Src/stm32f4xx_hal_spi.c.obj
                0x0800739c                HAL_SPI_IRQHandler
 .text.SPI_DMAAbortOnError
                0x080074a0       0x10 CMakeFiles/touhou.dir/Drivers/STM32F4xx_HAL_Driver/Src/stm32f4xx_hal_spi.c.obj
 .text.HAL_SPI_GetState
                0x080074b0        0x8 CMakeFiles/touhou.dir/Drivers/STM32F4xx_HAL_Driver/Src/stm32f4xx_hal_spi.c.obj
                0x080074b0                HAL_SPI_GetState
 .text.HAL_UART_Init
                0x080074b8      0x124 CMakeFiles/touhou.dir/Drivers/STM32F4xx_HAL_Driver/Src/stm32f4xx_hal_uart.c.obj
                0x080074b8                HAL_UART_Init
 .text.SystemInit
                0x080075dc       0x14 CMakeFiles/touhou.dir/Core/Src/system_stm32f4xx.c.obj
                0x080075dc                SystemInit
 .text.vListInitialise
                0x080075f0       0x18 CMakeFiles/touhou.dir/Middlewares/Third_Party/FreeRTOS/Source/list.c.obj
                0x080075f0                vListInitialise
 .text.vListInitialiseItem
                0x08007608        0x8 CMakeFiles/touhou.dir/Middlewares/Third_Party/FreeRTOS/Source/list.c.obj
                0x08007608                vListInitialiseItem
 .text.vListInsertEnd
                0x08007610       0x1c CMakeFiles/touhou.dir/Middlewares/Third_Party/FreeRTOS/Source/list.c.obj
                0x08007610                vListInsertEnd
 .text.vListInsert
                0x0800762c       0x30 CMakeFiles/touhou.dir/Middlewares/Third_Party/FreeRTOS/Source/list.c.obj
                0x0800762c                vListInsert
 .text.uxListRemove
                0x0800765c       0x28 CMakeFiles/touhou.dir/Middlewares/Third_Party/FreeRTOS/Source/list.c.obj
                0x0800765c                uxListRemove
 .text.prvCopyDataToQueue
                0x08007684       0x74 CMakeFiles/touhou.dir/Middlewares/Third_Party/FreeRTOS/Source/queue.c.obj
 .text.xQueueGenericCreateStatic
                0x080076f8       0xe0 CMakeFiles/touhou.dir/Middlewares/Third_Party/FreeRTOS/Source/queue.c.obj
                0x080076f8                xQueueGenericCreateStatic
 .text.xQueueGenericSend
                0x080077d8      0x300 CMakeFiles/touhou.dir/Middlewares/Third_Party/FreeRTOS/Source/queue.c.obj
                0x080077d8                xQueueGenericSend
 .text.xQueueCreateMutex
                0x08007ad8       0x70 CMakeFiles/touhou.dir/Middlewares/Third_Party/FreeRTOS/Source/queue.c.obj
                0x08007ad8                xQueueCreateMutex
 .text.xQueueReceive
                0x08007b48      0x30c CMakeFiles/touhou.dir/Middlewares/Third_Party/FreeRTOS/Source/queue.c.obj
                0x08007b48                xQueueReceive
 .text.xQueueSemaphoreTake
                0x08007e54      0x318 CMakeFiles/touhou.dir/Middlewares/Third_Party/FreeRTOS/Source/queue.c.obj
                0x08007e54                xQueueSemaphoreTake
 .text.vQueueAddToRegistry
                0x0800816c       0x50 CMakeFiles/touhou.dir/Middlewares/Third_Party/FreeRTOS/Source/queue.c.obj
                0x0800816c                vQueueAddToRegistry
 .text.vQueueWaitForMessageRestricted
                0x080081bc       0xc8 CMakeFiles/touhou.dir/Middlewares/Third_Party/FreeRTOS/Source/queue.c.obj
                0x080081bc                vQueueWaitForMessageRestricted
 .text.prvAddNewTaskToReadyList
                0x08008284      0x110 CMakeFiles/touhou.dir/Middlewares/Third_Party/FreeRTOS/Source/tasks.c.obj
 .text.prvIdleTask
                0x08008394       0x98 CMakeFiles/touhou.dir/Middlewares/Third_Party/FreeRTOS/Source/tasks.c.obj
 .text.xTaskIncrementTick.part.0
                0x0800842c      0x144 CMakeFiles/touhou.dir/Middlewares/Third_Party/FreeRTOS/Source/tasks.c.obj
 .text.xTaskResumeAll.part.0
                0x08008570      0x13c CMakeFiles/touhou.dir/Middlewares/Third_Party/FreeRTOS/Source/tasks.c.obj
 .text.xTaskCreateStatic
                0x080086ac      0x144 CMakeFiles/touhou.dir/Middlewares/Third_Party/FreeRTOS/Source/tasks.c.obj
                0x080086ac                xTaskCreateStatic
 .text.xTaskCreate
                0x080087f0      0x124 CMakeFiles/touhou.dir/Middlewares/Third_Party/FreeRTOS/Source/tasks.c.obj
                0x080087f0                xTaskCreate
 .text.vTaskDelay
                0x08008914       0xac CMakeFiles/touhou.dir/Middlewares/Third_Party/FreeRTOS/Source/tasks.c.obj
                0x08008914                vTaskDelay
 .text.vTaskStartScheduler
                0x080089c0      0x11c CMakeFiles/touhou.dir/Middlewares/Third_Party/FreeRTOS/Source/tasks.c.obj
                0x080089c0                vTaskStartScheduler
 .text.vTaskSuspendAll
                0x08008adc       0x10 CMakeFiles/touhou.dir/Middlewares/Third_Party/FreeRTOS/Source/tasks.c.obj
                0x08008adc                vTaskSuspendAll
 .text.xTaskResumeAll
                0x08008aec       0x20 CMakeFiles/touhou.dir/Middlewares/Third_Party/FreeRTOS/Source/tasks.c.obj
                0x08008aec                xTaskResumeAll
 .text.xTaskGetTickCount
                0x08008b0c        0xc CMakeFiles/touhou.dir/Middlewares/Third_Party/FreeRTOS/Source/tasks.c.obj
                0x08008b0c                xTaskGetTickCount
 .text.xTaskIncrementTick
                0x08008b18       0x20 CMakeFiles/touhou.dir/Middlewares/Third_Party/FreeRTOS/Source/tasks.c.obj
                0x08008b18                xTaskIncrementTick
 .text.vTaskSwitchContext
                0x08008b38       0x8c CMakeFiles/touhou.dir/Middlewares/Third_Party/FreeRTOS/Source/tasks.c.obj
                0x08008b38                vTaskSwitchContext
 .text.vTaskPlaceOnEventList
                0x08008bc4       0x88 CMakeFiles/touhou.dir/Middlewares/Third_Party/FreeRTOS/Source/tasks.c.obj
                0x08008bc4                vTaskPlaceOnEventList
 .text.vTaskPlaceOnEventListRestricted
                0x08008c4c       0x94 CMakeFiles/touhou.dir/Middlewares/Third_Party/FreeRTOS/Source/tasks.c.obj
                0x08008c4c                vTaskPlaceOnEventListRestricted
 .text.xTaskRemoveFromEventList
                0x08008ce0       0x88 CMakeFiles/touhou.dir/Middlewares/Third_Party/FreeRTOS/Source/tasks.c.obj
                0x08008ce0                xTaskRemoveFromEventList
 .text.vTaskInternalSetTimeOutState
                0x08008d68       0x18 CMakeFiles/touhou.dir/Middlewares/Third_Party/FreeRTOS/Source/tasks.c.obj
                0x08008d68                vTaskInternalSetTimeOutState
 .text.xTaskCheckForTimeOut
                0x08008d80       0x84 CMakeFiles/touhou.dir/Middlewares/Third_Party/FreeRTOS/Source/tasks.c.obj
                0x08008d80                xTaskCheckForTimeOut
 .text.vTaskMissedYield
                0x08008e04        0xc CMakeFiles/touhou.dir/Middlewares/Third_Party/FreeRTOS/Source/tasks.c.obj
                0x08008e04                vTaskMissedYield
 .text.xTaskGetSchedulerState
                0x08008e10       0x20 CMakeFiles/touhou.dir/Middlewares/Third_Party/FreeRTOS/Source/tasks.c.obj
                0x08008e10                xTaskGetSchedulerState
 .text.xTaskPriorityInherit
                0x08008e30       0x80 CMakeFiles/touhou.dir/Middlewares/Third_Party/FreeRTOS/Source/tasks.c.obj
                0x08008e30                xTaskPriorityInherit
 .text.xTaskPriorityDisinherit
                0x08008eb0       0x88 CMakeFiles/touhou.dir/Middlewares/Third_Party/FreeRTOS/Source/tasks.c.obj
                0x08008eb0                xTaskPriorityDisinherit
 .text.vTaskPriorityDisinheritAfterTimeout
                0x08008f38       0xa0 CMakeFiles/touhou.dir/Middlewares/Third_Party/FreeRTOS/Source/tasks.c.obj
                0x08008f38                vTaskPriorityDisinheritAfterTimeout
 .text.pvTaskIncrementMutexHeldCount
                0x08008fd8       0x18 CMakeFiles/touhou.dir/Middlewares/Third_Party/FreeRTOS/Source/tasks.c.obj
                0x08008fd8                pvTaskIncrementMutexHeldCount
 .text.prvSwitchTimerLists
                0x08008ff0       0x98 CMakeFiles/touhou.dir/Middlewares/Third_Party/FreeRTOS/Source/timers.c.obj
 .text.prvTimerTask
                0x08009088      0x288 CMakeFiles/touhou.dir/Middlewares/Third_Party/FreeRTOS/Source/timers.c.obj
 .text.xTimerCreateTimerTask
                0x08009310       0xbc CMakeFiles/touhou.dir/Middlewares/Third_Party/FreeRTOS/Source/timers.c.obj
                0x08009310                xTimerCreateTimerTask
 .text.SysTick_Handler
                0x080093cc       0x1c CMakeFiles/touhou.dir/Middlewares/Third_Party/FreeRTOS/Source/CMSIS_RTOS_V2/cmsis_os2.c.obj
                0x080093cc                SysTick_Handler
 .text.osKernelInitialize
                0x080093e8       0x24 CMakeFiles/touhou.dir/Middlewares/Third_Party/FreeRTOS/Source/CMSIS_RTOS_V2/cmsis_os2.c.obj
                0x080093e8                osKernelInitialize
 .text.osKernelStart
                0x0800940c       0x34 CMakeFiles/touhou.dir/Middlewares/Third_Party/FreeRTOS/Source/CMSIS_RTOS_V2/cmsis_os2.c.obj
                0x0800940c                osKernelStart
 .text.osThreadNew
                0x08009440       0x8c CMakeFiles/touhou.dir/Middlewares/Third_Party/FreeRTOS/Source/CMSIS_RTOS_V2/cmsis_os2.c.obj
                0x08009440                osThreadNew
 .text.osDelay  0x080094cc       0x1c CMakeFiles/touhou.dir/Middlewares/Third_Party/FreeRTOS/Source/CMSIS_RTOS_V2/cmsis_os2.c.obj
                0x080094cc                osDelay
 .text.vApplicationGetIdleTaskMemory
                0x080094e8       0x1c CMakeFiles/touhou.dir/Middlewares/Third_Party/FreeRTOS/Source/CMSIS_RTOS_V2/cmsis_os2.c.obj
                0x080094e8                vApplicationGetIdleTaskMemory
 .text.vApplicationGetTimerTaskMemory
                0x08009504       0x20 CMakeFiles/touhou.dir/Middlewares/Third_Party/FreeRTOS/Source/CMSIS_RTOS_V2/cmsis_os2.c.obj
                0x08009504                vApplicationGetTimerTaskMemory
 .text.pvPortMalloc
                0x08009524      0x170 CMakeFiles/touhou.dir/Middlewares/Third_Party/FreeRTOS/Source/portable/MemMang/heap_4.c.obj
                0x08009524                pvPortMalloc
 .text.vPortFree
                0x08009694       0xc8 CMakeFiles/touhou.dir/Middlewares/Third_Party/FreeRTOS/Source/portable/MemMang/heap_4.c.obj
                0x08009694                vPortFree
 .text.prvPortStartFirstTask
                0x0800975c       0x28 CMakeFiles/touhou.dir/Middlewares/Third_Party/FreeRTOS/Source/portable/GCC/ARM_CM4F/port.c.obj
 .text.vPortEnableVFP
                0x08009784       0x14 CMakeFiles/touhou.dir/Middlewares/Third_Party/FreeRTOS/Source/portable/GCC/ARM_CM4F/port.c.obj
 .text.prvTaskExitError
                0x08009798       0x40 CMakeFiles/touhou.dir/Middlewares/Third_Party/FreeRTOS/Source/portable/GCC/ARM_CM4F/port.c.obj
 .text.pxPortInitialiseStack
                0x080097d8       0x28 CMakeFiles/touhou.dir/Middlewares/Third_Party/FreeRTOS/Source/portable/GCC/ARM_CM4F/port.c.obj
                0x080097d8                pxPortInitialiseStack
 .text.SVC_Handler
                0x08009800       0x24 CMakeFiles/touhou.dir/Middlewares/Third_Party/FreeRTOS/Source/portable/GCC/ARM_CM4F/port.c.obj
                0x08009800                SVC_Handler
 .text.vPortEnterCritical
                0x08009824       0x44 CMakeFiles/touhou.dir/Middlewares/Third_Party/FreeRTOS/Source/portable/GCC/ARM_CM4F/port.c.obj
                0x08009824                vPortEnterCritical
 .text.vPortExitCritical
                0x08009868       0x28 CMakeFiles/touhou.dir/Middlewares/Third_Party/FreeRTOS/Source/portable/GCC/ARM_CM4F/port.c.obj
                0x08009868                vPortExitCritical
 .text.PendSV_Handler
                0x08009890       0x64 CMakeFiles/touhou.dir/Middlewares/Third_Party/FreeRTOS/Source/portable/GCC/ARM_CM4F/port.c.obj
                0x08009890                PendSV_Handler
 .text.xPortSysTickHandler
                0x080098f4       0x2c CMakeFiles/touhou.dir/Middlewares/Third_Party/FreeRTOS/Source/portable/GCC/ARM_CM4F/port.c.obj
                0x080098f4                xPortSysTickHandler
 .text.vPortSetupTimerInterrupt
                0x08009920       0x28 CMakeFiles/touhou.dir/Middlewares/Third_Party/FreeRTOS/Source/portable/GCC/ARM_CM4F/port.c.obj
                0x08009920                vPortSetupTimerInterrupt
 .text.xPortStartScheduler
                0x08009948      0x140 CMakeFiles/touhou.dir/Middlewares/Third_Party/FreeRTOS/Source/portable/GCC/ARM_CM4F/port.c.obj
                0x08009948                xPortStartScheduler
 .text._sbrk    0x08009a88       0x44 CMakeFiles/touhou.dir/Core/Src/sysmem.c.obj
                0x08009a88                _sbrk
 .text._getpid  0x08009acc        0x4 CMakeFiles/touhou.dir/Core/Src/syscalls.c.obj
                0x08009acc                _getpid
 .text._kill    0x08009ad0       0x10 CMakeFiles/touhou.dir/Core/Src/syscalls.c.obj
                0x08009ad0                _kill
 .text._exit    0x08009ae0        0xc CMakeFiles/touhou.dir/Core/Src/syscalls.c.obj
                0x08009ae0                _exit
 .text._read    0x08009aec       0x1c CMakeFiles/touhou.dir/Core/Src/syscalls.c.obj
                0x08009aec                _read
 .text._write   0x08009b08       0x1c CMakeFiles/touhou.dir/Core/Src/syscalls.c.obj
                0x08009b08                _write
 .text._close   0x08009b24        0x8 CMakeFiles/touhou.dir/Core/Src/syscalls.c.obj
                0x08009b24                _close
 .text._fstat   0x08009b2c        0xc CMakeFiles/touhou.dir/Core/Src/syscalls.c.obj
                0x08009b2c                _fstat
 .text._isatty  0x08009b38        0x4 CMakeFiles/touhou.dir/Core/Src/syscalls.c.obj
                0x08009b38                _isatty
 .text._lseek   0x08009b3c        0x4 CMakeFiles/touhou.dir/Core/Src/syscalls.c.obj
                0x08009b3c                _lseek
 .text.Reset_Handler
                0x08009b40       0x50 CMakeFiles/touhou.dir/startup_stm32f401xe.s.obj
                0x08009b40                Reset_Handler
 .text.Default_Handler
                0x08009b90        0x2 CMakeFiles/touhou.dir/startup_stm32f401xe.s.obj
                0x08009b90                DMA1_Stream3_IRQHandler
                0x08009b90                EXTI2_IRQHandler
                0x08009b90                SPI4_IRQHandler
                0x08009b90                TIM1_CC_IRQHandler
                0x08009b90                DMA2_Stream5_IRQHandler
                0x08009b90                DMA1_Stream5_IRQHandler
                0x08009b90                PVD_IRQHandler
                0x08009b90                SDIO_IRQHandler
                0x08009b90                TAMP_STAMP_IRQHandler
                0x08009b90                EXTI3_IRQHandler
                0x08009b90                I2C3_ER_IRQHandler
                0x08009b90                EXTI0_IRQHandler
                0x08009b90                I2C2_EV_IRQHandler
                0x08009b90                DMA1_Stream2_IRQHandler
                0x08009b90                FPU_IRQHandler
                0x08009b90                DMA2_Stream2_IRQHandler
                0x08009b90                TIM1_BRK_TIM9_IRQHandler
                0x08009b90                USART6_IRQHandler
                0x08009b90                TIM4_IRQHandler
                0x08009b90                I2C1_EV_IRQHandler
                0x08009b90                DMA1_Stream6_IRQHandler
                0x08009b90                DMA1_Stream1_IRQHandler
                0x08009b90                TIM3_IRQHandler
                0x08009b90                RCC_IRQHandler
                0x08009b90                Default_Handler
                0x08009b90                EXTI15_10_IRQHandler
                0x08009b90                DMA1_Stream7_IRQHandler
                0x08009b90                TIM5_IRQHandler
                0x08009b90                DMA2_Stream7_IRQHandler
                0x08009b90                I2C3_EV_IRQHandler
                0x08009b90                EXTI9_5_IRQHandler
                0x08009b90                RTC_WKUP_IRQHandler
                0x08009b90                SPI2_IRQHandler
                0x08009b90                DMA1_Stream0_IRQHandler
                0x08009b90                EXTI4_IRQHandler
                0x08009b90                WWDG_IRQHandler
                0x08009b90                TIM2_IRQHandler
                0x08009b90                OTG_FS_WKUP_IRQHandler
                0x08009b90                TIM1_TRG_COM_TIM11_IRQHandler
                0x08009b90                EXTI1_IRQHandler
                0x08009b90                USART2_IRQHandler
                0x08009b90                I2C2_ER_IRQHandler
                0x08009b90                DMA2_Stream1_IRQHandler
                0x08009b90                FLASH_IRQHandler
                0x08009b90                DMA2_Stream4_IRQHandler
                0x08009b90                USART1_IRQHandler
                0x08009b90                OTG_FS_IRQHandler
                0x08009b90                SPI3_IRQHandler
                0x08009b90                DMA1_Stream4_IRQHandler
                0x08009b90                I2C1_ER_IRQHandler
                0x08009b90                DMA2_Stream6_IRQHandler
                0x08009b90                RTC_Alarm_IRQHandler
 *fill*         0x08009b92        0x2 
 .text.srand    0x08009b94       0x5c /opt/ST/STM32CubeCLT_1.17.0/GNU-tools-for-STM32/bin/../lib/gcc/arm-none-eabi/12.3.1/../../../../arm-none-eabi/lib/thumb/v7e-m+fp/hard/libg_nano.a(libc_a-rand.o)
                0x08009b94                srand
 .text.rand     0x08009bf0       0x7c /opt/ST/STM32CubeCLT_1.17.0/GNU-tools-for-STM32/bin/../lib/gcc/arm-none-eabi/12.3.1/../../../../arm-none-eabi/lib/thumb/v7e-m+fp/hard/libg_nano.a(libc_a-rand.o)
                0x08009bf0                rand
 .text.__errno  0x08009c6c        0xc /opt/ST/STM32CubeCLT_1.17.0/GNU-tools-for-STM32/bin/../lib/gcc/arm-none-eabi/12.3.1/../../../../arm-none-eabi/lib/thumb/v7e-m+fp/hard/libg_nano.a(libc_a-errno.o)
                0x08009c6c                __errno
 .text.memcpy   0x08009c78       0x1c /opt/ST/STM32CubeCLT_1.17.0/GNU-tools-for-STM32/bin/../lib/gcc/arm-none-eabi/12.3.1/../../../../arm-none-eabi/lib/thumb/v7e-m+fp/hard/libg_nano.a(libc_a-memcpy-stub.o)
                0x08009c78                memcpy
 .text.__assert_func
                0x08009c94       0x3c /opt/ST/STM32CubeCLT_1.17.0/GNU-tools-for-STM32/bin/../lib/gcc/arm-none-eabi/12.3.1/../../../../arm-none-eabi/lib/thumb/v7e-m+fp/hard/libg_nano.a(libc_a-assert.o)
                0x08009c94                __assert_func
 .text.malloc   0x08009cd0       0x10 /opt/ST/STM32CubeCLT_1.17.0/GNU-tools-for-STM32/bin/../lib/gcc/arm-none-eabi/12.3.1/../../../../arm-none-eabi/lib/thumb/v7e-m+fp/hard/libg_nano.a(libc_a-malloc.o)
                0x08009cd0                malloc
 .text.fprintf  0x08009ce0       0x24 /opt/ST/STM32CubeCLT_1.17.0/GNU-tools-for-STM32/bin/../lib/gcc/arm-none-eabi/12.3.1/../../../../arm-none-eabi/lib/thumb/v7e-m+fp/hard/libg_nano.a(libc_a-fprintf.o)
                0x08009ce0                fprintf
                0x08009ce0                fiprintf
 .text.abort    0x08009d04        0xe /opt/ST/STM32CubeCLT_1.17.0/GNU-tools-for-STM32/bin/../lib/gcc/arm-none-eabi/12.3.1/../../../../arm-none-eabi/lib/thumb/v7e-m+fp/hard/libg_nano.a(libc_a-abort.o)
                0x08009d04                abort
 .text.__sfputc_r
                0x08009d12       0x2e /opt/ST/STM32CubeCLT_1.17.0/GNU-tools-for-STM32/bin/../lib/gcc/arm-none-eabi/12.3.1/../../../../arm-none-eabi/lib/thumb/v7e-m+fp/hard/libg_nano.a(libc_a-nano-vfprintf.o)
 .text.__sfputs_r
                0x08009d40       0x24 /opt/ST/STM32CubeCLT_1.17.0/GNU-tools-for-STM32/bin/../lib/gcc/arm-none-eabi/12.3.1/../../../../arm-none-eabi/lib/thumb/v7e-m+fp/hard/libg_nano.a(libc_a-nano-vfprintf.o)
                0x08009d40                __sfputs_r
 .text._vfprintf_r
                0x08009d64      0x230 /opt/ST/STM32CubeCLT_1.17.0/GNU-tools-for-STM32/bin/../lib/gcc/arm-none-eabi/12.3.1/../../../../arm-none-eabi/lib/thumb/v7e-m+fp/hard/libg_nano.a(libc_a-nano-vfprintf.o)
                0x08009d64                _vfiprintf_r
                0x08009d64                _vfprintf_r
 .text._printf_common
                0x08009f94       0xda /opt/ST/STM32CubeCLT_1.17.0/GNU-tools-for-STM32/bin/../lib/gcc/arm-none-eabi/12.3.1/../../../../arm-none-eabi/lib/thumb/v7e-m+fp/hard/libg_nano.a(libc_a-nano-vfprintf_i.o)
                0x08009f94                _printf_common
 *fill*         0x0800a06e        0x2 
 .text._printf_i
                0x0800a070      0x240 /opt/ST/STM32CubeCLT_1.17.0/GNU-tools-for-STM32/bin/../lib/gcc/arm-none-eabi/12.3.1/../../../../arm-none-eabi/lib/thumb/v7e-m+fp/hard/libg_nano.a(libc_a-nano-vfprintf_i.o)
                0x0800a070                _printf_i
 .text.__swbuf_r
                0x0800a2b0       0x7c /opt/ST/STM32CubeCLT_1.17.0/GNU-tools-for-STM32/bin/../lib/gcc/arm-none-eabi/12.3.1/../../../../arm-none-eabi/lib/thumb/v7e-m+fp/hard/libg_nano.a(libc_a-wbuf.o)
                0x0800a2b0                __swbuf_r
 .text.__swsetup_r
                0x0800a32c       0xac /opt/ST/STM32CubeCLT_1.17.0/GNU-tools-for-STM32/bin/../lib/gcc/arm-none-eabi/12.3.1/../../../../arm-none-eabi/lib/thumb/v7e-m+fp/hard/libg_nano.a(libc_a-wsetup.o)
                0x0800a32c                __swsetup_r
 .text.__swhatbuf_r
                0x0800a3d8       0x4c /opt/ST/STM32CubeCLT_1.17.0/GNU-tools-for-STM32/bin/../lib/gcc/arm-none-eabi/12.3.1/../../../../arm-none-eabi/lib/thumb/v7e-m+fp/hard/libg_nano.a(libc_a-makebuf.o)
                0x0800a3d8                __swhatbuf_r
 .text.__smakebuf_r
                0x0800a424       0x78 /opt/ST/STM32CubeCLT_1.17.0/GNU-tools-for-STM32/bin/../lib/gcc/arm-none-eabi/12.3.1/../../../../arm-none-eabi/lib/thumb/v7e-m+fp/hard/libg_nano.a(libc_a-makebuf.o)
                0x0800a424                __smakebuf_r
 .text._fstat_r
                0x0800a49c       0x24 /opt/ST/STM32CubeCLT_1.17.0/GNU-tools-for-STM32/bin/../lib/gcc/arm-none-eabi/12.3.1/../../../../arm-none-eabi/lib/thumb/v7e-m+fp/hard/libg_nano.a(libc_a-fstatr.o)
                0x0800a49c                _fstat_r
 .text._isatty_r
                0x0800a4c0       0x20 /opt/ST/STM32CubeCLT_1.17.0/GNU-tools-for-STM32/bin/../lib/gcc/arm-none-eabi/12.3.1/../../../../arm-none-eabi/lib/thumb/v7e-m+fp/hard/libg_nano.a(libc_a-isattyr.o)
                0x0800a4c0                _isatty_r
 .text._raise_r
                0x0800a4e0       0x50 /opt/ST/STM32CubeCLT_1.17.0/GNU-tools-for-STM32/bin/../lib/gcc/arm-none-eabi/12.3.1/../../../../arm-none-eabi/lib/thumb/v7e-m+fp/hard/libg_nano.a(libc_a-signal.o)
                0x0800a4e0                _raise_r
 .text.raise    0x0800a530       0x10 /opt/ST/STM32CubeCLT_1.17.0/GNU-tools-for-STM32/bin/../lib/gcc/arm-none-eabi/12.3.1/../../../../arm-none-eabi/lib/thumb/v7e-m+fp/hard/libg_nano.a(libc_a-signal.o)
                0x0800a530                raise
 .text._kill_r  0x0800a540       0x24 /opt/ST/STM32CubeCLT_1.17.0/GNU-tools-for-STM32/bin/../lib/gcc/arm-none-eabi/12.3.1/../../../../arm-none-eabi/lib/thumb/v7e-m+fp/hard/libg_nano.a(libc_a-signalr.o)
                0x0800a540                _kill_r
 .text._getpid_r
                0x0800a564        0x4 /opt/ST/STM32CubeCLT_1.17.0/GNU-tools-for-STM32/bin/../lib/gcc/arm-none-eabi/12.3.1/../../../../arm-none-eabi/lib/thumb/v7e-m+fp/hard/libg_nano.a(libc_a-signalr.o)
                0x0800a564                _getpid_r
 .text.sqrtf    0x0800a568       0x3c /opt/ST/STM32CubeCLT_1.17.0/GNU-tools-for-STM32/bin/../lib/gcc/arm-none-eabi/12.3.1/../../../../arm-none-eabi/lib/thumb/v7e-m+fp/hard/libm.a(libm_a-wf_sqrt.o)
                0x0800a568                sqrtf
 .text.sqrt     0x0800a5a4       0x58 /opt/ST/STM32CubeCLT_1.17.0/GNU-tools-for-STM32/bin/../lib/gcc/arm-none-eabi/12.3.1/../../../../arm-none-eabi/lib/thumb/v7e-m+fp/hard/libm.a(libm_a-w_sqrt.o)
                0x0800a5a4                sqrt
 .text.__ieee754_sqrt
                0x0800a5fc      0x1b4 /opt/ST/STM32CubeCLT_1.17.0/GNU-tools-for-STM32/bin/../lib/gcc/arm-none-eabi/12.3.1/../../../../arm-none-eabi/lib/thumb/v7e-m+fp/hard/libm.a(libm_a-e_sqrt.o)
                0x0800a5fc                __ieee754_sqrt
 .text.__ieee754_sqrtf
                0x0800a7b0        0x6 /opt/ST/STM32CubeCLT_1.17.0/GNU-tools-for-STM32/bin/../lib/gcc/arm-none-eabi/12.3.1/../../../../arm-none-eabi/lib/thumb/v7e-m+fp/hard/libm.a(libm_a-ef_sqrt.o)
                0x0800a7b0                __ieee754_sqrtf
 *(.glue_7)
 .glue_7        0x0800a7b6        0x0 linker stubs
 *(.glue_7t)
 .glue_7t       0x0800a7b6        0x0 linker stubs
 *(.eh_frame)
 *fill*         0x0800a7b6        0x2 
 .eh_frame      0x0800a7b8        0x0 /opt/ST/STM32CubeCLT_1.17.0/GNU-tools-for-STM32/bin/../lib/gcc/arm-none-eabi/12.3.1/thumb/v7e-m+fp/hard/crtbegin.o
 *(.init)
 .init          0x0800a7b8        0x4 /opt/ST/STM32CubeCLT_1.17.0/GNU-tools-for-STM32/bin/../lib/gcc/arm-none-eabi/12.3.1/thumb/v7e-m+fp/hard/crti.o
                0x0800a7b8                _init
 .init          0x0800a7bc        0x8 /opt/ST/STM32CubeCLT_1.17.0/GNU-tools-for-STM32/bin/../lib/gcc/arm-none-eabi/12.3.1/thumb/v7e-m+fp/hard/crtn.o
 *(.fini)
 .fini          0x0800a7c4        0x4 /opt/ST/STM32CubeCLT_1.17.0/GNU-tools-for-STM32/bin/../lib/gcc/arm-none-eabi/12.3.1/thumb/v7e-m+fp/hard/crti.o
                0x0800a7c4                _fini
 .fini          0x0800a7c8        0x8 /opt/ST/STM32CubeCLT_1.17.0/GNU-tools-for-STM32/bin/../lib/gcc/arm-none-eabi/12.3.1/thumb/v7e-m+fp/hard/crtn.o
                0x0800a7d0                        . = ALIGN (0x4)
                0x0800a7d0                        _etext = .

.vfp11_veneer   0x0800a7d0        0x0
 .vfp11_veneer  0x0800a7d0        0x0 linker stubs

.v4_bx          0x0800a7d0        0x0
 .v4_bx         0x0800a7d0        0x0 linker stubs

.iplt           0x0800a7d0        0x0
 .iplt          0x0800a7d0        0x0 /opt/ST/STM32CubeCLT_1.17.0/GNU-tools-for-STM32/bin/../lib/gcc/arm-none-eabi/12.3.1/thumb/v7e-m+fp/hard/crtbegin.o

.rodata         0x0800a7d0    0x4b140
                0x0800a7d0                        . = ALIGN (0x4)
 *(.rodata)
 *(.rodata*)
 .rodata.framebuffer
                0x0800a7d0    0x4b000 CMakeFiles/touhou.dir/Core/Src/frames.c.obj
                0x0800a7d0                framebuffer
 .rodata.str1.4
                0x080557d0        0xc CMakeFiles/touhou.dir/Core/Src/main.c.obj
 .rodata.defaultTask_attributes
                0x080557dc       0x24 CMakeFiles/touhou.dir/Core/Src/main.c.obj
                0x080557dc                defaultTask_attributes
 .rodata.flagBitshiftOffset.0
                0x08055800        0x8 CMakeFiles/touhou.dir/Drivers/STM32F4xx_HAL_Driver/Src/stm32f4xx_hal_dma.c.obj
 .rodata.APBPrescTable
                0x08055808        0x8 CMakeFiles/touhou.dir/Core/Src/system_stm32f4xx.c.obj
                0x08055808                APBPrescTable
 .rodata.AHBPrescTable
                0x08055810       0x10 CMakeFiles/touhou.dir/Core/Src/system_stm32f4xx.c.obj
                0x08055810                AHBPrescTable
 .rodata.xTimerCreateTimerTask.str1.4
                0x08055820       0x10 CMakeFiles/touhou.dir/Middlewares/Third_Party/FreeRTOS/Source/timers.c.obj
 .rodata.srand.str1.1
                0x08055830       0x6f /opt/ST/STM32CubeCLT_1.17.0/GNU-tools-for-STM32/bin/../lib/gcc/arm-none-eabi/12.3.1/../../../../arm-none-eabi/lib/thumb/v7e-m+fp/hard/libg_nano.a(libc_a-rand.o)
 .rodata.__assert_func.str1.1
                0x0805589f       0x3c /opt/ST/STM32CubeCLT_1.17.0/GNU-tools-for-STM32/bin/../lib/gcc/arm-none-eabi/12.3.1/../../../../arm-none-eabi/lib/thumb/v7e-m+fp/hard/libg_nano.a(libc_a-assert.o)
                                 0x3d (size before relaxing)
 .rodata._vfprintf_r.str1.1
                0x080558db       0x11 /opt/ST/STM32CubeCLT_1.17.0/GNU-tools-for-STM32/bin/../lib/gcc/arm-none-eabi/12.3.1/../../../../arm-none-eabi/lib/thumb/v7e-m+fp/hard/libg_nano.a(libc_a-nano-vfprintf.o)
 .rodata._printf_i.str1.1
                0x080558ec       0x22 /opt/ST/STM32CubeCLT_1.17.0/GNU-tools-for-STM32/bin/../lib/gcc/arm-none-eabi/12.3.1/../../../../arm-none-eabi/lib/thumb/v7e-m+fp/hard/libg_nano.a(libc_a-nano-vfprintf_i.o)
                0x08055910                        . = ALIGN (0x4)
 *fill*         0x0805590e        0x2 

.ARM.extab
 *(.ARM.extab* .gnu.linkonce.armextab.*)

.ARM            0x08055910        0x8
                0x08055910                        __exidx_start = .
 *(.ARM.exidx*)
 .ARM.exidx     0x08055910        0x8 /opt/ST/STM32CubeCLT_1.17.0/GNU-tools-for-STM32/bin/../lib/gcc/arm-none-eabi/12.3.1/thumb/v7e-m+fp/hard/libgcc.a(_udivmoddi4.o)
 .ARM.exidx     0x08055918        0x0 /opt/ST/STM32CubeCLT_1.17.0/GNU-tools-for-STM32/bin/../lib/gcc/arm-none-eabi/12.3.1/../../../../arm-none-eabi/lib/thumb/v7e-m+fp/hard/libg_nano.a(libc_a-memchr.o)
                                  0x8 (size before relaxing)
                0x08055918                        __exidx_end = .

.rel.dyn        0x08055918        0x0
 .rel.iplt      0x08055918        0x0 /opt/ST/STM32CubeCLT_1.17.0/GNU-tools-for-STM32/bin/../lib/gcc/arm-none-eabi/12.3.1/thumb/v7e-m+fp/hard/crtbegin.o

.preinit_array  0x08055918        0x0
                0x08055918                        PROVIDE (__preinit_array_start = .)
 *(.preinit_array*)
                0x08055918                        PROVIDE (__preinit_array_end = .)

.init_array     0x08055918        0x4
                0x08055918                        PROVIDE (__init_array_start = .)
 *(SORT_BY_NAME(.init_array.*))
 *(.init_array*)
 .init_array    0x08055918        0x4 /opt/ST/STM32CubeCLT_1.17.0/GNU-tools-for-STM32/bin/../lib/gcc/arm-none-eabi/12.3.1/thumb/v7e-m+fp/hard/crtbegin.o
                0x0805591c                        PROVIDE (__init_array_end = .)

.fini_array     0x0805591c        0x4
                [!provide]                        PROVIDE (__fini_array_start = .)
 *(SORT_BY_NAME(.fini_array.*))
 *(.fini_array*)
 .fini_array    0x0805591c        0x4 /opt/ST/STM32CubeCLT_1.17.0/GNU-tools-for-STM32/bin/../lib/gcc/arm-none-eabi/12.3.1/thumb/v7e-m+fp/hard/crtbegin.o
                [!provide]                        PROVIDE (__fini_array_end = .)
                0x08055920                        _sidata = LOADADDR (.data)

.data           0x20000000       0x88 load address 0x08055920
                0x20000000                        . = ALIGN (0x4)
                0x20000000                        _sdata = .
 *(.data)
 *(.data*)
 .data.__sglue  0x20000000        0xc /opt/ST/STM32CubeCLT_1.17.0/GNU-tools-for-STM32/bin/../lib/gcc/arm-none-eabi/12.3.1/../../../../arm-none-eabi/lib/thumb/v7e-m+fp/hard/libc_nano.a(libc_a-findfp.o)
                0x20000000                __sglue
 .data._impure_ptr
                0x2000000c        0x4 /opt/ST/STM32CubeCLT_1.17.0/GNU-tools-for-STM32/bin/../lib/gcc/arm-none-eabi/12.3.1/../../../../arm-none-eabi/lib/thumb/v7e-m+fp/hard/libc_nano.a(libc_a-impure.o)
                0x2000000c                _impure_ptr
 .data._impure_data
                0x20000010       0x4c /opt/ST/STM32CubeCLT_1.17.0/GNU-tools-for-STM32/bin/../lib/gcc/arm-none-eabi/12.3.1/../../../../arm-none-eabi/lib/thumb/v7e-m+fp/hard/libc_nano.a(libc_a-impure.o)
                0x20000010                _impure_data
 .data.lastPlayer
                0x2000005c        0x6 CMakeFiles/touhou.dir/Core/Src/render.c.obj
 *fill*         0x20000062        0x2 
 .data.playerPosition
                0x20000064        0x4 CMakeFiles/touhou.dir/Core/Src/main.c.obj
                0x20000064                playerPosition
 .data.uwTickFreq
                0x20000068        0x1 CMakeFiles/touhou.dir/Drivers/STM32F4xx_HAL_Driver/Src/stm32f4xx_hal.c.obj
                0x20000068                uwTickFreq
 *fill*         0x20000069        0x3 
 .data.uwTickPrio
                0x2000006c        0x4 CMakeFiles/touhou.dir/Drivers/STM32F4xx_HAL_Driver/Src/stm32f4xx_hal.c.obj
                0x2000006c                uwTickPrio
 .data.SystemCoreClock
                0x20000070        0x4 CMakeFiles/touhou.dir/Core/Src/system_stm32f4xx.c.obj
                0x20000070                SystemCoreClock
 .data.uxCriticalNesting
                0x20000074        0x4 CMakeFiles/touhou.dir/Middlewares/Third_Party/FreeRTOS/Source/portable/GCC/ARM_CM4F/port.c.obj
 .data.tiny     0x20000078        0x8 /opt/ST/STM32CubeCLT_1.17.0/GNU-tools-for-STM32/bin/../lib/gcc/arm-none-eabi/12.3.1/../../../../arm-none-eabi/lib/thumb/v7e-m+fp/hard/libm.a(libm_a-e_sqrt.o)
 .data.one      0x20000080        0x8 /opt/ST/STM32CubeCLT_1.17.0/GNU-tools-for-STM32/bin/../lib/gcc/arm-none-eabi/12.3.1/../../../../arm-none-eabi/lib/thumb/v7e-m+fp/hard/libm.a(libm_a-e_sqrt.o)
                0x20000088                        . = ALIGN (0x4)
                0x20000088                        _edata = .

.igot.plt       0x20000088        0x0 load address 0x080559a8
 .igot.plt      0x20000088        0x0 /opt/ST/STM32CubeCLT_1.17.0/GNU-tools-for-STM32/bin/../lib/gcc/arm-none-eabi/12.3.1/thumb/v7e-m+fp/hard/crtbegin.o
                0x20000088                        . = ALIGN (0x4)

.bss            0x20000088    0x17138 load address 0x080559a8
                0x20000088                        _sbss = .
                0x20000088                        __bss_start__ = _sbss
 *(.bss)
 .bss           0x20000088       0x1c /opt/ST/STM32CubeCLT_1.17.0/GNU-tools-for-STM32/bin/../lib/gcc/arm-none-eabi/12.3.1/thumb/v7e-m+fp/hard/crtbegin.o
 *(.bss*)
 .bss.__sf      0x200000a4      0x138 /opt/ST/STM32CubeCLT_1.17.0/GNU-tools-for-STM32/bin/../lib/gcc/arm-none-eabi/12.3.1/../../../../arm-none-eabi/lib/thumb/v7e-m+fp/hard/libc_nano.a(libc_a-findfp.o)
                0x200000a4                __sf
 .bss.__stdio_exit_handler
                0x200001dc        0x4 /opt/ST/STM32CubeCLT_1.17.0/GNU-tools-for-STM32/bin/../lib/gcc/arm-none-eabi/12.3.1/../../../../arm-none-eabi/lib/thumb/v7e-m+fp/hard/libc_nano.a(libc_a-findfp.o)
                0x200001dc                __stdio_exit_handler
 .bss.__lock___malloc_recursive_mutex
                0x200001e0        0x1 /opt/ST/STM32CubeCLT_1.17.0/GNU-tools-for-STM32/bin/../lib/gcc/arm-none-eabi/12.3.1/../../../../arm-none-eabi/lib/thumb/v7e-m+fp/hard/libc_nano.a(libc_a-lock.o)
                0x200001e0                __lock___malloc_recursive_mutex
 .bss.__lock___sfp_recursive_mutex
                0x200001e1        0x1 /opt/ST/STM32CubeCLT_1.17.0/GNU-tools-for-STM32/bin/../lib/gcc/arm-none-eabi/12.3.1/../../../../arm-none-eabi/lib/thumb/v7e-m+fp/hard/libc_nano.a(libc_a-lock.o)
                0x200001e1                __lock___sfp_recursive_mutex
 *fill*         0x200001e2        0x2 
 .bss.__malloc_sbrk_start
                0x200001e4        0x4 /opt/ST/STM32CubeCLT_1.17.0/GNU-tools-for-STM32/bin/../lib/gcc/arm-none-eabi/12.3.1/../../../../arm-none-eabi/lib/thumb/v7e-m+fp/hard/libc_nano.a(libc_a-mallocr.o)
                0x200001e4                __malloc_sbrk_start
 .bss.__malloc_free_list
                0x200001e8        0x4 /opt/ST/STM32CubeCLT_1.17.0/GNU-tools-for-STM32/bin/../lib/gcc/arm-none-eabi/12.3.1/../../../../arm-none-eabi/lib/thumb/v7e-m+fp/hard/libc_nano.a(libc_a-mallocr.o)
                0x200001e8                __malloc_free_list
 .bss.errno     0x200001ec        0x4 /opt/ST/STM32CubeCLT_1.17.0/GNU-tools-for-STM32/bin/../lib/gcc/arm-none-eabi/12.3.1/../../../../arm-none-eabi/lib/thumb/v7e-m+fp/hard/libc_nano.a(libc_a-reent.o)
                0x200001ec                errno
 .bss.lastBullets
                0x200001f0       0x3c CMakeFiles/touhou.dir/Core/Src/render.c.obj
 .bss.js_y0     0x2000022c        0x2 CMakeFiles/touhou.dir/Core/Src/main.c.obj
                0x2000022c                js_y0
 .bss.js_x0     0x2000022e        0x2 CMakeFiles/touhou.dir/Core/Src/main.c.obj
                0x2000022e                js_x0
 .bss.renderFlag
                0x20000230        0x4 CMakeFiles/touhou.dir/Core/Src/main.c.obj
                0x20000230                renderFlag
 .bss.bullets   0x20000234       0x64 CMakeFiles/touhou.dir/Core/Src/main.c.obj
                0x20000234                bullets
 .bss.adcBuff   0x20000298        0x4 CMakeFiles/touhou.dir/Core/Src/main.c.obj
                0x20000298                adcBuff
 .bss.defaultTaskHandle
                0x2000029c        0x4 CMakeFiles/touhou.dir/Core/Src/main.c.obj
                0x2000029c                defaultTaskHandle
 .bss.huart2    0x200002a0       0x48 CMakeFiles/touhou.dir/Core/Src/main.c.obj
                0x200002a0                huart2
 .bss.htim3     0x200002e8       0x48 CMakeFiles/touhou.dir/Core/Src/main.c.obj
                0x200002e8                htim3
 .bss.hdma_spi1_tx
                0x20000330       0x60 CMakeFiles/touhou.dir/Core/Src/main.c.obj
                0x20000330                hdma_spi1_tx
 .bss.hspi1     0x20000390       0x58 CMakeFiles/touhou.dir/Core/Src/main.c.obj
                0x20000390                hspi1
 .bss.hdma_adc1
                0x200003e8       0x60 CMakeFiles/touhou.dir/Core/Src/main.c.obj
                0x200003e8                hdma_adc1
 .bss.hadc1     0x20000448       0x48 CMakeFiles/touhou.dir/Core/Src/main.c.obj
                0x20000448                hadc1
 .bss.htim1     0x20000490       0x48 CMakeFiles/touhou.dir/Core/Src/stm32f4xx_hal_timebase_tim.c.obj
                0x20000490                htim1
 .bss.uwTick    0x200004d8        0x4 CMakeFiles/touhou.dir/Drivers/STM32F4xx_HAL_Driver/Src/stm32f4xx_hal.c.obj
                0x200004d8                uwTick
 *fill*         0x200004dc        0x4 
 .bss.xQueueRegistry
                0x200004e0       0x40 CMakeFiles/touhou.dir/Middlewares/Third_Party/FreeRTOS/Source/queue.c.obj
                0x200004e0                xQueueRegistry
 .bss.uxSchedulerSuspended
                0x20000520        0x4 CMakeFiles/touhou.dir/Middlewares/Third_Party/FreeRTOS/Source/tasks.c.obj
 .bss.xNextTaskUnblockTime
                0x20000524        0x4 CMakeFiles/touhou.dir/Middlewares/Third_Party/FreeRTOS/Source/tasks.c.obj
 .bss.uxTaskNumber
                0x20000528        0x4 CMakeFiles/touhou.dir/Middlewares/Third_Party/FreeRTOS/Source/tasks.c.obj
 .bss.xNumOfOverflows
                0x2000052c        0x4 CMakeFiles/touhou.dir/Middlewares/Third_Party/FreeRTOS/Source/tasks.c.obj
 .bss.xYieldPending
                0x20000530        0x4 CMakeFiles/touhou.dir/Middlewares/Third_Party/FreeRTOS/Source/tasks.c.obj
 .bss.xPendedTicks
                0x20000534        0x4 CMakeFiles/touhou.dir/Middlewares/Third_Party/FreeRTOS/Source/tasks.c.obj
 .bss.xSchedulerRunning
                0x20000538        0x4 CMakeFiles/touhou.dir/Middlewares/Third_Party/FreeRTOS/Source/tasks.c.obj
 .bss.uxTopReadyPriority
                0x2000053c        0x4 CMakeFiles/touhou.dir/Middlewares/Third_Party/FreeRTOS/Source/tasks.c.obj
 .bss.xTickCount
                0x20000540        0x4 CMakeFiles/touhou.dir/Middlewares/Third_Party/FreeRTOS/Source/tasks.c.obj
 .bss.uxCurrentNumberOfTasks
                0x20000544        0x4 CMakeFiles/touhou.dir/Middlewares/Third_Party/FreeRTOS/Source/tasks.c.obj
 .bss.xSuspendedTaskList
                0x20000548       0x14 CMakeFiles/touhou.dir/Middlewares/Third_Party/FreeRTOS/Source/tasks.c.obj
 .bss.uxDeletedTasksWaitingCleanUp
                0x2000055c        0x4 CMakeFiles/touhou.dir/Middlewares/Third_Party/FreeRTOS/Source/tasks.c.obj
 .bss.xTasksWaitingTermination
                0x20000560       0x14 CMakeFiles/touhou.dir/Middlewares/Third_Party/FreeRTOS/Source/tasks.c.obj
 .bss.xPendingReadyList
                0x20000574       0x14 CMakeFiles/touhou.dir/Middlewares/Third_Party/FreeRTOS/Source/tasks.c.obj
 .bss.pxOverflowDelayedTaskList
                0x20000588        0x4 CMakeFiles/touhou.dir/Middlewares/Third_Party/FreeRTOS/Source/tasks.c.obj
 .bss.pxDelayedTaskList
                0x2000058c        0x4 CMakeFiles/touhou.dir/Middlewares/Third_Party/FreeRTOS/Source/tasks.c.obj
 .bss.xDelayedTaskList2
                0x20000590       0x14 CMakeFiles/touhou.dir/Middlewares/Third_Party/FreeRTOS/Source/tasks.c.obj
 .bss.xDelayedTaskList1
                0x200005a4       0x14 CMakeFiles/touhou.dir/Middlewares/Third_Party/FreeRTOS/Source/tasks.c.obj
 .bss.pxReadyTasksLists
                0x200005b8      0x460 CMakeFiles/touhou.dir/Middlewares/Third_Party/FreeRTOS/Source/tasks.c.obj
 .bss.pxCurrentTCB
                0x20000a18        0x4 CMakeFiles/touhou.dir/Middlewares/Third_Party/FreeRTOS/Source/tasks.c.obj
                0x20000a18                pxCurrentTCB
 .bss.xStaticTimerQueue.0
                0x20000a1c       0x50 CMakeFiles/touhou.dir/Middlewares/Third_Party/FreeRTOS/Source/timers.c.obj
 .bss.ucStaticTimerQueueStorage.1
                0x20000a6c       0xa0 CMakeFiles/touhou.dir/Middlewares/Third_Party/FreeRTOS/Source/timers.c.obj
 .bss.xLastTime.2
                0x20000b0c        0x4 CMakeFiles/touhou.dir/Middlewares/Third_Party/FreeRTOS/Source/timers.c.obj
 .bss.xTimerTaskHandle
                0x20000b10        0x4 CMakeFiles/touhou.dir/Middlewares/Third_Party/FreeRTOS/Source/timers.c.obj
 .bss.xTimerQueue
                0x20000b14        0x4 CMakeFiles/touhou.dir/Middlewares/Third_Party/FreeRTOS/Source/timers.c.obj
 .bss.pxOverflowTimerList
                0x20000b18        0x4 CMakeFiles/touhou.dir/Middlewares/Third_Party/FreeRTOS/Source/timers.c.obj
 .bss.pxCurrentTimerList
                0x20000b1c        0x4 CMakeFiles/touhou.dir/Middlewares/Third_Party/FreeRTOS/Source/timers.c.obj
 .bss.xActiveTimerList2
                0x20000b20       0x14 CMakeFiles/touhou.dir/Middlewares/Third_Party/FreeRTOS/Source/timers.c.obj
 .bss.xActiveTimerList1
                0x20000b34       0x14 CMakeFiles/touhou.dir/Middlewares/Third_Party/FreeRTOS/Source/timers.c.obj
 .bss.Timer_Stack.0
                0x20000b48      0x400 CMakeFiles/touhou.dir/Middlewares/Third_Party/FreeRTOS/Source/CMSIS_RTOS_V2/cmsis_os2.c.obj
 .bss.Timer_TCB.1
                0x20000f48       0x5c CMakeFiles/touhou.dir/Middlewares/Third_Party/FreeRTOS/Source/CMSIS_RTOS_V2/cmsis_os2.c.obj
 .bss.Idle_Stack.2
                0x20000fa4      0x200 CMakeFiles/touhou.dir/Middlewares/Third_Party/FreeRTOS/Source/CMSIS_RTOS_V2/cmsis_os2.c.obj
 .bss.Idle_TCB.3
                0x200011a4       0x5c CMakeFiles/touhou.dir/Middlewares/Third_Party/FreeRTOS/Source/CMSIS_RTOS_V2/cmsis_os2.c.obj
 .bss.KernelState
                0x20001200        0x4 CMakeFiles/touhou.dir/Middlewares/Third_Party/FreeRTOS/Source/CMSIS_RTOS_V2/cmsis_os2.c.obj
 .bss.xBlockAllocatedBit
                0x20001204        0x4 CMakeFiles/touhou.dir/Middlewares/Third_Party/FreeRTOS/Source/portable/MemMang/heap_4.c.obj
 .bss.xNumberOfSuccessfulFrees
                0x20001208        0x4 CMakeFiles/touhou.dir/Middlewares/Third_Party/FreeRTOS/Source/portable/MemMang/heap_4.c.obj
 .bss.xNumberOfSuccessfulAllocations
                0x2000120c        0x4 CMakeFiles/touhou.dir/Middlewares/Third_Party/FreeRTOS/Source/portable/MemMang/heap_4.c.obj
 .bss.xMinimumEverFreeBytesRemaining
                0x20001210        0x4 CMakeFiles/touhou.dir/Middlewares/Third_Party/FreeRTOS/Source/portable/MemMang/heap_4.c.obj
 .bss.xFreeBytesRemaining
                0x20001214        0x4 CMakeFiles/touhou.dir/Middlewares/Third_Party/FreeRTOS/Source/portable/MemMang/heap_4.c.obj
 .bss.pxEnd     0x20001218        0x4 CMakeFiles/touhou.dir/Middlewares/Third_Party/FreeRTOS/Source/portable/MemMang/heap_4.c.obj
 .bss.xStart    0x2000121c        0x8 CMakeFiles/touhou.dir/Middlewares/Third_Party/FreeRTOS/Source/portable/MemMang/heap_4.c.obj
 .bss.ucHeap    0x20001224    0x15f90 CMakeFiles/touhou.dir/Middlewares/Third_Party/FreeRTOS/Source/portable/MemMang/heap_4.c.obj
 .bss.ulMaxPRIGROUPValue
                0x200171b4        0x4 CMakeFiles/touhou.dir/Middlewares/Third_Party/FreeRTOS/Source/portable/GCC/ARM_CM4F/port.c.obj
 .bss.ucMaxSysCallPriority
                0x200171b8        0x1 CMakeFiles/touhou.dir/Middlewares/Third_Party/FreeRTOS/Source/portable/GCC/ARM_CM4F/port.c.obj
 *fill*         0x200171b9        0x3 
 .bss.__sbrk_heap_end
                0x200171bc        0x4 CMakeFiles/touhou.dir/Core/Src/sysmem.c.obj
 *(COMMON)
                0x200171c0                        . = ALIGN (0x4)
                0x200171c0                        _ebss = .
                0x200171c0                        __bss_end__ = _ebss

._user_heap_stack
                0x200171c0      0x600 load address 0x080559a8
                0x200171c0                        . = ALIGN (0x8)
                [!provide]                        PROVIDE (end = .)
                0x200171c0                        PROVIDE (_end = .)
                0x200173c0                        . = (. + _Min_Heap_Size)
 *fill*         0x200171c0      0x200 
                0x200177c0                        . = (. + _Min_Stack_Size)
 *fill*         0x200173c0      0x400 
                0x200177c0                        . = ALIGN (0x8)

/DISCARD/
 libc.a(*)
 libm.a(*)
 libgcc.a(*)
OUTPUT(touhou.elf elf32-littlearm)
LOAD linker stubs
LOAD /opt/ST/STM32CubeCLT_1.17.0/GNU-tools-for-STM32/bin/../lib/gcc/arm-none-eabi/12.3.1/../../../../arm-none-eabi/lib/thumb/v7e-m+fp/hard/libc.a
LOAD /opt/ST/STM32CubeCLT_1.17.0/GNU-tools-for-STM32/bin/../lib/gcc/arm-none-eabi/12.3.1/../../../../arm-none-eabi/lib/thumb/v7e-m+fp/hard/libm.a
LOAD /opt/ST/STM32CubeCLT_1.17.0/GNU-tools-for-STM32/bin/../lib/gcc/arm-none-eabi/12.3.1/thumb/v7e-m+fp/hard/libgcc.a

.ARM.attributes
                0x00000000       0x30
 .ARM.attributes
                0x00000000       0x22 /opt/ST/STM32CubeCLT_1.17.0/GNU-tools-for-STM32/bin/../lib/gcc/arm-none-eabi/12.3.1/thumb/v7e-m+fp/hard/crti.o
 .ARM.attributes
                0x00000022       0x34 /opt/ST/STM32CubeCLT_1.17.0/GNU-tools-for-STM32/bin/../lib/gcc/arm-none-eabi/12.3.1/thumb/v7e-m+fp/hard/crtbegin.o
 .ARM.attributes
                0x00000056       0x34 /opt/ST/STM32CubeCLT_1.17.0/GNU-tools-for-STM32/bin/../lib/gcc/arm-none-eabi/12.3.1/../../../../arm-none-eabi/lib/thumb/v7e-m+fp/hard/libc_nano.a(libc_a-findfp.o)
 .ARM.attributes
                0x0000008a       0x34 /opt/ST/STM32CubeCLT_1.17.0/GNU-tools-for-STM32/bin/../lib/gcc/arm-none-eabi/12.3.1/../../../../arm-none-eabi/lib/thumb/v7e-m+fp/hard/libc_nano.a(libc_a-fwalk.o)
 .ARM.attributes
                0x000000be       0x34 /opt/ST/STM32CubeCLT_1.17.0/GNU-tools-for-STM32/bin/../lib/gcc/arm-none-eabi/12.3.1/../../../../arm-none-eabi/lib/thumb/v7e-m+fp/hard/libc_nano.a(libc_a-memset.o)
 .ARM.attributes
                0x000000f2       0x34 /opt/ST/STM32CubeCLT_1.17.0/GNU-tools-for-STM32/bin/../lib/gcc/arm-none-eabi/12.3.1/../../../../arm-none-eabi/lib/thumb/v7e-m+fp/hard/libc_nano.a(libc_a-impure.o)
 .ARM.attributes
                0x00000126       0x34 /opt/ST/STM32CubeCLT_1.17.0/GNU-tools-for-STM32/bin/../lib/gcc/arm-none-eabi/12.3.1/../../../../arm-none-eabi/lib/thumb/v7e-m+fp/hard/libc_nano.a(libc_a-init.o)
 .ARM.attributes
                0x0000015a       0x34 /opt/ST/STM32CubeCLT_1.17.0/GNU-tools-for-STM32/bin/../lib/gcc/arm-none-eabi/12.3.1/../../../../arm-none-eabi/lib/thumb/v7e-m+fp/hard/libc_nano.a(libc_a-lock.o)
 .ARM.attributes
                0x0000018e       0x34 /opt/ST/STM32CubeCLT_1.17.0/GNU-tools-for-STM32/bin/../lib/gcc/arm-none-eabi/12.3.1/../../../../arm-none-eabi/lib/thumb/v7e-m+fp/hard/libc_nano.a(libc_a-mallocr.o)
 .ARM.attributes
                0x000001c2       0x34 /opt/ST/STM32CubeCLT_1.17.0/GNU-tools-for-STM32/bin/../lib/gcc/arm-none-eabi/12.3.1/../../../../arm-none-eabi/lib/thumb/v7e-m+fp/hard/libc_nano.a(libc_a-fflush.o)
 .ARM.attributes
                0x000001f6       0x34 /opt/ST/STM32CubeCLT_1.17.0/GNU-tools-for-STM32/bin/../lib/gcc/arm-none-eabi/12.3.1/../../../../arm-none-eabi/lib/thumb/v7e-m+fp/hard/libc_nano.a(libc_a-mlock.o)
 .ARM.attributes
                0x0000022a       0x34 /opt/ST/STM32CubeCLT_1.17.0/GNU-tools-for-STM32/bin/../lib/gcc/arm-none-eabi/12.3.1/../../../../arm-none-eabi/lib/thumb/v7e-m+fp/hard/libc_nano.a(libc_a-stdio.o)
 .ARM.attributes
                0x0000025e       0x34 /opt/ST/STM32CubeCLT_1.17.0/GNU-tools-for-STM32/bin/../lib/gcc/arm-none-eabi/12.3.1/../../../../arm-none-eabi/lib/thumb/v7e-m+fp/hard/libc_nano.a(libc_a-closer.o)
 .ARM.attributes
                0x00000292       0x34 /opt/ST/STM32CubeCLT_1.17.0/GNU-tools-for-STM32/bin/../lib/gcc/arm-none-eabi/12.3.1/../../../../arm-none-eabi/lib/thumb/v7e-m+fp/hard/libc_nano.a(libc_a-reent.o)
 .ARM.attributes
                0x000002c6       0x34 /opt/ST/STM32CubeCLT_1.17.0/GNU-tools-for-STM32/bin/../lib/gcc/arm-none-eabi/12.3.1/../../../../arm-none-eabi/lib/thumb/v7e-m+fp/hard/libc_nano.a(libc_a-lseekr.o)
 .ARM.attributes
                0x000002fa       0x34 /opt/ST/STM32CubeCLT_1.17.0/GNU-tools-for-STM32/bin/../lib/gcc/arm-none-eabi/12.3.1/../../../../arm-none-eabi/lib/thumb/v7e-m+fp/hard/libc_nano.a(libc_a-readr.o)
 .ARM.attributes
                0x0000032e       0x34 /opt/ST/STM32CubeCLT_1.17.0/GNU-tools-for-STM32/bin/../lib/gcc/arm-none-eabi/12.3.1/../../../../arm-none-eabi/lib/thumb/v7e-m+fp/hard/libc_nano.a(libc_a-sbrkr.o)
 .ARM.attributes
                0x00000362       0x34 /opt/ST/STM32CubeCLT_1.17.0/GNU-tools-for-STM32/bin/../lib/gcc/arm-none-eabi/12.3.1/../../../../arm-none-eabi/lib/thumb/v7e-m+fp/hard/libc_nano.a(libc_a-writer.o)
 .ARM.attributes
                0x00000396       0x34 /opt/ST/STM32CubeCLT_1.17.0/GNU-tools-for-STM32/bin/../lib/gcc/arm-none-eabi/12.3.1/../../../../arm-none-eabi/lib/thumb/v7e-m+fp/hard/libc_nano.a(libc_a-freer.o)
 .ARM.attributes
                0x000003ca       0x34 CMakeFiles/touhou.dir/Core/Src/player.c.obj
 .ARM.attributes
                0x000003fe       0x34 CMakeFiles/touhou.dir/Core/Src/song1.c.obj
 .ARM.attributes
                0x00000432       0x34 CMakeFiles/touhou.dir/Core/Src/display.c.obj
 .ARM.attributes
                0x00000466       0x34 CMakeFiles/touhou.dir/Core/Src/frames.c.obj
 .ARM.attributes
                0x0000049a       0x34 CMakeFiles/touhou.dir/Core/Src/playerPosition.c.obj
 .ARM.attributes
                0x000004ce       0x34 CMakeFiles/touhou.dir/Core/Src/enemyBullets.c.obj
 .ARM.attributes
                0x00000502       0x34 CMakeFiles/touhou.dir/Core/Src/collision.c.obj
 .ARM.attributes
                0x00000536       0x34 CMakeFiles/touhou.dir/Core/Src/render.c.obj
 .ARM.attributes
                0x0000056a       0x34 CMakeFiles/touhou.dir/Core/Src/main.c.obj
 .ARM.attributes
                0x0000059e       0x34 CMakeFiles/touhou.dir/Core/Src/stm32f4xx_it.c.obj
 .ARM.attributes
                0x000005d2       0x34 CMakeFiles/touhou.dir/Core/Src/stm32f4xx_hal_msp.c.obj
 .ARM.attributes
                0x00000606       0x34 CMakeFiles/touhou.dir/Core/Src/stm32f4xx_hal_timebase_tim.c.obj
 .ARM.attributes
                0x0000063a       0x34 CMakeFiles/touhou.dir/Drivers/STM32F4xx_HAL_Driver/Src/stm32f4xx_hal_tim.c.obj
 .ARM.attributes
                0x0000066e       0x34 CMakeFiles/touhou.dir/Drivers/STM32F4xx_HAL_Driver/Src/stm32f4xx_hal_tim_ex.c.obj
 .ARM.attributes
                0x000006a2       0x34 CMakeFiles/touhou.dir/Drivers/STM32F4xx_HAL_Driver/Src/stm32f4xx_hal_adc.c.obj
 .ARM.attributes
                0x000006d6       0x34 CMakeFiles/touhou.dir/Drivers/STM32F4xx_HAL_Driver/Src/stm32f4xx_hal_adc_ex.c.obj
 .ARM.attributes
                0x0000070a       0x34 CMakeFiles/touhou.dir/Drivers/STM32F4xx_HAL_Driver/Src/stm32f4xx_hal_rcc.c.obj
 .ARM.attributes
                0x0000073e       0x34 CMakeFiles/touhou.dir/Drivers/STM32F4xx_HAL_Driver/Src/stm32f4xx_hal_gpio.c.obj
 .ARM.attributes
                0x00000772       0x34 CMakeFiles/touhou.dir/Drivers/STM32F4xx_HAL_Driver/Src/stm32f4xx_hal_dma.c.obj
 .ARM.attributes
                0x000007a6       0x34 CMakeFiles/touhou.dir/Drivers/STM32F4xx_HAL_Driver/Src/stm32f4xx_hal_cortex.c.obj
 .ARM.attributes
                0x000007da       0x34 CMakeFiles/touhou.dir/Drivers/STM32F4xx_HAL_Driver/Src/stm32f4xx_hal.c.obj
 .ARM.attributes
                0x0000080e       0x34 CMakeFiles/touhou.dir/Drivers/STM32F4xx_HAL_Driver/Src/stm32f4xx_hal_spi.c.obj
 .ARM.attributes
                0x00000842       0x34 CMakeFiles/touhou.dir/Drivers/STM32F4xx_HAL_Driver/Src/stm32f4xx_hal_uart.c.obj
 .ARM.attributes
                0x00000876       0x34 CMakeFiles/touhou.dir/Core/Src/system_stm32f4xx.c.obj
 .ARM.attributes
                0x000008aa       0x34 CMakeFiles/touhou.dir/Middlewares/Third_Party/FreeRTOS/Source/list.c.obj
 .ARM.attributes
                0x000008de       0x34 CMakeFiles/touhou.dir/Middlewares/Third_Party/FreeRTOS/Source/queue.c.obj
 .ARM.attributes
                0x00000912       0x34 CMakeFiles/touhou.dir/Middlewares/Third_Party/FreeRTOS/Source/tasks.c.obj
 .ARM.attributes
                0x00000946       0x34 CMakeFiles/touhou.dir/Middlewares/Third_Party/FreeRTOS/Source/timers.c.obj
 .ARM.attributes
                0x0000097a       0x34 CMakeFiles/touhou.dir/Middlewares/Third_Party/FreeRTOS/Source/CMSIS_RTOS_V2/cmsis_os2.c.obj
 .ARM.attributes
                0x000009ae       0x34 CMakeFiles/touhou.dir/Middlewares/Third_Party/FreeRTOS/Source/portable/MemMang/heap_4.c.obj
 .ARM.attributes
                0x000009e2       0x34 CMakeFiles/touhou.dir/Middlewares/Third_Party/FreeRTOS/Source/portable/GCC/ARM_CM4F/port.c.obj
 .ARM.attributes
                0x00000a16       0x34 CMakeFiles/touhou.dir/Core/Src/sysmem.c.obj
 .ARM.attributes
                0x00000a4a       0x34 CMakeFiles/touhou.dir/Core/Src/syscalls.c.obj
 .ARM.attributes
                0x00000a7e       0x21 CMakeFiles/touhou.dir/startup_stm32f401xe.s.obj
 .ARM.attributes
                0x00000a9f       0x22 /opt/ST/STM32CubeCLT_1.17.0/GNU-tools-for-STM32/bin/../lib/gcc/arm-none-eabi/12.3.1/thumb/v7e-m+fp/hard/libgcc.a(_arm_addsubdf3.o)
 .ARM.attributes
                0x00000ac1       0x22 /opt/ST/STM32CubeCLT_1.17.0/GNU-tools-for-STM32/bin/../lib/gcc/arm-none-eabi/12.3.1/thumb/v7e-m+fp/hard/libgcc.a(_arm_truncdfsf2.o)
 .ARM.attributes
                0x00000ae3       0x22 /opt/ST/STM32CubeCLT_1.17.0/GNU-tools-for-STM32/bin/../lib/gcc/arm-none-eabi/12.3.1/thumb/v7e-m+fp/hard/libgcc.a(_aeabi_uldivmod.o)
 .ARM.attributes
                0x00000b05       0x34 /opt/ST/STM32CubeCLT_1.17.0/GNU-tools-for-STM32/bin/../lib/gcc/arm-none-eabi/12.3.1/thumb/v7e-m+fp/hard/libgcc.a(_udivmoddi4.o)
 .ARM.attributes
                0x00000b39       0x22 /opt/ST/STM32CubeCLT_1.17.0/GNU-tools-for-STM32/bin/../lib/gcc/arm-none-eabi/12.3.1/thumb/v7e-m+fp/hard/libgcc.a(_dvmd_tls.o)
 .ARM.attributes
                0x00000b5b       0x34 /opt/ST/STM32CubeCLT_1.17.0/GNU-tools-for-STM32/bin/../lib/gcc/arm-none-eabi/12.3.1/../../../../arm-none-eabi/lib/thumb/v7e-m+fp/hard/libg_nano.a(libc_a-rand.o)
 .ARM.attributes
                0x00000b8f       0x34 /opt/ST/STM32CubeCLT_1.17.0/GNU-tools-for-STM32/bin/../lib/gcc/arm-none-eabi/12.3.1/../../../../arm-none-eabi/lib/thumb/v7e-m+fp/hard/libg_nano.a(libc_a-errno.o)
 .ARM.attributes
                0x00000bc3       0x34 /opt/ST/STM32CubeCLT_1.17.0/GNU-tools-for-STM32/bin/../lib/gcc/arm-none-eabi/12.3.1/../../../../arm-none-eabi/lib/thumb/v7e-m+fp/hard/libg_nano.a(libc_a-memcpy-stub.o)
 .ARM.attributes
                0x00000bf7       0x34 /opt/ST/STM32CubeCLT_1.17.0/GNU-tools-for-STM32/bin/../lib/gcc/arm-none-eabi/12.3.1/../../../../arm-none-eabi/lib/thumb/v7e-m+fp/hard/libg_nano.a(libc_a-assert.o)
 .ARM.attributes
                0x00000c2b       0x34 /opt/ST/STM32CubeCLT_1.17.0/GNU-tools-for-STM32/bin/../lib/gcc/arm-none-eabi/12.3.1/../../../../arm-none-eabi/lib/thumb/v7e-m+fp/hard/libg_nano.a(libc_a-malloc.o)
 .ARM.attributes
                0x00000c5f       0x34 /opt/ST/STM32CubeCLT_1.17.0/GNU-tools-for-STM32/bin/../lib/gcc/arm-none-eabi/12.3.1/../../../../arm-none-eabi/lib/thumb/v7e-m+fp/hard/libg_nano.a(libc_a-fprintf.o)
 .ARM.attributes
                0x00000c93       0x34 /opt/ST/STM32CubeCLT_1.17.0/GNU-tools-for-STM32/bin/../lib/gcc/arm-none-eabi/12.3.1/../../../../arm-none-eabi/lib/thumb/v7e-m+fp/hard/libg_nano.a(libc_a-abort.o)
 .ARM.attributes
                0x00000cc7       0x34 /opt/ST/STM32CubeCLT_1.17.0/GNU-tools-for-STM32/bin/../lib/gcc/arm-none-eabi/12.3.1/../../../../arm-none-eabi/lib/thumb/v7e-m+fp/hard/libg_nano.a(libc_a-nano-vfprintf.o)
 .ARM.attributes
                0x00000cfb       0x34 /opt/ST/STM32CubeCLT_1.17.0/GNU-tools-for-STM32/bin/../lib/gcc/arm-none-eabi/12.3.1/../../../../arm-none-eabi/lib/thumb/v7e-m+fp/hard/libg_nano.a(libc_a-nano-vfprintf_i.o)
 .ARM.attributes
                0x00000d2f       0x34 /opt/ST/STM32CubeCLT_1.17.0/GNU-tools-for-STM32/bin/../lib/gcc/arm-none-eabi/12.3.1/../../../../arm-none-eabi/lib/thumb/v7e-m+fp/hard/libg_nano.a(libc_a-wbuf.o)
 .ARM.attributes
                0x00000d63       0x34 /opt/ST/STM32CubeCLT_1.17.0/GNU-tools-for-STM32/bin/../lib/gcc/arm-none-eabi/12.3.1/../../../../arm-none-eabi/lib/thumb/v7e-m+fp/hard/libg_nano.a(libc_a-wsetup.o)
 .ARM.attributes
                0x00000d97       0x34 /opt/ST/STM32CubeCLT_1.17.0/GNU-tools-for-STM32/bin/../lib/gcc/arm-none-eabi/12.3.1/../../../../arm-none-eabi/lib/thumb/v7e-m+fp/hard/libg_nano.a(libc_a-makebuf.o)
 .ARM.attributes
                0x00000dcb       0x34 /opt/ST/STM32CubeCLT_1.17.0/GNU-tools-for-STM32/bin/../lib/gcc/arm-none-eabi/12.3.1/../../../../arm-none-eabi/lib/thumb/v7e-m+fp/hard/libg_nano.a(libc_a-fstatr.o)
 .ARM.attributes
                0x00000dff       0x34 /opt/ST/STM32CubeCLT_1.17.0/GNU-tools-for-STM32/bin/../lib/gcc/arm-none-eabi/12.3.1/../../../../arm-none-eabi/lib/thumb/v7e-m+fp/hard/libg_nano.a(libc_a-isattyr.o)
 .ARM.attributes
                0x00000e33       0x34 /opt/ST/STM32CubeCLT_1.17.0/GNU-tools-for-STM32/bin/../lib/gcc/arm-none-eabi/12.3.1/../../../../arm-none-eabi/lib/thumb/v7e-m+fp/hard/libg_nano.a(libc_a-signal.o)
 .ARM.attributes
                0x00000e67       0x34 /opt/ST/STM32CubeCLT_1.17.0/GNU-tools-for-STM32/bin/../lib/gcc/arm-none-eabi/12.3.1/../../../../arm-none-eabi/lib/thumb/v7e-m+fp/hard/libg_nano.a(libc_a-signalr.o)
 .ARM.attributes
                0x00000e9b       0x1c /opt/ST/STM32CubeCLT_1.17.0/GNU-tools-for-STM32/bin/../lib/gcc/arm-none-eabi/12.3.1/../../../../arm-none-eabi/lib/thumb/v7e-m+fp/hard/libg_nano.a(libc_a-memchr.o)
 .ARM.attributes
                0x00000eb7       0x22 /opt/ST/STM32CubeCLT_1.17.0/GNU-tools-for-STM32/bin/../lib/gcc/arm-none-eabi/12.3.1/thumb/v7e-m+fp/hard/crtn.o
 .ARM.attributes